Archive member included to satisfy reference by file (symbol)

/Users/rad/Dropbox/Research/sensing_board/CMSIS/Lib/GCC/libarm_cortexM4lf_math.a(arm_max_f32.o)
                              Src/board.o (arm_max_f32)
/Users/rad/Dropbox/Research/sensing_board/CMSIS/Lib/GCC/libarm_cortexM4lf_math.a(arm_cfft_radix4_init_f32.o)
                              Src/board.o (arm_cfft_radix4_init_f32)
/Users/rad/Dropbox/Research/sensing_board/CMSIS/Lib/GCC/libarm_cortexM4lf_math.a(arm_cfft_radix4_f32.o)
                              Src/board.o (arm_cfft_radix4_f32)
/Users/rad/Dropbox/Research/sensing_board/CMSIS/Lib/GCC/libarm_cortexM4lf_math.a(arm_fir_init_f32.o)
                              Src/board.o (arm_fir_init_f32)
/Users/rad/Dropbox/Research/sensing_board/CMSIS/Lib/GCC/libarm_cortexM4lf_math.a(arm_fir_f32.o)
                              Src/board.o (arm_fir_f32)
/Users/rad/Dropbox/Research/sensing_board/CMSIS/Lib/GCC/libarm_cortexM4lf_math.a(arm_cmplx_mag_f32.o)
                              Src/board.o (arm_cmplx_mag_f32)
/Users/rad/Dropbox/Research/sensing_board/CMSIS/Lib/GCC/libarm_cortexM4lf_math.a(arm_common_tables.o)
                              /Users/rad/Dropbox/Research/sensing_board/CMSIS/Lib/GCC/libarm_cortexM4lf_math.a(arm_cfft_radix4_init_f32.o) (twiddleCoef_4096)
/Users/rad/Dropbox/Research/sensing_board/CMSIS/Lib/GCC/libarm_cortexM4lf_math.a(arm_bitreversal.o)
                              /Users/rad/Dropbox/Research/sensing_board/CMSIS/Lib/GCC/libarm_cortexM4lf_math.a(arm_cfft_radix4_f32.o) (arm_bitreversal_f32)
/Users/rad/.p2/pool/plugins/fr.ac6.mcu.externaltools.arm-none.macos64_1.16.0.201807130628/tools/compiler/bin/../lib/gcc/arm-none-eabi/7.2.1/../../../../arm-none-eabi/lib/thumb/v7e-m/fpv4-sp/hard/libm.a(lib_a-wf_sqrt.o)
                              /Users/rad/Dropbox/Research/sensing_board/CMSIS/Lib/GCC/libarm_cortexM4lf_math.a(arm_cmplx_mag_f32.o) (sqrtf)
/Users/rad/.p2/pool/plugins/fr.ac6.mcu.externaltools.arm-none.macos64_1.16.0.201807130628/tools/compiler/bin/../lib/gcc/arm-none-eabi/7.2.1/../../../../arm-none-eabi/lib/thumb/v7e-m/fpv4-sp/hard/libm.a(lib_a-ef_sqrt.o)
                              /Users/rad/.p2/pool/plugins/fr.ac6.mcu.externaltools.arm-none.macos64_1.16.0.201807130628/tools/compiler/bin/../lib/gcc/arm-none-eabi/7.2.1/../../../../arm-none-eabi/lib/thumb/v7e-m/fpv4-sp/hard/libm.a(lib_a-wf_sqrt.o) (__ieee754_sqrtf)
/Users/rad/.p2/pool/plugins/fr.ac6.mcu.externaltools.arm-none.macos64_1.16.0.201807130628/tools/compiler/bin/../lib/gcc/arm-none-eabi/7.2.1/../../../../arm-none-eabi/lib/thumb/v7e-m/fpv4-sp/hard/libm.a(lib_a-s_lib_ver.o)
                              /Users/rad/.p2/pool/plugins/fr.ac6.mcu.externaltools.arm-none.macos64_1.16.0.201807130628/tools/compiler/bin/../lib/gcc/arm-none-eabi/7.2.1/../../../../arm-none-eabi/lib/thumb/v7e-m/fpv4-sp/hard/libm.a(lib_a-wf_sqrt.o) (__fdlib_version)
/Users/rad/.p2/pool/plugins/fr.ac6.mcu.externaltools.arm-none.macos64_1.16.0.201807130628/tools/compiler/bin/../lib/gcc/arm-none-eabi/7.2.1/../../../../arm-none-eabi/lib/thumb/v7e-m/fpv4-sp/hard/libm.a(lib_a-s_matherr.o)
                              /Users/rad/.p2/pool/plugins/fr.ac6.mcu.externaltools.arm-none.macos64_1.16.0.201807130628/tools/compiler/bin/../lib/gcc/arm-none-eabi/7.2.1/../../../../arm-none-eabi/lib/thumb/v7e-m/fpv4-sp/hard/libm.a(lib_a-wf_sqrt.o) (matherr)
/Users/rad/.p2/pool/plugins/fr.ac6.mcu.externaltools.arm-none.macos64_1.16.0.201807130628/tools/compiler/bin/../lib/gcc/arm-none-eabi/7.2.1/thumb/v7e-m/fpv4-sp/hard/libgcc.a(_arm_addsubdf3.o)
                              Src/main.o (__aeabi_dsub)
/Users/rad/.p2/pool/plugins/fr.ac6.mcu.externaltools.arm-none.macos64_1.16.0.201807130628/tools/compiler/bin/../lib/gcc/arm-none-eabi/7.2.1/thumb/v7e-m/fpv4-sp/hard/libgcc.a(_arm_muldivdf3.o)
                              Src/main.o (__aeabi_dmul)
/Users/rad/.p2/pool/plugins/fr.ac6.mcu.externaltools.arm-none.macos64_1.16.0.201807130628/tools/compiler/bin/../lib/gcc/arm-none-eabi/7.2.1/thumb/v7e-m/fpv4-sp/hard/libgcc.a(_arm_truncdfsf2.o)
                              Src/main.o (__aeabi_d2f)
/Users/rad/.p2/pool/plugins/fr.ac6.mcu.externaltools.arm-none.macos64_1.16.0.201807130628/tools/compiler/bin/../lib/gcc/arm-none-eabi/7.2.1/thumb/v7e-m/fpv4-sp/hard/libgcc.a(_aeabi_uldivmod.o)
                              Drivers/STM32F4xx_HAL_Driver/Src/stm32f4xx_hal_rcc.o (__aeabi_uldivmod)
/Users/rad/.p2/pool/plugins/fr.ac6.mcu.externaltools.arm-none.macos64_1.16.0.201807130628/tools/compiler/bin/../lib/gcc/arm-none-eabi/7.2.1/thumb/v7e-m/fpv4-sp/hard/libgcc.a(_udivmoddi4.o)
                              /Users/rad/.p2/pool/plugins/fr.ac6.mcu.externaltools.arm-none.macos64_1.16.0.201807130628/tools/compiler/bin/../lib/gcc/arm-none-eabi/7.2.1/thumb/v7e-m/fpv4-sp/hard/libgcc.a(_aeabi_uldivmod.o) (__udivmoddi4)
[...]
Memory Configuration

Name             Origin             Length             Attributes
RAM              0x0000000020000000 0x0000000000020000 xrw
FLASH            0x0000000008000000 0x0000000000080000 xr
*default*        0x0000000000000000 0xffffffffffffffff

Linker script and memory map

LOAD /Users/rad/.p2/pool/plugins/fr.ac6.mcu.externaltools.arm-none.macos64_1.16.0.201807130628/tools/compiler/bin/../lib/gcc/arm-none-eabi/7.2.1/thumb/v7e-m/fpv4-sp/hard/crti.o
LOAD /Users/rad/.p2/pool/plugins/fr.ac6.mcu.externaltools.arm-none.macos64_1.16.0.201807130628/tools/compiler/bin/../lib/gcc/arm-none-eabi/7.2.1/thumb/v7e-m/fpv4-sp/hard/crtbegin.o
LOAD /Users/rad/.p2/pool/plugins/fr.ac6.mcu.externaltools.arm-none.macos64_1.16.0.201807130628/tools/compiler/bin/../lib/gcc/arm-none-eabi/7.2.1/../../../../arm-none-eabi/lib/thumb/v7e-m/fpv4-sp/hard/crt0.o
LOAD Drivers/STM32F4xx_HAL_Driver/Src/stm32f4xx_hal.o
LOAD Drivers/STM32F4xx_HAL_Driver/Src/stm32f4xx_hal_adc.o
LOAD Drivers/STM32F4xx_HAL_Driver/Src/stm32f4xx_hal_adc_ex.o
LOAD Drivers/STM32F4xx_HAL_Driver/Src/stm32f4xx_hal_cortex.o
LOAD Drivers/STM32F4xx_HAL_Driver/Src/stm32f4xx_hal_dma.o
LOAD Drivers/STM32F4xx_HAL_Driver/Src/stm32f4xx_hal_dma_ex.o
LOAD Drivers/STM32F4xx_HAL_Driver/Src/stm32f4xx_hal_flash.o
LOAD Drivers/STM32F4xx_HAL_Driver/Src/stm32f4xx_hal_flash_ex.o
LOAD Drivers/STM32F4xx_HAL_Driver/Src/stm32f4xx_hal_flash_ramfunc.o
LOAD Drivers/STM32F4xx_HAL_Driver/Src/stm32f4xx_hal_gpio.o
LOAD Drivers/STM32F4xx_HAL_Driver/Src/stm32f4xx_hal_i2c.o
LOAD Drivers/STM32F4xx_HAL_Driver/Src/stm32f4xx_hal_i2c_ex.o
LOAD Drivers/STM32F4xx_HAL_Driver/Src/stm32f4xx_hal_pwr.o
LOAD Drivers/STM32F4xx_HAL_Driver/Src/stm32f4xx_hal_pwr_ex.o
LOAD Drivers/STM32F4xx_HAL_Driver/Src/stm32f4xx_hal_rcc.o
LOAD Drivers/STM32F4xx_HAL_Driver/Src/stm32f4xx_hal_rcc_ex.o
LOAD Drivers/STM32F4xx_HAL_Driver/Src/stm32f4xx_hal_spi.o
LOAD Drivers/STM32F4xx_HAL_Driver/Src/stm32f4xx_hal_tim.o
LOAD Drivers/STM32F4xx_HAL_Driver/Src/stm32f4xx_hal_tim_ex.o
LOAD Drivers/STM32F4xx_HAL_Driver/Src/stm32f4xx_hal_uart.o
LOAD Src/board.o
LOAD Src/main.o
LOAD Src/stm32f4xx_hal_msp.o
LOAD Src/stm32f4xx_it.o
LOAD Src/sx1272.o
LOAD Src/syscalls.o
LOAD Src/system_stm32f4xx.o
LOAD startup/startup_stm32f446xx.o
LOAD /Users/rad/Dropbox/Research/sensing_board/CMSIS/Lib/GCC/libarm_cortexM4lf_math.a
LOAD /Users/rad/.p2/pool/plugins/fr.ac6.mcu.externaltools.arm-none.macos64_1.16.0.201807130628/tools/compiler/bin/../lib/gcc/arm-none-eabi/7.2.1/../../../../arm-none-eabi/lib/thumb/v7e-m/fpv4-sp/hard/libm.a
START GROUP
LOAD /Users/rad/.p2/pool/plugins/fr.ac6.mcu.externaltools.arm-none.macos64_1.16.0.201807130628/tools/compiler/bin/../lib/gcc/arm-none-eabi/7.2.1/thumb/v7e-m/fpv4-sp/hard/libgcc.a
LOAD /Users/rad/.p2/pool/plugins/fr.ac6.mcu.externaltools.arm-none.macos64_1.16.0.201807130628/tools/compiler/bin/../lib/gcc/arm-none-eabi/7.2.1/../../../../arm-none-eabi/lib/thumb/v7e-m/fpv4-sp/hard/libc.a
END GROUP
LOAD /Users/rad/.p2/pool/plugins/fr.ac6.mcu.externaltools.arm-none.macos64_1.16.0.201807130628/tools/compiler/bin/../lib/gcc/arm-none-eabi/7.2.1/thumb/v7e-m/fpv4-sp/hard/crtend.o
LOAD /Users/rad/.p2/pool/plugins/fr.ac6.mcu.externaltools.arm-none.macos64_1.16.0.201807130628/tools/compiler/bin/../lib/gcc/arm-none-eabi/7.2.1/thumb/v7e-m/fpv4-sp/hard/crtn.o
                0x0000000020020000                _estack = 0x20020000
                0x0000000000000200                _Min_Heap_Size = 0x200
                0x0000000000000400                _Min_Stack_Size = 0x400

.isr_vector     0x0000000008000000      0x1c4
                0x0000000008000000                . = ALIGN (0x4)
 *(.isr_vector)
 .isr_vector    0x0000000008000000      0x1c4 startup/startup_stm32f446xx.o
                0x0000000008000000                g_pfnVectors
                0x00000000080001c4                . = ALIGN (0x4)

.text           0x0000000008000200     0x956c
                0x0000000008000200                . = ALIGN (0x4)
 *(.text)
 .text          0x0000000008000200       0x40 /Users/rad/.p2/pool/plugins/fr.ac6.mcu.externaltools.arm-none.macos64_1.16.0.201807130628/tools/compiler/bin/../lib/gcc/arm-none-eabi/7.2.1/thumb/v7e-m/fpv4-sp/hard/crtbegin.o
 .text          0x0000000008000240      0x378 /Users/rad/.p2/pool/plugins/fr.ac6.mcu.externaltools.arm-none.macos64_1.16.0.201807130628/tools/compiler/bin/../lib/gcc/arm-none-eabi/7.2.1/thumb/v7e-m/fpv4-sp/hard/libgcc.a(_arm_addsubdf3.o)
                0x0000000008000240                __aeabi_drsub
                0x0000000008000248                __subdf3
                0x0000000008000248                __aeabi_dsub
                0x000000000800024c                __aeabi_dadd
                0x000000000800024c                __adddf3
                0x00000000080004c4                __aeabi_ui2d
                0x00000000080004c4                __floatunsidf
                0x00000000080004e4                __floatsidf
                0x00000000080004e4                __aeabi_i2d
                0x0000000008000508                __extendsfdf2
                0x0000000008000508                __aeabi_f2d
                0x000000000800054c                __aeabi_ul2d
                0x000000000800054c                __floatundidf
                0x000000000800055c                __aeabi_l2d
                0x000000000800055c                __floatdidf
 .text          0x00000000080005b8      0x424 /Users/rad/.p2/pool/plugins/fr.ac6.mcu.externaltools.arm-none.macos64_1.16.0.201807130628/tools/compiler/bin/../lib/gcc/arm-none-eabi/7.2.1/thumb/v7e-m/fpv4-sp/hard/libgcc.a(_arm_muldivdf3.o)
                0x00000000080005b8                __aeabi_dmul
                0x00000000080005b8                __muldf3
                0x000000000800080c                __aeabi_ddiv
                0x000000000800080c                __divdf3
 .text          0x00000000080009dc       0xa0 /Users/rad/.p2/pool/plugins/fr.ac6.mcu.externaltools.arm-none.macos64_1.16.0.201807130628/tools/compiler/bin/../lib/gcc/arm-none-eabi/7.2.1/thumb/v7e-m/fpv4-sp/hard/libgcc.a(_arm_truncdfsf2.o)
                0x00000000080009dc                __aeabi_d2f
                0x00000000080009dc                __truncdfsf2
 .text          0x0000000008000a7c       0x30 /Users/rad/.p2/pool/plugins/fr.ac6.mcu.externaltools.arm-none.macos64_1.16.0.201807130628/tools/compiler/bin/../lib/gcc/arm-none-eabi/7.2.1/thumb/v7e-m/fpv4-sp/hard/libgcc.a(_aeabi_uldivmod.o)
                0x0000000008000a7c                __aeabi_uldivmod
 .text          0x0000000008000aac      0x2cc /Users/rad/.p2/pool/plugins/fr.ac6.mcu.externaltools.arm-none.macos64_1.16.0.201807130628/tools/compiler/bin/../lib/gcc/arm-none-eabi/7.2.1/thumb/v7e-m/fpv4-sp/hard/libgcc.a(_udivmoddi4.o)
                0x0000000008000aac                __udivmoddi4
 .text          0x0000000008000d78        0x4 /Users/rad/.p2/pool/plugins/fr.ac6.mcu.externaltools.arm-none.macos64_1.16.0.201807130628/tools/compiler/bin/../lib/gcc/arm-none-eabi/7.2.1/thumb/v7e-m/fpv4-sp/hard/libgcc.a(_dvmd_tls.o)
                0x0000000008000d78                __aeabi_ldiv0
                0x0000000008000d78                __aeabi_idiv0
 *fill*         0x0000000008000d7c        0x4 
 .text          0x0000000008000d80       0xdc /Users/rad/.p2/pool/plugins/fr.ac6.mcu.externaltools.arm-none.macos64_1.16.0.201807130628/tools/compiler/bin/../lib/gcc/arm-none-eabi/7.2.1/../../../../arm-none-eabi/lib/thumb/v7e-m/fpv4-sp/hard/libc.a(lib_a-strlen.o)
                0x0000000008000d80                strlen
 *fill*         0x0000000008000e5c        0x4 
 .text          0x0000000008000e60       0xa0 /Users/rad/.p2/pool/plugins/fr.ac6.mcu.externaltools.arm-none.macos64_1.16.0.201807130628/tools/compiler/bin/../lib/gcc/arm-none-eabi/7.2.1/../../../../arm-none-eabi/lib/thumb/v7e-m/fpv4-sp/hard/libc.a(lib_a-memchr.o)
                0x0000000008000e60                memchr
 .text          0x0000000008000f00      0x134 /Users/rad/.p2/pool/plugins/fr.ac6.mcu.externaltools.arm-none.macos64_1.16.0.201807130628/tools/compiler/bin/../lib/gcc/arm-none-eabi/7.2.1/../../../../arm-none-eabi/lib/thumb/v7e-m/fpv4-sp/hard/libc.a(lib_a-memcpy.o)
                0x0000000008000f00                memcpy
 .text          0x0000000008001034      0x110 /Users/rad/.p2/pool/plugins/fr.ac6.mcu.externaltools.arm-none.macos64_1.16.0.201807130628/tools/compiler/bin/../lib/gcc/arm-none-eabi/7.2.1/thumb/v7e-m/fpv4-sp/hard/libgcc.a(_arm_cmpdf2.o)
                0x0000000008001034                __gedf2
                0x0000000008001034                __gtdf2
                0x000000000800103c                __ledf2
                0x000000000800103c                __ltdf2
                0x0000000008001044                __cmpdf2
                0x0000000008001044                __eqdf2
                0x0000000008001044                __nedf2
                0x00000000080010c0                __aeabi_cdrcmple
                0x00000000080010d0                __aeabi_cdcmple
                0x00000000080010d0                __aeabi_cdcmpeq
                0x00000000080010e0                __aeabi_dcmpeq
                0x00000000080010f4                __aeabi_dcmplt
                0x0000000008001108                __aeabi_dcmple
                0x000000000800111c                __aeabi_dcmpge
                0x0000000008001130                __aeabi_dcmpgt
 .text          0x0000000008001144       0x2c /Users/rad/.p2/pool/plugins/fr.ac6.mcu.externaltools.arm-none.macos64_1.16.0.201807130628/tools/compiler/bin/../lib/gcc/arm-none-eabi/7.2.1/thumb/v7e-m/fpv4-sp/hard/libgcc.a(_arm_unorddf2.o)
                0x0000000008001144                __aeabi_dcmpun
                0x0000000008001144                __unorddf2
 .text          0x0000000008001170       0x50 /Users/rad/.p2/pool/plugins/fr.ac6.mcu.externaltools.arm-none.macos64_1.16.0.201807130628/tools/compiler/bin/../lib/gcc/arm-none-eabi/7.2.1/thumb/v7e-m/fpv4-sp/hard/libgcc.a(_arm_fixdfsi.o)
                0x0000000008001170                __fixdfsi
                0x0000000008001170                __aeabi_d2iz
 *(.text*)
 .text.HAL_InitTick
                0x00000000080011c0       0x48 Drivers/STM32F4xx_HAL_Driver/Src/stm32f4xx_hal.o
                0x00000000080011c0                HAL_InitTick
 .text.HAL_Init
                0x0000000008001208       0x34 Drivers/STM32F4xx_HAL_Driver/Src/stm32f4xx_hal.o
                0x0000000008001208                HAL_Init
 .text.HAL_IncTick
                0x000000000800123c       0x18 Drivers/STM32F4xx_HAL_Driver/Src/stm32f4xx_hal.o
                0x000000000800123c                HAL_IncTick
 .text.HAL_GetTick
                0x0000000008001254        0xc Drivers/STM32F4xx_HAL_Driver/Src/stm32f4xx_hal.o
                0x0000000008001254                HAL_GetTick
 .text.ADC_Init
                0x0000000008001260      0x130 Drivers/STM32F4xx_HAL_Driver/Src/stm32f4xx_hal_adc.o
 .text.HAL_ADC_Init
                0x0000000008001390       0x54 Drivers/STM32F4xx_HAL_Driver/Src/stm32f4xx_hal_adc.o
                0x0000000008001390                HAL_ADC_Init
 .text.HAL_ADC_Start
                0x00000000080013e4       0xf8 Drivers/STM32F4xx_HAL_Driver/Src/stm32f4xx_hal_adc.o
                0x00000000080013e4                HAL_ADC_Start
 .text.HAL_ADC_PollForConversion
                0x00000000080014dc       0xb6 Drivers/STM32F4xx_HAL_Driver/Src/stm32f4xx_hal_adc.o
                0x00000000080014dc                HAL_ADC_PollForConversion
 .text.HAL_ADC_GetValue
                0x0000000008001592        0x6 Drivers/STM32F4xx_HAL_Driver/Src/stm32f4xx_hal_adc.o
                0x0000000008001592                HAL_ADC_GetValue
 .text.HAL_ADC_ConfigChannel
                0x0000000008001598      0x194 Drivers/STM32F4xx_HAL_Driver/Src/stm32f4xx_hal_adc.o
                0x0000000008001598                HAL_ADC_ConfigChannel
 .text.HAL_NVIC_SetPriorityGrouping
                0x000000000800172c       0x24 Drivers/STM32F4xx_HAL_Driver/Src/stm32f4xx_hal_cortex.o
                0x000000000800172c                HAL_NVIC_SetPriorityGrouping
 .text.HAL_NVIC_SetPriority
                0x0000000008001750       0x68 Drivers/STM32F4xx_HAL_Driver/Src/stm32f4xx_hal_cortex.o
                0x0000000008001750                HAL_NVIC_SetPriority
 .text.HAL_NVIC_EnableIRQ
                0x00000000080017b8       0x18 Drivers/STM32F4xx_HAL_Driver/Src/stm32f4xx_hal_cortex.o
                0x00000000080017b8                HAL_NVIC_EnableIRQ
 .text.HAL_NVIC_DisableIRQ
                0x00000000080017d0       0x18 Drivers/STM32F4xx_HAL_Driver/Src/stm32f4xx_hal_cortex.o
                0x00000000080017d0                HAL_NVIC_DisableIRQ
 .text.HAL_SYSTICK_Config
                0x00000000080017e8       0x2c Drivers/STM32F4xx_HAL_Driver/Src/stm32f4xx_hal_cortex.o
                0x00000000080017e8                HAL_SYSTICK_Config
 .text.HAL_GPIO_Init
                0x0000000008001814      0x1bc Drivers/STM32F4xx_HAL_Driver/Src/stm32f4xx_hal_gpio.o
                0x0000000008001814                HAL_GPIO_Init
 .text.HAL_GPIO_WritePin
                0x00000000080019d0        0xc Drivers/STM32F4xx_HAL_Driver/Src/stm32f4xx_hal_gpio.o
                0x00000000080019d0                HAL_GPIO_WritePin
 .text.HAL_GPIO_TogglePin
                0x00000000080019dc        0x8 Drivers/STM32F4xx_HAL_Driver/Src/stm32f4xx_hal_gpio.o
                0x00000000080019dc                HAL_GPIO_TogglePin
 .text.HAL_GPIO_EXTI_IRQHandler
                0x00000000080019e4       0x1c Drivers/STM32F4xx_HAL_Driver/Src/stm32f4xx_hal_gpio.o
                0x00000000080019e4                HAL_GPIO_EXTI_IRQHandler
 .text.I2C_IsAcknowledgeFailed
                0x0000000008001a00       0x2a Drivers/STM32F4xx_HAL_Driver/Src/stm32f4xx_hal_i2c.o
 .text.I2C_WaitOnFlagUntilTimeout
                0x0000000008001a2a       0x68 Drivers/STM32F4xx_HAL_Driver/Src/stm32f4xx_hal_i2c.o
 .text.I2C_WaitOnMasterAddressFlagUntilTimeout
                0x0000000008001a92       0x90 Drivers/STM32F4xx_HAL_Driver/Src/stm32f4xx_hal_i2c.o
 .text.I2C_WaitOnTXEFlagUntilTimeout
                0x0000000008001b22       0x4e Drivers/STM32F4xx_HAL_Driver/Src/stm32f4xx_hal_i2c.o
 .text.I2C_RequestMemoryRead
                0x0000000008001b70      0x148 Drivers/STM32F4xx_HAL_Driver/Src/stm32f4xx_hal_i2c.o
 .text.I2C_WaitOnRXNEFlagUntilTimeout
                0x0000000008001cb8       0x5c Drivers/STM32F4xx_HAL_Driver/Src/stm32f4xx_hal_i2c.o
 .text.HAL_I2C_Init
                0x0000000008001d14      0x11c Drivers/STM32F4xx_HAL_Driver/Src/stm32f4xx_hal_i2c.o
                0x0000000008001d14                HAL_I2C_Init
 .text.HAL_I2C_Mem_Read
                0x0000000008001e30      0x2e8 Drivers/STM32F4xx_HAL_Driver/Src/stm32f4xx_hal_i2c.o
                0x0000000008001e30                HAL_I2C_Mem_Read
 .text.HAL_RCC_ClockConfig
                0x0000000008002118      0x158 Drivers/STM32F4xx_HAL_Driver/Src/stm32f4xx_hal_rcc.o
                0x0000000008002118                HAL_RCC_ClockConfig
 .text.HAL_RCC_GetHCLKFreq
                0x0000000008002270        0xc Drivers/STM32F4xx_HAL_Driver/Src/stm32f4xx_hal_rcc.o
                0x0000000008002270                HAL_RCC_GetHCLKFreq
 .text.HAL_RCC_GetPCLK1Freq
                0x000000000800227c       0x20 Drivers/STM32F4xx_HAL_Driver/Src/stm32f4xx_hal_rcc.o
                0x000000000800227c                HAL_RCC_GetPCLK1Freq
 .text.HAL_RCC_GetPCLK2Freq
                0x000000000800229c       0x20 Drivers/STM32F4xx_HAL_Driver/Src/stm32f4xx_hal_rcc.o
                0x000000000800229c                HAL_RCC_GetPCLK2Freq
 .text.HAL_RCC_GetSysClockFreq
                0x00000000080022bc      0x124 Drivers/STM32F4xx_HAL_Driver/Src/stm32f4xx_hal_rcc_ex.o
                0x00000000080022bc                HAL_RCC_GetSysClockFreq
 .text.HAL_RCC_OscConfig
                0x00000000080023e0      0x3c4 Drivers/STM32F4xx_HAL_Driver/Src/stm32f4xx_hal_rcc_ex.o
                0x00000000080023e0                HAL_RCC_OscConfig
 .text.HAL_SPI_Init
                0x00000000080027a4       0x80 Drivers/STM32F4xx_HAL_Driver/Src/stm32f4xx_hal_spi.o
                0x00000000080027a4                HAL_SPI_Init
 .text.TIM_TI1_ConfigInputStage
                0x0000000008002824       0x26 Drivers/STM32F4xx_HAL_Driver/Src/stm32f4xx_hal_tim.o
 .text.TIM_TI2_ConfigInputStage
                0x000000000800284a       0x28 Drivers/STM32F4xx_HAL_Driver/Src/stm32f4xx_hal_tim.o
 .text.TIM_ITRx_SetConfig
                0x0000000008002872       0x10 Drivers/STM32F4xx_HAL_Driver/Src/stm32f4xx_hal_tim.o
 .text.TIM_ETR_SetConfig
                0x0000000008002882       0x18 Drivers/STM32F4xx_HAL_Driver/Src/stm32f4xx_hal_tim.o
 .text.HAL_TIM_Base_DeInit
                0x000000000800289a       0x3a Drivers/STM32F4xx_HAL_Driver/Src/stm32f4xx_hal_tim.o
                0x000000000800289a                HAL_TIM_Base_DeInit
 .text.HAL_TIM_Base_Start_IT
                0x00000000080028d4       0x18 Drivers/STM32F4xx_HAL_Driver/Src/stm32f4xx_hal_tim.o
                0x00000000080028d4                HAL_TIM_Base_Start_IT
 .text.HAL_TIM_ConfigClockSource
                0x00000000080028ec      0x108 Drivers/STM32F4xx_HAL_Driver/Src/stm32f4xx_hal_tim.o
                0x00000000080028ec                HAL_TIM_ConfigClockSource
 .text.HAL_TIM_OC_DelayElapsedCallback
                0x00000000080029f4        0x2 Drivers/STM32F4xx_HAL_Driver/Src/stm32f4xx_hal_tim.o
                0x00000000080029f4                HAL_TIM_OC_DelayElapsedCallback
 .text.HAL_TIM_IC_CaptureCallback
                0x00000000080029f6        0x2 Drivers/STM32F4xx_HAL_Driver/Src/stm32f4xx_hal_tim.o
                0x00000000080029f6                HAL_TIM_IC_CaptureCallback
 .text.HAL_TIM_PWM_PulseFinishedCallback
                0x00000000080029f8        0x2 Drivers/STM32F4xx_HAL_Driver/Src/stm32f4xx_hal_tim.o
                0x00000000080029f8                HAL_TIM_PWM_PulseFinishedCallback
 .text.HAL_TIM_TriggerCallback
                0x00000000080029fa        0x2 Drivers/STM32F4xx_HAL_Driver/Src/stm32f4xx_hal_tim.o
                0x00000000080029fa                HAL_TIM_TriggerCallback
 .text.HAL_TIM_IRQHandler
                0x00000000080029fc      0x17a Drivers/STM32F4xx_HAL_Driver/Src/stm32f4xx_hal_tim.o
                0x00000000080029fc                HAL_TIM_IRQHandler
 *fill*         0x0000000008002b76        0x2 
 .text.TIM_Base_SetConfig
                0x0000000008002b78       0xc0 Drivers/STM32F4xx_HAL_Driver/Src/stm32f4xx_hal_tim.o
                0x0000000008002b78                TIM_Base_SetConfig
 .text.HAL_TIM_Base_Init
                0x0000000008002c38       0x32 Drivers/STM32F4xx_HAL_Driver/Src/stm32f4xx_hal_tim.o
                0x0000000008002c38                HAL_TIM_Base_Init
 .text.HAL_TIMEx_MasterConfigSynchronization
                0x0000000008002c6a       0x52 Drivers/STM32F4xx_HAL_Driver/Src/stm32f4xx_hal_tim_ex.o
                0x0000000008002c6a                HAL_TIMEx_MasterConfigSynchronization
 .text.HAL_TIMEx_CommutationCallback
                0x0000000008002cbc        0x2 Drivers/STM32F4xx_HAL_Driver/Src/stm32f4xx_hal_tim_ex.o
                0x0000000008002cbc                HAL_TIMEx_CommutationCallback
 .text.HAL_TIMEx_BreakCallback
                0x0000000008002cbe        0x2 Drivers/STM32F4xx_HAL_Driver/Src/stm32f4xx_hal_tim_ex.o
                0x0000000008002cbe                HAL_TIMEx_BreakCallback
 .text.UART_SetConfig
                0x0000000008002cc0      0x334 Drivers/STM32F4xx_HAL_Driver/Src/stm32f4xx_hal_uart.o
 .text.UART_WaitOnFlagUntilTimeout
                0x0000000008002ff4       0x62 Drivers/STM32F4xx_HAL_Driver/Src/stm32f4xx_hal_uart.o
 .text.HAL_UART_Init
                0x0000000008003056       0x5e Drivers/STM32F4xx_HAL_Driver/Src/stm32f4xx_hal_uart.o
                0x0000000008003056                HAL_UART_Init
 .text.HAL_UART_Transmit
                0x00000000080030b4       0xe0 Drivers/STM32F4xx_HAL_Driver/Src/stm32f4xx_hal_uart.o
                0x00000000080030b4                HAL_UART_Transmit
 .text.HAL_UART_Receive
                0x0000000008003194       0xe4 Drivers/STM32F4xx_HAL_Driver/Src/stm32f4xx_hal_uart.o
                0x0000000008003194                HAL_UART_Receive
 .text.SystemClock_Config
                0x0000000008003278       0x98 Src/board.o
 .text.BRD_led_init
                0x0000000008003310       0x40 Src/board.o
                0x0000000008003310                BRD_led_init
 .text.BRD_led_toggle
                0x0000000008003350       0x10 Src/board.o
                0x0000000008003350                BRD_led_toggle
 .text.BRD_push_button_init
                0x0000000008003360       0x54 Src/board.o
                0x0000000008003360                BRD_push_button_init
 .text.BRD_button_pushed
                0x00000000080033b4       0x10 Src/board.o
                0x00000000080033b4                BRD_button_pushed
 .text.BRD_button_unpush
                0x00000000080033c4        0xc Src/board.o
                0x00000000080033c4                BRD_button_unpush
 .text.HAL_GPIO_EXTI_Callback
                0x00000000080033d0       0x44 Src/board.o
                0x00000000080033d0                HAL_GPIO_EXTI_Callback
 .text.EXTI15_10_IRQHandler
                0x0000000008003414        0xc Src/board.o
                0x0000000008003414                EXTI15_10_IRQHandler
 .text.ADC1_Init
                0x0000000008003420       0xa0 Src/board.o
                0x0000000008003420                ADC1_Init
 .text.ADC_get  0x00000000080034c0       0x2c Src/board.o
                0x00000000080034c0                ADC_get
 .text.ADC_fill_buffer
                0x00000000080034ec       0x14 Src/board.o
                0x00000000080034ec                ADC_fill_buffer
 .text.ADC_get_buffer
                0x0000000008003500        0xc Src/board.o
                0x0000000008003500                ADC_get_buffer
 .text.BRD_debuguart_init
                0x000000000800350c       0x7c Src/board.o
                0x000000000800350c                BRD_debuguart_init
 .text.BRD_init
                0x0000000008003588       0x14 Src/board.o
                0x0000000008003588                BRD_init
 .text.BRD_debuguart_putc
                0x000000000800359c       0x20 Src/board.o
                0x000000000800359c                BRD_debuguart_putc
 .text.BRD_debuguart_getc
                0x00000000080035bc       0x28 Src/board.o
                0x00000000080035bc                BRD_debuguart_getc
 .text.TIM2_Init
                0x00000000080035e4       0x84 Src/board.o
                0x00000000080035e4                TIM2_Init
 .text.TIM2_Deinit
                0x0000000008003668       0x10 Src/board.o
                0x0000000008003668                TIM2_Deinit
 .text.BRD_delay
                0x0000000008003678       0x14 Src/board.o
                0x0000000008003678                BRD_delay
 .text.vibe_filter
                0x000000000800368c       0x84 Src/board.o
                0x000000000800368c                vibe_filter
 .text.vibe_fft
                0x0000000008003710       0xb4 Src/board.o
                0x0000000008003710                vibe_fft
 .text.__io_putchar
                0x00000000080037c4        0xe Src/board.o
                0x00000000080037c4                __io_putchar
 .text.__io_getchar
                0x00000000080037d2        0x8 Src/board.o
                0x00000000080037d2                __io_getchar
 .text.debug_printf
                0x00000000080037da       0x1c Src/board.o
                0x00000000080037da                debug_printf
 *fill*         0x00000000080037f6        0x2 
 .text.MX_GPIO_Init
                0x00000000080037f8       0xec Src/main.o
 .text.MX_I2C1_Init
                0x00000000080038e4       0x34 Src/main.o
 .text.MX_SPI1_Init
                0x0000000008003918       0x38 Src/main.o
 .text.convert_to_temp
                0x0000000008003950       0x48 Src/main.o
                0x0000000008003950                convert_to_temp
 .text.log_temp
                0x0000000008003998       0x8c Src/main.o
                0x0000000008003998                log_temp
 .text.set_payload
                0x0000000008003a24       0x34 Src/main.o
                0x0000000008003a24                set_payload
 .text.process_measurements
                0x0000000008003a58       0xac Src/main.o
                0x0000000008003a58                process_measurements
 .text.main     0x0000000008003b04       0x34 Src/main.o
                0x0000000008003b04                main
 .text.HAL_TIM_PeriodElapsedCallback
                0x0000000008003b38       0x3c Src/main.o
                0x0000000008003b38                HAL_TIM_PeriodElapsedCallback
 .text.HAL_MspInit
                0x0000000008003b74       0x38 Src/stm32f4xx_hal_msp.o
                0x0000000008003b74                HAL_MspInit
 .text.HAL_ADC_MspInit
                0x0000000008003bac       0x68 Src/stm32f4xx_hal_msp.o
                0x0000000008003bac                HAL_ADC_MspInit
 .text.HAL_I2C_MspInit
                0x0000000008003c14       0x74 Src/stm32f4xx_hal_msp.o
                0x0000000008003c14                HAL_I2C_MspInit
 .text.HAL_SPI_MspInit
                0x0000000008003c88       0x98 Src/stm32f4xx_hal_msp.o
                0x0000000008003c88                HAL_SPI_MspInit
 .text.HAL_TIM_Base_MspInit
                0x0000000008003d20       0x3c Src/stm32f4xx_hal_msp.o
                0x0000000008003d20                HAL_TIM_Base_MspInit
 .text.HAL_TIM_Base_MspDeInit
                0x0000000008003d5c       0x24 Src/stm32f4xx_hal_msp.o
                0x0000000008003d5c                HAL_TIM_Base_MspDeInit
 .text.HAL_UART_MspInit
                0x0000000008003d80       0x74 Src/stm32f4xx_hal_msp.o
                0x0000000008003d80                HAL_UART_MspInit
 .text.NMI_Handler
                0x0000000008003df4        0x2 Src/stm32f4xx_it.o
                0x0000000008003df4                NMI_Handler
 .text.HardFault_Handler
                0x0000000008003df6        0x2 Src/stm32f4xx_it.o
                0x0000000008003df6                HardFault_Handler
 .text.MemManage_Handler
                0x0000000008003df8        0x2 Src/stm32f4xx_it.o
                0x0000000008003df8                MemManage_Handler
 .text.BusFault_Handler
                0x0000000008003dfa        0x2 Src/stm32f4xx_it.o
                0x0000000008003dfa                BusFault_Handler
 .text.UsageFault_Handler
                0x0000000008003dfc        0x2 Src/stm32f4xx_it.o
                0x0000000008003dfc                UsageFault_Handler
 .text.SVC_Handler
                0x0000000008003dfe        0x2 Src/stm32f4xx_it.o
                0x0000000008003dfe                SVC_Handler
 .text.DebugMon_Handler
                0x0000000008003e00        0x2 Src/stm32f4xx_it.o
                0x0000000008003e00                DebugMon_Handler
 .text.PendSV_Handler
                0x0000000008003e02        0x2 Src/stm32f4xx_it.o
                0x0000000008003e02                PendSV_Handler
 .text.SysTick_Handler
                0x0000000008003e04        0x8 Src/stm32f4xx_it.o
                0x0000000008003e04                SysTick_Handler
 .text.TIM2_IRQHandler
                0x0000000008003e0c       0x10 Src/stm32f4xx_it.o
                0x0000000008003e0c                TIM2_IRQHandler
 .text._read    0x0000000008003e1c       0x1c Src/syscalls.o
                0x0000000008003e1c                _read
 .text._write   0x0000000008003e38       0x1c Src/syscalls.o
                0x0000000008003e38                _write
 .text._sbrk    0x0000000008003e54       0x3c Src/syscalls.o
                0x0000000008003e54                _sbrk
 .text._close   0x0000000008003e90        0x6 Src/syscalls.o
                0x0000000008003e90                _close
 .text._fstat   0x0000000008003e96        0xa Src/syscalls.o
                0x0000000008003e96                _fstat
 .text._isatty  0x0000000008003ea0        0x4 Src/syscalls.o
                0x0000000008003ea0                _isatty
 .text._lseek   0x0000000008003ea4        0x4 Src/syscalls.o
                0x0000000008003ea4                _lseek
 .text.SystemInit
                0x0000000008003ea8       0x4c Src/system_stm32f4xx.o
                0x0000000008003ea8                SystemInit
 .text.Reset_Handler
                0x0000000008003ef4       0x50 startup/startup_stm32f446xx.o
                0x0000000008003ef4                Reset_Handler
 .text.Default_Handler
                0x0000000008003f44        0x2 startup/startup_stm32f446xx.o
                0x0000000008003f44                FMPI2C1_Error_IRQHandler
                0x0000000008003f44                EXTI2_IRQHandler
                0x0000000008003f44                TIM8_CC_IRQHandler
                0x0000000008003f44                SPI4_IRQHandler
                0x0000000008003f44                TIM1_CC_IRQHandler
                0x0000000008003f44                DMA2_Stream5_IRQHandler
                0x0000000008003f44                DMA1_Stream5_IRQHandler
                0x0000000008003f44                PVD_IRQHandler
                0x0000000008003f44                SDIO_IRQHandler
                0x0000000008003f44                TAMP_STAMP_IRQHandler
                0x0000000008003f44                CAN2_RX1_IRQHandler
                0x0000000008003f44                EXTI3_IRQHandler
                0x0000000008003f44                TIM8_TRG_COM_TIM14_IRQHandler
                0x0000000008003f44                TIM1_UP_TIM10_IRQHandler
                0x0000000008003f44                TIM8_UP_TIM13_IRQHandler
                0x0000000008003f44                I2C3_ER_IRQHandler
                0x0000000008003f44                FMPI2C1_Event_IRQHandler
                0x0000000008003f44                EXTI0_IRQHandler
                0x0000000008003f44                I2C2_EV_IRQHandler
                0x0000000008003f44                DMA1_Stream2_IRQHandler
                0x0000000008003f44                CAN1_RX0_IRQHandler
                0x0000000008003f44                FPU_IRQHandler
                0x0000000008003f44                OTG_HS_WKUP_IRQHandler
                0x0000000008003f44                CAN2_SCE_IRQHandler
                0x0000000008003f44                DMA2_Stream2_IRQHandler
                0x0000000008003f44                SPI1_IRQHandler
                0x0000000008003f44                TIM6_DAC_IRQHandler
                0x0000000008003f44                TIM1_BRK_TIM9_IRQHandler
                0x0000000008003f44                DCMI_IRQHandler
                0x0000000008003f44                CAN2_RX0_IRQHandler
                0x0000000008003f44                DMA2_Stream3_IRQHandler
                0x0000000008003f44                SAI2_IRQHandler
                0x0000000008003f44                USART6_IRQHandler
                0x0000000008003f44                USART3_IRQHandler
                0x0000000008003f44                CAN1_RX1_IRQHandler
                0x0000000008003f44                UART5_IRQHandler
                0x0000000008003f44                DMA2_Stream0_IRQHandler
                0x0000000008003f44                TIM4_IRQHandler
                0x0000000008003f44                QUADSPI_IRQHandler
                0x0000000008003f44                I2C1_EV_IRQHandler
                0x0000000008003f44                DMA1_Stream6_IRQHandler
                0x0000000008003f44                DMA1_Stream1_IRQHandler
                0x0000000008003f44                UART4_IRQHandler
                0x0000000008003f44                TIM3_IRQHandler
                0x0000000008003f44                RCC_IRQHandler
                0x0000000008003f44                TIM8_BRK_TIM12_IRQHandler
                0x0000000008003f44                Default_Handler
                0x0000000008003f44                CEC_IRQHandler
                0x0000000008003f44                ADC_IRQHandler
                0x0000000008003f44                DMA1_Stream7_IRQHandler
                0x0000000008003f44                TIM7_IRQHandler
                0x0000000008003f44                CAN2_TX_IRQHandler
                0x0000000008003f44                TIM5_IRQHandler
                0x0000000008003f44                DMA2_Stream7_IRQHandler
                0x0000000008003f44                I2C3_EV_IRQHandler
                0x0000000008003f44                EXTI9_5_IRQHandler
                0x0000000008003f44                RTC_WKUP_IRQHandler
                0x0000000008003f44                SPDIF_RX_IRQHandler
                0x0000000008003f44                SPI2_IRQHandler
                0x0000000008003f44                OTG_HS_EP1_IN_IRQHandler
                0x0000000008003f44                DMA1_Stream0_IRQHandler
                0x0000000008003f44                CAN1_TX_IRQHandler
                0x0000000008003f44                EXTI4_IRQHandler
                0x0000000008003f44                OTG_HS_EP1_OUT_IRQHandler
                0x0000000008003f44                WWDG_IRQHandler
                0x0000000008003f44                OTG_FS_WKUP_IRQHandler
                0x0000000008003f44                TIM1_TRG_COM_TIM11_IRQHandler
                0x0000000008003f44                OTG_HS_IRQHandler
                0x0000000008003f44                EXTI1_IRQHandler
                0x0000000008003f44                USART2_IRQHandler
                0x0000000008003f44                I2C2_ER_IRQHandler
                0x0000000008003f44                DMA2_Stream1_IRQHandler
                0x0000000008003f44                CAN1_SCE_IRQHandler
                0x0000000008003f44                FLASH_IRQHandler
                0x0000000008003f44                DMA2_Stream4_IRQHandler
                0x0000000008003f44                USART1_IRQHandler
                0x0000000008003f44                OTG_FS_IRQHandler
                0x0000000008003f44                SPI3_IRQHandler
                0x0000000008003f44                DMA1_Stream4_IRQHandler
                0x0000000008003f44                I2C1_ER_IRQHandler
                0x0000000008003f44                FMC_IRQHandler
                0x0000000008003f44                DMA2_Stream6_IRQHandler
                0x0000000008003f44                SAI1_IRQHandler
                0x0000000008003f44                DMA1_Stream3_IRQHandler
                0x0000000008003f44                RTC_Alarm_IRQHandler
 *fill*         0x0000000008003f46        0x2 
 .text.arm_max_f32
                0x0000000008003f48       0xd0 /Users/rad/Dropbox/Research/sensing_board/CMSIS/Lib/GCC/libarm_cortexM4lf_math.a(arm_max_f32.o)
                0x0000000008003f48                arm_max_f32
 .text.arm_cfft_radix4_init_f32
                0x0000000008004018       0xcc /Users/rad/Dropbox/Research/sensing_board/CMSIS/Lib/GCC/libarm_cortexM4lf_math.a(arm_cfft_radix4_init_f32.o)
                0x0000000008004018                arm_cfft_radix4_init_f32
 .text.arm_radix4_butterfly_f32
                0x00000000080040e4      0x394 /Users/rad/Dropbox/Research/sensing_board/CMSIS/Lib/GCC/libarm_cortexM4lf_math.a(arm_cfft_radix4_f32.o)
                0x00000000080040e4                arm_radix4_butterfly_f32
 .text.arm_radix4_butterfly_inverse_f32
                0x0000000008004478      0x3b0 /Users/rad/Dropbox/Research/sensing_board/CMSIS/Lib/GCC/libarm_cortexM4lf_math.a(arm_cfft_radix4_f32.o)
                0x0000000008004478                arm_radix4_butterfly_inverse_f32
 .text.arm_cfft_radix4_f32
                0x0000000008004828       0x40 /Users/rad/Dropbox/Research/sensing_board/CMSIS/Lib/GCC/libarm_cortexM4lf_math.a(arm_cfft_radix4_f32.o)
                0x0000000008004828                arm_cfft_radix4_f32
 .text.arm_fir_init_f32
                0x0000000008004868       0x24 /Users/rad/Dropbox/Research/sensing_board/CMSIS/Lib/GCC/libarm_cortexM4lf_math.a(arm_fir_init_f32.o)
                0x0000000008004868                arm_fir_init_f32
 .text.arm_fir_f32
                0x000000000800488c      0x4c8 /Users/rad/Dropbox/Research/sensing_board/CMSIS/Lib/GCC/libarm_cortexM4lf_math.a(arm_fir_f32.o)
                0x000000000800488c                arm_fir_f32
 .text.arm_cmplx_mag_f32
                0x0000000008004d54      0x1d0 /Users/rad/Dropbox/Research/sensing_board/CMSIS/Lib/GCC/libarm_cortexM4lf_math.a(arm_cmplx_mag_f32.o)
                0x0000000008004d54                arm_cmplx_mag_f32
 .text.arm_bitreversal_f32
                0x0000000008004f24       0xe0 /Users/rad/Dropbox/Research/sensing_board/CMSIS/Lib/GCC/libarm_cortexM4lf_math.a(arm_bitreversal.o)
                0x0000000008004f24                arm_bitreversal_f32
 .text.sqrtf    0x0000000008005004       0xac /Users/rad/.p2/pool/plugins/fr.ac6.mcu.externaltools.arm-none.macos64_1.16.0.201807130628/tools/compiler/bin/../lib/gcc/arm-none-eabi/7.2.1/../../../../arm-none-eabi/lib/thumb/v7e-m/fpv4-sp/hard/libm.a(lib_a-wf_sqrt.o)
                0x0000000008005004                sqrtf
 .text.__ieee754_sqrtf
                0x00000000080050b0        0x8 /Users/rad/.p2/pool/plugins/fr.ac6.mcu.externaltools.arm-none.macos64_1.16.0.201807130628/tools/compiler/bin/../lib/gcc/arm-none-eabi/7.2.1/../../../../arm-none-eabi/lib/thumb/v7e-m/fpv4-sp/hard/libm.a(lib_a-ef_sqrt.o)
                0x00000000080050b0                __ieee754_sqrtf
 .text.matherr  0x00000000080050b8        0x4 /Users/rad/.p2/pool/plugins/fr.ac6.mcu.externaltools.arm-none.macos64_1.16.0.201807130628/tools/compiler/bin/../lib/gcc/arm-none-eabi/7.2.1/../../../../arm-none-eabi/lib/thumb/v7e-m/fpv4-sp/hard/libm.a(lib_a-s_matherr.o)
                0x00000000080050b8                matherr
 .text.__errno  0x00000000080050bc        0xc /Users/rad/.p2/pool/plugins/fr.ac6.mcu.externaltools.arm-none.macos64_1.16.0.201807130628/tools/compiler/bin/../lib/gcc/arm-none-eabi/7.2.1/../../../../arm-none-eabi/lib/thumb/v7e-m/fpv4-sp/hard/libc.a(lib_a-errno.o)
                0x00000000080050bc                __errno
 .text.__libc_init_array
                0x00000000080050c8       0x48 /Users/rad/.p2/pool/plugins/fr.ac6.mcu.externaltools.arm-none.macos64_1.16.0.201807130628/tools/compiler/bin/../lib/gcc/arm-none-eabi/7.2.1/../../../../arm-none-eabi/lib/thumb/v7e-m/fpv4-sp/hard/libc.a(lib_a-init.o)
                0x00000000080050c8                __libc_init_array
 .text.memset   0x0000000008005110       0x94 /Users/rad/.p2/pool/plugins/fr.ac6.mcu.externaltools.arm-none.macos64_1.16.0.201807130628/tools/compiler/bin/../lib/gcc/arm-none-eabi/7.2.1/../../../../arm-none-eabi/lib/thumb/v7e-m/fpv4-sp/hard/libc.a(lib_a-memset.o)
                0x0000000008005110                memset
 .text.vprintf  0x00000000080051a4       0x1c /Users/rad/.p2/pool/plugins/fr.ac6.mcu.externaltools.arm-none.macos64_1.16.0.201807130628/tools/compiler/bin/../lib/gcc/arm-none-eabi/7.2.1/../../../../arm-none-eabi/lib/thumb/v7e-m/fpv4-sp/hard/libc.a(lib_a-vprintf.o)
                0x00000000080051a4                vprintf
 .text.startup.register_fini
                0x00000000080051c0       0x14 /Users/rad/.p2/pool/plugins/fr.ac6.mcu.externaltools.arm-none.macos64_1.16.0.201807130628/tools/compiler/bin/../lib/gcc/arm-none-eabi/7.2.1/../../../../arm-none-eabi/lib/thumb/v7e-m/fpv4-sp/hard/libc.a(lib_a-__call_atexit.o)
 .text.atexit   0x00000000080051d4        0xc /Users/rad/.p2/pool/plugins/fr.ac6.mcu.externaltools.arm-none.macos64_1.16.0.201807130628/tools/compiler/bin/../lib/gcc/arm-none-eabi/7.2.1/../../../../arm-none-eabi/lib/thumb/v7e-m/fpv4-sp/hard/libc.a(lib_a-atexit.o)
                0x00000000080051d4                atexit
 .text.__libc_fini_array
                0x00000000080051e0       0x34 /Users/rad/.p2/pool/plugins/fr.ac6.mcu.externaltools.arm-none.macos64_1.16.0.201807130628/tools/compiler/bin/../lib/gcc/arm-none-eabi/7.2.1/../../../../arm-none-eabi/lib/thumb/v7e-m/fpv4-sp/hard/libc.a(lib_a-fini.o)
                0x00000000080051e0                __libc_fini_array
 .text.__retarget_lock_init_recursive
                0x0000000008005214        0x4 /Users/rad/.p2/pool/plugins/fr.ac6.mcu.externaltools.arm-none.macos64_1.16.0.201807130628/tools/compiler/bin/../lib/gcc/arm-none-eabi/7.2.1/../../../../arm-none-eabi/lib/thumb/v7e-m/fpv4-sp/hard/libc.a(lib_a-lock.o)
                0x0000000008005214                __retarget_lock_init_recursive
 .text.__retarget_lock_close_recursive
                0x0000000008005218        0x4 /Users/rad/.p2/pool/plugins/fr.ac6.mcu.externaltools.arm-none.macos64_1.16.0.201807130628/tools/compiler/bin/../lib/gcc/arm-none-eabi/7.2.1/../../../../arm-none-eabi/lib/thumb/v7e-m/fpv4-sp/hard/libc.a(lib_a-lock.o)
                0x0000000008005218                __retarget_lock_close_recursive
 .text.__retarget_lock_acquire_recursive
                0x000000000800521c        0x4 /Users/rad/.p2/pool/plugins/fr.ac6.mcu.externaltools.arm-none.macos64_1.16.0.201807130628/tools/compiler/bin/../lib/gcc/arm-none-eabi/7.2.1/../../../../arm-none-eabi/lib/thumb/v7e-m/fpv4-sp/hard/libc.a(lib_a-lock.o)
                0x000000000800521c                __retarget_lock_acquire_recursive
 .text.__retarget_lock_release_recursive
                0x0000000008005220        0x4 /Users/rad/.p2/pool/plugins/fr.ac6.mcu.externaltools.arm-none.macos64_1.16.0.201807130628/tools/compiler/bin/../lib/gcc/arm-none-eabi/7.2.1/../../../../arm-none-eabi/lib/thumb/v7e-m/fpv4-sp/hard/libc.a(lib_a-lock.o)
                0x0000000008005220                __retarget_lock_release_recursive
 *fill*         0x0000000008005224        0x4 
 .text._vfprintf_r
                0x0000000008005228     0x150c /Users/rad/.p2/pool/plugins/fr.ac6.mcu.externaltools.arm-none.macos64_1.16.0.201807130628/tools/compiler/bin/../lib/gcc/arm-none-eabi/7.2.1/../../../../arm-none-eabi/lib/thumb/v7e-m/fpv4-sp/hard/libc.a(lib_a-vfprintf.o)
                0x0000000008005228                _vfprintf_r
 .text.__sbprintf
                0x0000000008006734       0x84 /Users/rad/.p2/pool/plugins/fr.ac6.mcu.externaltools.arm-none.macos64_1.16.0.201807130628/tools/compiler/bin/../lib/gcc/arm-none-eabi/7.2.1/../../../../arm-none-eabi/lib/thumb/v7e-m/fpv4-sp/hard/libc.a(lib_a-vfprintf.o)
 .text.__swsetup_r
                0x00000000080067b8       0xcc /Users/rad/.p2/pool/plugins/fr.ac6.mcu.externaltools.arm-none.macos64_1.16.0.201807130628/tools/compiler/bin/../lib/gcc/arm-none-eabi/7.2.1/../../../../arm-none-eabi/lib/thumb/v7e-m/fpv4-sp/hard/libc.a(lib_a-wsetup.o)
                0x00000000080067b8                __swsetup_r
 .text.__register_exitproc
                0x0000000008006884       0xc0 /Users/rad/.p2/pool/plugins/fr.ac6.mcu.externaltools.arm-none.macos64_1.16.0.201807130628/tools/compiler/bin/../lib/gcc/arm-none-eabi/7.2.1/../../../../arm-none-eabi/lib/thumb/v7e-m/fpv4-sp/hard/libc.a(lib_a-__atexit.o)
                0x0000000008006884                __register_exitproc
 .text.quorem   0x0000000008006944      0x124 /Users/rad/.p2/pool/plugins/fr.ac6.mcu.externaltools.arm-none.macos64_1.16.0.201807130628/tools/compiler/bin/../lib/gcc/arm-none-eabi/7.2.1/../../../../arm-none-eabi/lib/thumb/v7e-m/fpv4-sp/hard/libc.a(lib_a-dtoa.o)
 .text._dtoa_r  0x0000000008006a68      0xe28 /Users/rad/.p2/pool/plugins/fr.ac6.mcu.externaltools.arm-none.macos64_1.16.0.201807130628/tools/compiler/bin/../lib/gcc/arm-none-eabi/7.2.1/../../../../arm-none-eabi/lib/thumb/v7e-m/fpv4-sp/hard/libc.a(lib_a-dtoa.o)
                0x0000000008006a68                _dtoa_r
 .text.__sflush_r
                0x0000000008007890      0x154 /Users/rad/.p2/pool/plugins/fr.ac6.mcu.externaltools.arm-none.macos64_1.16.0.201807130628/tools/compiler/bin/../lib/gcc/arm-none-eabi/7.2.1/../../../../arm-none-eabi/lib/thumb/v7e-m/fpv4-sp/hard/libc.a(lib_a-fflush.o)
                0x0000000008007890                __sflush_r
 .text._fflush_r
                0x00000000080079e4       0x5c /Users/rad/.p2/pool/plugins/fr.ac6.mcu.externaltools.arm-none.macos64_1.16.0.201807130628/tools/compiler/bin/../lib/gcc/arm-none-eabi/7.2.1/../../../../arm-none-eabi/lib/thumb/v7e-m/fpv4-sp/hard/libc.a(lib_a-fflush.o)
                0x00000000080079e4                _fflush_r
 .text.std      0x0000000008007a40       0x50 /Users/rad/.p2/pool/plugins/fr.ac6.mcu.externaltools.arm-none.macos64_1.16.0.201807130628/tools/compiler/bin/../lib/gcc/arm-none-eabi/7.2.1/../../../../arm-none-eabi/lib/thumb/v7e-m/fpv4-sp/hard/libc.a(lib_a-findfp.o)
 .text._cleanup_r
                0x0000000008007a90        0xc /Users/rad/.p2/pool/plugins/fr.ac6.mcu.externaltools.arm-none.macos64_1.16.0.201807130628/tools/compiler/bin/../lib/gcc/arm-none-eabi/7.2.1/../../../../arm-none-eabi/lib/thumb/v7e-m/fpv4-sp/hard/libc.a(lib_a-findfp.o)
                0x0000000008007a90                _cleanup_r
 .text.__sinit  0x0000000008007a9c       0x58 /Users/rad/.p2/pool/plugins/fr.ac6.mcu.externaltools.arm-none.macos64_1.16.0.201807130628/tools/compiler/bin/../lib/gcc/arm-none-eabi/7.2.1/../../../../arm-none-eabi/lib/thumb/v7e-m/fpv4-sp/hard/libc.a(lib_a-findfp.o)
                0x0000000008007a9c                __sinit
 .text.__sfp_lock_acquire
                0x0000000008007af4        0xc /Users/rad/.p2/pool/plugins/fr.ac6.mcu.externaltools.arm-none.macos64_1.16.0.201807130628/tools/compiler/bin/../lib/gcc/arm-none-eabi/7.2.1/../../../../arm-none-eabi/lib/thumb/v7e-m/fpv4-sp/hard/libc.a(lib_a-findfp.o)
                0x0000000008007af4                __sfp_lock_acquire
 .text.__sfp_lock_release
                0x0000000008007b00        0xc /Users/rad/.p2/pool/plugins/fr.ac6.mcu.externaltools.arm-none.macos64_1.16.0.201807130628/tools/compiler/bin/../lib/gcc/arm-none-eabi/7.2.1/../../../../arm-none-eabi/lib/thumb/v7e-m/fpv4-sp/hard/libc.a(lib_a-findfp.o)
                0x0000000008007b00                __sfp_lock_release
 .text._malloc_trim_r
                0x0000000008007b0c       0xa0 /Users/rad/.p2/pool/plugins/fr.ac6.mcu.externaltools.arm-none.macos64_1.16.0.201807130628/tools/compiler/bin/../lib/gcc/arm-none-eabi/7.2.1/../../../../arm-none-eabi/lib/thumb/v7e-m/fpv4-sp/hard/libc.a(lib_a-freer.o)
                0x0000000008007b0c                _malloc_trim_r
 .text._free_r  0x0000000008007bac      0x1e8 /Users/rad/.p2/pool/plugins/fr.ac6.mcu.externaltools.arm-none.macos64_1.16.0.201807130628/tools/compiler/bin/../lib/gcc/arm-none-eabi/7.2.1/../../../../arm-none-eabi/lib/thumb/v7e-m/fpv4-sp/hard/libc.a(lib_a-freer.o)
                0x0000000008007bac                _free_r
 .text._fwalk_reent
                0x0000000008007d94       0x54 /Users/rad/.p2/pool/plugins/fr.ac6.mcu.externaltools.arm-none.macos64_1.16.0.201807130628/tools/compiler/bin/../lib/gcc/arm-none-eabi/7.2.1/../../../../arm-none-eabi/lib/thumb/v7e-m/fpv4-sp/hard/libc.a(lib_a-fwalk.o)
                0x0000000008007d94                _fwalk_reent
 .text._localeconv_r
                0x0000000008007de8       0x1c /Users/rad/.p2/pool/plugins/fr.ac6.mcu.externaltools.arm-none.macos64_1.16.0.201807130628/tools/compiler/bin/../lib/gcc/arm-none-eabi/7.2.1/../../../../arm-none-eabi/lib/thumb/v7e-m/fpv4-sp/hard/libc.a(lib_a-localeconv.o)
                0x0000000008007de8                _localeconv_r
 .text.__swhatbuf_r
                0x0000000008007e04       0x5c /Users/rad/.p2/pool/plugins/fr.ac6.mcu.externaltools.arm-none.macos64_1.16.0.201807130628/tools/compiler/bin/../lib/gcc/arm-none-eabi/7.2.1/../../../../arm-none-eabi/lib/thumb/v7e-m/fpv4-sp/hard/libc.a(lib_a-makebuf.o)
                0x0000000008007e04                __swhatbuf_r
 .text.__smakebuf_r
                0x0000000008007e60       0x94 /Users/rad/.p2/pool/plugins/fr.ac6.mcu.externaltools.arm-none.macos64_1.16.0.201807130628/tools/compiler/bin/../lib/gcc/arm-none-eabi/7.2.1/../../../../arm-none-eabi/lib/thumb/v7e-m/fpv4-sp/hard/libc.a(lib_a-makebuf.o)
                0x0000000008007e60                __smakebuf_r
 .text._malloc_r
                0x0000000008007ef4      0x548 /Users/rad/.p2/pool/plugins/fr.ac6.mcu.externaltools.arm-none.macos64_1.16.0.201807130628/tools/compiler/bin/../lib/gcc/arm-none-eabi/7.2.1/../../../../arm-none-eabi/lib/thumb/v7e-m/fpv4-sp/hard/libc.a(lib_a-mallocr.o)
                0x0000000008007ef4                _malloc_r
 .text.__malloc_lock
                0x000000000800843c        0xc /Users/rad/.p2/pool/plugins/fr.ac6.mcu.externaltools.arm-none.macos64_1.16.0.201807130628/tools/compiler/bin/../lib/gcc/arm-none-eabi/7.2.1/../../../../arm-none-eabi/lib/thumb/v7e-m/fpv4-sp/hard/libc.a(lib_a-mlock.o)
                0x000000000800843c                __malloc_lock
 .text.__malloc_unlock
                0x0000000008008448        0xc /Users/rad/.p2/pool/plugins/fr.ac6.mcu.externaltools.arm-none.macos64_1.16.0.201807130628/tools/compiler/bin/../lib/gcc/arm-none-eabi/7.2.1/../../../../arm-none-eabi/lib/thumb/v7e-m/fpv4-sp/hard/libc.a(lib_a-mlock.o)
                0x0000000008008448                __malloc_unlock
 .text._Balloc  0x0000000008008454       0x4c /Users/rad/.p2/pool/plugins/fr.ac6.mcu.externaltools.arm-none.macos64_1.16.0.201807130628/tools/compiler/bin/../lib/gcc/arm-none-eabi/7.2.1/../../../../arm-none-eabi/lib/thumb/v7e-m/fpv4-sp/hard/libc.a(lib_a-mprec.o)
                0x0000000008008454                _Balloc
 .text._Bfree   0x00000000080084a0       0x14 /Users/rad/.p2/pool/plugins/fr.ac6.mcu.externaltools.arm-none.macos64_1.16.0.201807130628/tools/compiler/bin/../lib/gcc/arm-none-eabi/7.2.1/../../../../arm-none-eabi/lib/thumb/v7e-m/fpv4-sp/hard/libc.a(lib_a-mprec.o)
                0x00000000080084a0                _Bfree
 .text.__multadd
                0x00000000080084b4       0x80 /Users/rad/.p2/pool/plugins/fr.ac6.mcu.externaltools.arm-none.macos64_1.16.0.201807130628/tools/compiler/bin/../lib/gcc/arm-none-eabi/7.2.1/../../../../arm-none-eabi/lib/thumb/v7e-m/fpv4-sp/hard/libc.a(lib_a-mprec.o)
                0x00000000080084b4                __multadd
 .text.__hi0bits
                0x0000000008008534       0x40 /Users/rad/.p2/pool/plugins/fr.ac6.mcu.externaltools.arm-none.macos64_1.16.0.201807130628/tools/compiler/bin/../lib/gcc/arm-none-eabi/7.2.1/../../../../arm-none-eabi/lib/thumb/v7e-m/fpv4-sp/hard/libc.a(lib_a-mprec.o)
                0x0000000008008534                __hi0bits
 .text.__lo0bits
                0x0000000008008574       0x60 /Users/rad/.p2/pool/plugins/fr.ac6.mcu.externaltools.arm-none.macos64_1.16.0.201807130628/tools/compiler/bin/../lib/gcc/arm-none-eabi/7.2.1/../../../../arm-none-eabi/lib/thumb/v7e-m/fpv4-sp/hard/libc.a(lib_a-mprec.o)
                0x0000000008008574                __lo0bits
 .text.__i2b    0x00000000080085d4       0x14 /Users/rad/.p2/pool/plugins/fr.ac6.mcu.externaltools.arm-none.macos64_1.16.0.201807130628/tools/compiler/bin/../lib/gcc/arm-none-eabi/7.2.1/../../../../arm-none-eabi/lib/thumb/v7e-m/fpv4-sp/hard/libc.a(lib_a-mprec.o)
                0x00000000080085d4                __i2b
 .text.__multiply
                0x00000000080085e8      0x14c /Users/rad/.p2/pool/plugins/fr.ac6.mcu.externaltools.arm-none.macos64_1.16.0.201807130628/tools/compiler/bin/../lib/gcc/arm-none-eabi/7.2.1/../../../../arm-none-eabi/lib/thumb/v7e-m/fpv4-sp/hard/libc.a(lib_a-mprec.o)
                0x00000000080085e8                __multiply
 .text.__pow5mult
                0x0000000008008734       0xa0 /Users/rad/.p2/pool/plugins/fr.ac6.mcu.externaltools.arm-none.macos64_1.16.0.201807130628/tools/compiler/bin/../lib/gcc/arm-none-eabi/7.2.1/../../../../arm-none-eabi/lib/thumb/v7e-m/fpv4-sp/hard/libc.a(lib_a-mprec.o)
                0x0000000008008734                __pow5mult
 .text.__lshift
                0x00000000080087d4       0xac /Users/rad/.p2/pool/plugins/fr.ac6.mcu.externaltools.arm-none.macos64_1.16.0.201807130628/tools/compiler/bin/../lib/gcc/arm-none-eabi/7.2.1/../../../../arm-none-eabi/lib/thumb/v7e-m/fpv4-sp/hard/libc.a(lib_a-mprec.o)
                0x00000000080087d4                __lshift
 .text.__mcmp   0x0000000008008880       0x38 /Users/rad/.p2/pool/plugins/fr.ac6.mcu.externaltools.arm-none.macos64_1.16.0.201807130628/tools/compiler/bin/../lib/gcc/arm-none-eabi/7.2.1/../../../../arm-none-eabi/lib/thumb/v7e-m/fpv4-sp/hard/libc.a(lib_a-mprec.o)
                0x0000000008008880                __mcmp
 .text.__mdiff  0x00000000080088b8       0xec /Users/rad/.p2/pool/plugins/fr.ac6.mcu.externaltools.arm-none.macos64_1.16.0.201807130628/tools/compiler/bin/../lib/gcc/arm-none-eabi/7.2.1/../../../../arm-none-eabi/lib/thumb/v7e-m/fpv4-sp/hard/libc.a(lib_a-mprec.o)
                0x00000000080088b8                __mdiff
 .text.__d2b    0x00000000080089a4       0xc4 /Users/rad/.p2/pool/plugins/fr.ac6.mcu.externaltools.arm-none.macos64_1.16.0.201807130628/tools/compiler/bin/../lib/gcc/arm-none-eabi/7.2.1/../../../../arm-none-eabi/lib/thumb/v7e-m/fpv4-sp/hard/libc.a(lib_a-mprec.o)
                0x00000000080089a4                __d2b
 .text._sbrk_r  0x0000000008008a68       0x24 /Users/rad/.p2/pool/plugins/fr.ac6.mcu.externaltools.arm-none.macos64_1.16.0.201807130628/tools/compiler/bin/../lib/gcc/arm-none-eabi/7.2.1/../../../../arm-none-eabi/lib/thumb/v7e-m/fpv4-sp/hard/libc.a(lib_a-sbrkr.o)
                0x0000000008008a68                _sbrk_r
 .text.__sread  0x0000000008008a8c       0x24 /Users/rad/.p2/pool/plugins/fr.ac6.mcu.externaltools.arm-none.macos64_1.16.0.201807130628/tools/compiler/bin/../lib/gcc/arm-none-eabi/7.2.1/../../../../arm-none-eabi/lib/thumb/v7e-m/fpv4-sp/hard/libc.a(lib_a-stdio.o)
                0x0000000008008a8c                __sread
 .text.__swrite
                0x0000000008008ab0       0x3c /Users/rad/.p2/pool/plugins/fr.ac6.mcu.externaltools.arm-none.macos64_1.16.0.201807130628/tools/compiler/bin/../lib/gcc/arm-none-eabi/7.2.1/../../../../arm-none-eabi/lib/thumb/v7e-m/fpv4-sp/hard/libc.a(lib_a-stdio.o)
                0x0000000008008ab0                __swrite
 .text.__sseek  0x0000000008008aec       0x20 /Users/rad/.p2/pool/plugins/fr.ac6.mcu.externaltools.arm-none.macos64_1.16.0.201807130628/tools/compiler/bin/../lib/gcc/arm-none-eabi/7.2.1/../../../../arm-none-eabi/lib/thumb/v7e-m/fpv4-sp/hard/libc.a(lib_a-stdio.o)
                0x0000000008008aec                __sseek
 .text.__sclose
                0x0000000008008b0c        0x8 /Users/rad/.p2/pool/plugins/fr.ac6.mcu.externaltools.arm-none.macos64_1.16.0.201807130628/tools/compiler/bin/../lib/gcc/arm-none-eabi/7.2.1/../../../../arm-none-eabi/lib/thumb/v7e-m/fpv4-sp/hard/libc.a(lib_a-stdio.o)
                0x0000000008008b0c                __sclose
 .text.__sprint_r.part.0
                0x0000000008008b14       0x78 /Users/rad/.p2/pool/plugins/fr.ac6.mcu.externaltools.arm-none.macos64_1.16.0.201807130628/tools/compiler/bin/../lib/gcc/arm-none-eabi/7.2.1/../../../../arm-none-eabi/lib/thumb/v7e-m/fpv4-sp/hard/libc.a(lib_a-vfiprintf.o)
 .text.__sprint_r
                0x0000000008008b8c       0x14 /Users/rad/.p2/pool/plugins/fr.ac6.mcu.externaltools.arm-none.macos64_1.16.0.201807130628/tools/compiler/bin/../lib/gcc/arm-none-eabi/7.2.1/../../../../arm-none-eabi/lib/thumb/v7e-m/fpv4-sp/hard/libc.a(lib_a-vfiprintf.o)
                0x0000000008008b8c                __sprint_r
 .text._write_r
                0x0000000008008ba0       0x2c /Users/rad/.p2/pool/plugins/fr.ac6.mcu.externaltools.arm-none.macos64_1.16.0.201807130628/tools/compiler/bin/../lib/gcc/arm-none-eabi/7.2.1/../../../../arm-none-eabi/lib/thumb/v7e-m/fpv4-sp/hard/libc.a(lib_a-writer.o)
                0x0000000008008ba0                _write_r
 .text._calloc_r
                0x0000000008008bcc       0x68 /Users/rad/.p2/pool/plugins/fr.ac6.mcu.externaltools.arm-none.macos64_1.16.0.201807130628/tools/compiler/bin/../lib/gcc/arm-none-eabi/7.2.1/../../../../arm-none-eabi/lib/thumb/v7e-m/fpv4-sp/hard/libc.a(lib_a-callocr.o)
                0x0000000008008bcc                _calloc_r
 .text._close_r
                0x0000000008008c34       0x24 /Users/rad/.p2/pool/plugins/fr.ac6.mcu.externaltools.arm-none.macos64_1.16.0.201807130628/tools/compiler/bin/../lib/gcc/arm-none-eabi/7.2.1/../../../../arm-none-eabi/lib/thumb/v7e-m/fpv4-sp/hard/libc.a(lib_a-closer.o)
                0x0000000008008c34                _close_r
 .text._fclose_r
                0x0000000008008c58       0xd0 /Users/rad/.p2/pool/plugins/fr.ac6.mcu.externaltools.arm-none.macos64_1.16.0.201807130628/tools/compiler/bin/../lib/gcc/arm-none-eabi/7.2.1/../../../../arm-none-eabi/lib/thumb/v7e-m/fpv4-sp/hard/libc.a(lib_a-fclose.o)
                0x0000000008008c58                _fclose_r
 .text.__fputwc
                0x0000000008008d28       0xa0 /Users/rad/.p2/pool/plugins/fr.ac6.mcu.externaltools.arm-none.macos64_1.16.0.201807130628/tools/compiler/bin/../lib/gcc/arm-none-eabi/7.2.1/../../../../arm-none-eabi/lib/thumb/v7e-m/fpv4-sp/hard/libc.a(lib_a-fputwc.o)
                0x0000000008008d28                __fputwc
 .text._fputwc_r
                0x0000000008008dc8       0x64 /Users/rad/.p2/pool/plugins/fr.ac6.mcu.externaltools.arm-none.macos64_1.16.0.201807130628/tools/compiler/bin/../lib/gcc/arm-none-eabi/7.2.1/../../../../arm-none-eabi/lib/thumb/v7e-m/fpv4-sp/hard/libc.a(lib_a-fputwc.o)
                0x0000000008008dc8                _fputwc_r
 .text._fstat_r
                0x0000000008008e2c       0x28 /Users/rad/.p2/pool/plugins/fr.ac6.mcu.externaltools.arm-none.macos64_1.16.0.201807130628/tools/compiler/bin/../lib/gcc/arm-none-eabi/7.2.1/../../../../arm-none-eabi/lib/thumb/v7e-m/fpv4-sp/hard/libc.a(lib_a-fstatr.o)
                0x0000000008008e2c                _fstat_r
 .text.__sfvwrite_r
                0x0000000008008e54      0x2fc /Users/rad/.p2/pool/plugins/fr.ac6.mcu.externaltools.arm-none.macos64_1.16.0.201807130628/tools/compiler/bin/../lib/gcc/arm-none-eabi/7.2.1/../../../../arm-none-eabi/lib/thumb/v7e-m/fpv4-sp/hard/libc.a(lib_a-fvwrite.o)
                0x0000000008008e54                __sfvwrite_r
 .text._isatty_r
                0x0000000008009150       0x24 /Users/rad/.p2/pool/plugins/fr.ac6.mcu.externaltools.arm-none.macos64_1.16.0.201807130628/tools/compiler/bin/../lib/gcc/arm-none-eabi/7.2.1/../../../../arm-none-eabi/lib/thumb/v7e-m/fpv4-sp/hard/libc.a(lib_a-isattyr.o)
                0x0000000008009150                _isatty_r
 .text.__locale_mb_cur_max
                0x0000000008009174       0x1c /Users/rad/.p2/pool/plugins/fr.ac6.mcu.externaltools.arm-none.macos64_1.16.0.201807130628/tools/compiler/bin/../lib/gcc/arm-none-eabi/7.2.1/../../../../arm-none-eabi/lib/thumb/v7e-m/fpv4-sp/hard/libc.a(lib_a-locale.o)
                0x0000000008009174                __locale_mb_cur_max
 .text._lseek_r
                0x0000000008009190       0x2c /Users/rad/.p2/pool/plugins/fr.ac6.mcu.externaltools.arm-none.macos64_1.16.0.201807130628/tools/compiler/bin/../lib/gcc/arm-none-eabi/7.2.1/../../../../arm-none-eabi/lib/thumb/v7e-m/fpv4-sp/hard/libc.a(lib_a-lseekr.o)
                0x0000000008009190                _lseek_r
 .text.__ascii_mbtowc
                0x00000000080091bc       0x2c /Users/rad/.p2/pool/plugins/fr.ac6.mcu.externaltools.arm-none.macos64_1.16.0.201807130628/tools/compiler/bin/../lib/gcc/arm-none-eabi/7.2.1/../../../../arm-none-eabi/lib/thumb/v7e-m/fpv4-sp/hard/libc.a(lib_a-mbtowc_r.o)
                0x00000000080091bc                __ascii_mbtowc
 .text.memmove  0x00000000080091e8       0xc8 /Users/rad/.p2/pool/plugins/fr.ac6.mcu.externaltools.arm-none.macos64_1.16.0.201807130628/tools/compiler/bin/../lib/gcc/arm-none-eabi/7.2.1/../../../../arm-none-eabi/lib/thumb/v7e-m/fpv4-sp/hard/libc.a(lib_a-memmove.o)
                0x00000000080091e8                memmove
 .text._read_r  0x00000000080092b0       0x2c /Users/rad/.p2/pool/plugins/fr.ac6.mcu.externaltools.arm-none.macos64_1.16.0.201807130628/tools/compiler/bin/../lib/gcc/arm-none-eabi/7.2.1/../../../../arm-none-eabi/lib/thumb/v7e-m/fpv4-sp/hard/libc.a(lib_a-readr.o)
                0x00000000080092b0                _read_r
 .text._realloc_r
                0x00000000080092dc      0x35c /Users/rad/.p2/pool/plugins/fr.ac6.mcu.externaltools.arm-none.macos64_1.16.0.201807130628/tools/compiler/bin/../lib/gcc/arm-none-eabi/7.2.1/../../../../arm-none-eabi/lib/thumb/v7e-m/fpv4-sp/hard/libc.a(lib_a-reallocr.o)
                0x00000000080092dc                _realloc_r
 .text.__swbuf_r
                0x0000000008009638       0xb0 /Users/rad/.p2/pool/plugins/fr.ac6.mcu.externaltools.arm-none.macos64_1.16.0.201807130628/tools/compiler/bin/../lib/gcc/arm-none-eabi/7.2.1/../../../../arm-none-eabi/lib/thumb/v7e-m/fpv4-sp/hard/libc.a(lib_a-wbuf.o)
                0x0000000008009638                __swbuf_r
 .text._wcrtomb_r
                0x00000000080096e8       0x50 /Users/rad/.p2/pool/plugins/fr.ac6.mcu.externaltools.arm-none.macos64_1.16.0.201807130628/tools/compiler/bin/../lib/gcc/arm-none-eabi/7.2.1/../../../../arm-none-eabi/lib/thumb/v7e-m/fpv4-sp/hard/libc.a(lib_a-wcrtomb.o)
                0x00000000080096e8                _wcrtomb_r
 .text.__ascii_wctomb
                0x0000000008009738       0x1c /Users/rad/.p2/pool/plugins/fr.ac6.mcu.externaltools.arm-none.macos64_1.16.0.201807130628/tools/compiler/bin/../lib/gcc/arm-none-eabi/7.2.1/../../../../arm-none-eabi/lib/thumb/v7e-m/fpv4-sp/hard/libc.a(lib_a-wctomb_r.o)
                0x0000000008009738                __ascii_wctomb
 *(.glue_7)
 .glue_7        0x0000000008009754        0x0 linker stubs
 *(.glue_7t)
 .glue_7t       0x0000000008009754        0x0 linker stubs
 *(.eh_frame)
 .eh_frame      0x0000000008009754        0x0 /Users/rad/.p2/pool/plugins/fr.ac6.mcu.externaltools.arm-none.macos64_1.16.0.201807130628/tools/compiler/bin/../lib/gcc/arm-none-eabi/7.2.1/thumb/v7e-m/fpv4-sp/hard/crtbegin.o
 *(.init)
 .init          0x0000000008009754        0x4 /Users/rad/.p2/pool/plugins/fr.ac6.mcu.externaltools.arm-none.macos64_1.16.0.201807130628/tools/compiler/bin/../lib/gcc/arm-none-eabi/7.2.1/thumb/v7e-m/fpv4-sp/hard/crti.o
                0x0000000008009754                _init
 .init          0x0000000008009758        0x8 /Users/rad/.p2/pool/plugins/fr.ac6.mcu.externaltools.arm-none.macos64_1.16.0.201807130628/tools/compiler/bin/../lib/gcc/arm-none-eabi/7.2.1/thumb/v7e-m/fpv4-sp/hard/crtn.o
 *(.fini)
 .fini          0x0000000008009760        0x4 /Users/rad/.p2/pool/plugins/fr.ac6.mcu.externaltools.arm-none.macos64_1.16.0.201807130628/tools/compiler/bin/../lib/gcc/arm-none-eabi/7.2.1/thumb/v7e-m/fpv4-sp/hard/crti.o
                0x0000000008009760                _fini
 .fini          0x0000000008009764        0x8 /Users/rad/.p2/pool/plugins/fr.ac6.mcu.externaltools.arm-none.macos64_1.16.0.201807130628/tools/compiler/bin/../lib/gcc/arm-none-eabi/7.2.1/thumb/v7e-m/fpv4-sp/hard/crtn.o
                0x000000000800976c                . = ALIGN (0x4)
                0x000000000800976c                _etext = .

.vfp11_veneer   0x000000000800976c        0x0
 .vfp11_veneer  0x000000000800976c        0x0 linker stubs

.v4_bx          0x000000000800976c        0x0
 .v4_bx         0x000000000800976c        0x0 linker stubs

.iplt           0x000000000800976c        0x0
 .iplt          0x000000000800976c        0x0 /Users/rad/.p2/pool/plugins/fr.ac6.mcu.externaltools.arm-none.macos64_1.16.0.201807130628/tools/compiler/bin/../lib/gcc/arm-none-eabi/7.2.1/thumb/v7e-m/fpv4-sp/hard/crtbegin.o

.rodata         0x0000000008009770     0x8b20
                0x0000000008009770                . = ALIGN (0x4)
 *(.rodata)
 .rodata        0x0000000008009770       0x54 Src/board.o
                0x0000000008009770                firCoeffs32
 .rodata        0x00000000080097c4       0x18 Src/system_stm32f4xx.o
                0x00000000080097c4                AHBPrescTable
                0x00000000080097d4                APBPrescTable
 *(.rodata*)
 .rodata.str1.4
                0x00000000080097dc       0x1d Src/main.o
 *fill*         0x00000000080097f9        0x3 
 .rodata.armBitRevTable
                0x00000000080097fc      0x800 /Users/rad/Dropbox/Research/sensing_board/CMSIS/Lib/GCC/libarm_cortexM4lf_math.a(arm_common_tables.o)
                0x00000000080097fc                armBitRevTable
 .rodata.twiddleCoef_4096
                0x0000000008009ffc     0x8000 /Users/rad/Dropbox/Research/sensing_board/CMSIS/Lib/GCC/libarm_cortexM4lf_math.a(arm_common_tables.o)
                0x0000000008009ffc                twiddleCoef_4096
 .rodata.sqrtf.str1.4
                0x0000000008011ffc        0x6 /Users/rad/.p2/pool/plugins/fr.ac6.mcu.externaltools.arm-none.macos64_1.16.0.201807130628/tools/compiler/bin/../lib/gcc/arm-none-eabi/7.2.1/../../../../arm-none-eabi/lib/thumb/v7e-m/fpv4-sp/hard/libm.a(lib_a-wf_sqrt.o)
 *fill*         0x0000000008012002        0x2 
 .rodata._global_impure_ptr
                0x0000000008012004        0x4 /Users/rad/.p2/pool/plugins/fr.ac6.mcu.externaltools.arm-none.macos64_1.16.0.201807130628/tools/compiler/bin/../lib/gcc/arm-none-eabi/7.2.1/../../../../arm-none-eabi/lib/thumb/v7e-m/fpv4-sp/hard/libc.a(lib_a-impure.o)
                0x0000000008012004                _global_impure_ptr
 .rodata._vfprintf_r.str1.4
                0x0000000008012008       0x42 /Users/rad/.p2/pool/plugins/fr.ac6.mcu.externaltools.arm-none.macos64_1.16.0.201807130628/tools/compiler/bin/../lib/gcc/arm-none-eabi/7.2.1/../../../../arm-none-eabi/lib/thumb/v7e-m/fpv4-sp/hard/libc.a(lib_a-vfprintf.o)
 *fill*         0x000000000801204a        0x2 
 .rodata.blanks.8566
                0x000000000801204c       0x10 /Users/rad/.p2/pool/plugins/fr.ac6.mcu.externaltools.arm-none.macos64_1.16.0.201807130628/tools/compiler/bin/../lib/gcc/arm-none-eabi/7.2.1/../../../../arm-none-eabi/lib/thumb/v7e-m/fpv4-sp/hard/libc.a(lib_a-vfprintf.o)
 .rodata.zeroes.8567
                0x000000000801205c       0x10 /Users/rad/.p2/pool/plugins/fr.ac6.mcu.externaltools.arm-none.macos64_1.16.0.201807130628/tools/compiler/bin/../lib/gcc/arm-none-eabi/7.2.1/../../../../arm-none-eabi/lib/thumb/v7e-m/fpv4-sp/hard/libc.a(lib_a-vfprintf.o)
 .rodata._dtoa_r.str1.4
                0x000000000801206c       0x10 /Users/rad/.p2/pool/plugins/fr.ac6.mcu.externaltools.arm-none.macos64_1.16.0.201807130628/tools/compiler/bin/../lib/gcc/arm-none-eabi/7.2.1/../../../../arm-none-eabi/lib/thumb/v7e-m/fpv4-sp/hard/libc.a(lib_a-dtoa.o)
                                         0x12 (size before relaxing)
 *fill*         0x000000000801207c        0x4 
 .rodata.__mprec_bigtens
                0x0000000008012080       0x28 /Users/rad/.p2/pool/plugins/fr.ac6.mcu.externaltools.arm-none.macos64_1.16.0.201807130628/tools/compiler/bin/../lib/gcc/arm-none-eabi/7.2.1/../../../../arm-none-eabi/lib/thumb/v7e-m/fpv4-sp/hard/libc.a(lib_a-mprec.o)
                0x0000000008012080                __mprec_bigtens
 .rodata.__mprec_tens
                0x00000000080120a8       0xc8 /Users/rad/.p2/pool/plugins/fr.ac6.mcu.externaltools.arm-none.macos64_1.16.0.201807130628/tools/compiler/bin/../lib/gcc/arm-none-eabi/7.2.1/../../../../arm-none-eabi/lib/thumb/v7e-m/fpv4-sp/hard/libc.a(lib_a-mprec.o)
                0x00000000080120a8                __mprec_tens
 .rodata.p05.7367
                0x0000000008012170        0xc /Users/rad/.p2/pool/plugins/fr.ac6.mcu.externaltools.arm-none.macos64_1.16.0.201807130628/tools/compiler/bin/../lib/gcc/arm-none-eabi/7.2.1/../../../../arm-none-eabi/lib/thumb/v7e-m/fpv4-sp/hard/libc.a(lib_a-mprec.o)
 .rodata._setlocale_r.str1.4
                0x000000000801217c        0xa /Users/rad/.p2/pool/plugins/fr.ac6.mcu.externaltools.arm-none.macos64_1.16.0.201807130628/tools/compiler/bin/../lib/gcc/arm-none-eabi/7.2.1/../../../../arm-none-eabi/lib/thumb/v7e-m/fpv4-sp/hard/libc.a(lib_a-locale.o)
                                          0xd (size before relaxing)
 *fill*         0x0000000008012186        0x2 
 .rodata.str1.4
                0x0000000008012188        0x4 /Users/rad/.p2/pool/plugins/fr.ac6.mcu.externaltools.arm-none.macos64_1.16.0.201807130628/tools/compiler/bin/../lib/gcc/arm-none-eabi/7.2.1/../../../../arm-none-eabi/lib/thumb/v7e-m/fpv4-sp/hard/libc.a(lib_a-locale.o)
                                          0x2 (size before relaxing)
 .rodata._ctype_
                0x000000000801218c      0x101 /Users/rad/.p2/pool/plugins/fr.ac6.mcu.externaltools.arm-none.macos64_1.16.0.201807130628/tools/compiler/bin/../lib/gcc/arm-none-eabi/7.2.1/../../../../arm-none-eabi/lib/thumb/v7e-m/fpv4-sp/hard/libc.a(lib_a-ctype_.o)
                0x000000000801218c                _ctype_
                0x0000000008012290                . = ALIGN (0x4)
 *fill*         0x000000000801228d        0x3 

.ARM.extab
 *(.ARM.extab* .gnu.linkonce.armextab.*)

.ARM            0x0000000008012290        0x8
                0x0000000008012290                __exidx_start = .
 *(.ARM.exidx*)
 .ARM.exidx     0x0000000008012290        0x8 /Users/rad/.p2/pool/plugins/fr.ac6.mcu.externaltools.arm-none.macos64_1.16.0.201807130628/tools/compiler/bin/../lib/gcc/arm-none-eabi/7.2.1/thumb/v7e-m/fpv4-sp/hard/libgcc.a(_udivmoddi4.o)
                0x0000000008012298                __exidx_end = .

.rel.dyn        0x0000000008012298        0x0
 .rel.iplt      0x0000000008012298        0x0 /Users/rad/.p2/pool/plugins/fr.ac6.mcu.externaltools.arm-none.macos64_1.16.0.201807130628/tools/compiler/bin/../lib/gcc/arm-none-eabi/7.2.1/thumb/v7e-m/fpv4-sp/hard/crtbegin.o

.preinit_array  0x0000000008012298        0x0
                0x0000000008012298                PROVIDE (__preinit_array_start, .)
 *(.preinit_array*)
                0x0000000008012298                PROVIDE (__preinit_array_end, .)

.init_array     0x0000000008012298        0x8
                0x0000000008012298                PROVIDE (__init_array_start, .)
 *(SORT_BY_NAME(.init_array.*))
 .init_array.00000
                0x0000000008012298        0x4 /Users/rad/.p2/pool/plugins/fr.ac6.mcu.externaltools.arm-none.macos64_1.16.0.201807130628/tools/compiler/bin/../lib/gcc/arm-none-eabi/7.2.1/../../../../arm-none-eabi/lib/thumb/v7e-m/fpv4-sp/hard/libc.a(lib_a-__call_atexit.o)
 *(.init_array*)
 .init_array    0x000000000801229c        0x4 /Users/rad/.p2/pool/plugins/fr.ac6.mcu.externaltools.arm-none.macos64_1.16.0.201807130628/tools/compiler/bin/../lib/gcc/arm-none-eabi/7.2.1/thumb/v7e-m/fpv4-sp/hard/crtbegin.o
                0x00000000080122a0                PROVIDE (__init_array_end, .)

.fini_array     0x00000000080122a0        0x4
                0x00000000080122a0                PROVIDE (__fini_array_start, .)
 *(SORT_BY_NAME(.fini_array.*))
 *(.fini_array*)
 .fini_array    0x00000000080122a0        0x4 /Users/rad/.p2/pool/plugins/fr.ac6.mcu.externaltools.arm-none.macos64_1.16.0.201807130628/tools/compiler/bin/../lib/gcc/arm-none-eabi/7.2.1/thumb/v7e-m/fpv4-sp/hard/crtbegin.o
                0x00000000080122a4                PROVIDE (__fini_array_end, .)
                0x00000000080122a4                _sidata = LOADADDR (.data)

.data           0x0000000020000000      0x9c8 load address 0x00000000080122a4
                0x0000000020000000                . = ALIGN (0x4)
                0x0000000020000000                _sdata = .
 *(.data)
 .data          0x0000000020000000        0x8 Drivers/STM32F4xx_HAL_Driver/Src/stm32f4xx_hal.o
                0x0000000020000000                uwTickFreq
                0x0000000020000004                uwTickPrio
 .data          0x0000000020000008        0x8 Src/board.o
                0x0000000020000008                blockSize
                0x000000002000000c                numBlocks
 .data          0x0000000020000010        0x4 Src/system_stm32f4xx.o
                0x0000000020000010                SystemCoreClock
 *(.data*)
 .data.__fdlib_version
                0x0000000020000014        0x1 /Users/rad/.p2/pool/plugins/fr.ac6.mcu.externaltools.arm-none.macos64_1.16.0.201807130628/tools/compiler/bin/../lib/gcc/arm-none-eabi/7.2.1/../../../../arm-none-eabi/lib/thumb/v7e-m/fpv4-sp/hard/libm.a(lib_a-s_lib_ver.o)
                0x0000000020000014                __fdlib_version
 *fill*         0x0000000020000015        0x3 
 .data._impure_ptr
                0x0000000020000018        0x4 /Users/rad/.p2/pool/plugins/fr.ac6.mcu.externaltools.arm-none.macos64_1.16.0.201807130628/tools/compiler/bin/../lib/gcc/arm-none-eabi/7.2.1/../../../../arm-none-eabi/lib/thumb/v7e-m/fpv4-sp/hard/libc.a(lib_a-impure.o)
                0x0000000020000018                _impure_ptr
 *fill*         0x000000002000001c        0x4 
 .data.impure_data
                0x0000000020000020      0x428 /Users/rad/.p2/pool/plugins/fr.ac6.mcu.externaltools.arm-none.macos64_1.16.0.201807130628/tools/compiler/bin/../lib/gcc/arm-none-eabi/7.2.1/../../../../arm-none-eabi/lib/thumb/v7e-m/fpv4-sp/hard/libc.a(lib_a-impure.o)
 .data.__atexit_recursive_mutex
                0x0000000020000448        0x4 /Users/rad/.p2/pool/plugins/fr.ac6.mcu.externaltools.arm-none.macos64_1.16.0.201807130628/tools/compiler/bin/../lib/gcc/arm-none-eabi/7.2.1/../../../../arm-none-eabi/lib/thumb/v7e-m/fpv4-sp/hard/libc.a(lib_a-__call_atexit.o)
                0x0000000020000448                __atexit_recursive_mutex
 .data.__malloc_av_
                0x000000002000044c      0x408 /Users/rad/.p2/pool/plugins/fr.ac6.mcu.externaltools.arm-none.macos64_1.16.0.201807130628/tools/compiler/bin/../lib/gcc/arm-none-eabi/7.2.1/../../../../arm-none-eabi/lib/thumb/v7e-m/fpv4-sp/hard/libc.a(lib_a-mallocr.o)
                0x000000002000044c                __malloc_av_
 .data.__malloc_sbrk_base
                0x0000000020000854        0x4 /Users/rad/.p2/pool/plugins/fr.ac6.mcu.externaltools.arm-none.macos64_1.16.0.201807130628/tools/compiler/bin/../lib/gcc/arm-none-eabi/7.2.1/../../../../arm-none-eabi/lib/thumb/v7e-m/fpv4-sp/hard/libc.a(lib_a-mallocr.o)
                0x0000000020000854                __malloc_sbrk_base
 .data.__malloc_trim_threshold
                0x0000000020000858        0x4 /Users/rad/.p2/pool/plugins/fr.ac6.mcu.externaltools.arm-none.macos64_1.16.0.201807130628/tools/compiler/bin/../lib/gcc/arm-none-eabi/7.2.1/../../../../arm-none-eabi/lib/thumb/v7e-m/fpv4-sp/hard/libc.a(lib_a-mallocr.o)
                0x0000000020000858                __malloc_trim_threshold
 .data.__global_locale
                0x000000002000085c      0x16c /Users/rad/.p2/pool/plugins/fr.ac6.mcu.externaltools.arm-none.macos64_1.16.0.201807130628/tools/compiler/bin/../lib/gcc/arm-none-eabi/7.2.1/../../../../arm-none-eabi/lib/thumb/v7e-m/fpv4-sp/hard/libc.a(lib_a-locale.o)
                0x000000002000085c                __global_locale
                0x00000000200009c8                . = ALIGN (0x4)
                0x00000000200009c8                _edata = .

.igot.plt       0x00000000200009c8        0x0 load address 0x0000000008012c6c
 .igot.plt      0x00000000200009c8        0x0 /Users/rad/.p2/pool/plugins/fr.ac6.mcu.externaltools.arm-none.macos64_1.16.0.201807130628/tools/compiler/bin/../lib/gcc/arm-none-eabi/7.2.1/thumb/v7e-m/fpv4-sp/hard/crtbegin.o
                0x00000000200009c8                . = ALIGN (0x4)

.bss            0x00000000200009c8     0x5838 load address 0x0000000008012c6c
                0x00000000200009c8                _sbss = .
                0x00000000200009c8                __bss_start__ = _sbss
 *(.bss)
 .bss           0x00000000200009c8       0x1c /Users/rad/.p2/pool/plugins/fr.ac6.mcu.externaltools.arm-none.macos64_1.16.0.201807130628/tools/compiler/bin/../lib/gcc/arm-none-eabi/7.2.1/thumb/v7e-m/fpv4-sp/hard/crtbegin.o
 .bss           0x00000000200009e4       0xdc Src/board.o
 .bss           0x0000000020000ac0        0x5 Src/main.o
                0x0000000020000ac0                measureMode
                0x0000000020000ac2                sample
                0x0000000020000ac4                flags
 *fill*         0x0000000020000ac5        0x3 
 .bss           0x0000000020000ac8        0x8 Src/syscalls.o
                0x0000000020000acc                __env
 *(.bss*)
 .bss.__malloc_current_mallinfo
                0x0000000020000ad0       0x28 /Users/rad/.p2/pool/plugins/fr.ac6.mcu.externaltools.arm-none.macos64_1.16.0.201807130628/tools/compiler/bin/../lib/gcc/arm-none-eabi/7.2.1/../../../../arm-none-eabi/lib/thumb/v7e-m/fpv4-sp/hard/libc.a(lib_a-mallocr.o)
                0x0000000020000ad0                __malloc_current_mallinfo
 .bss.__malloc_max_sbrked_mem
                0x0000000020000af8        0x4 /Users/rad/.p2/pool/plugins/fr.ac6.mcu.externaltools.arm-none.macos64_1.16.0.201807130628/tools/compiler/bin/../lib/gcc/arm-none-eabi/7.2.1/../../../../arm-none-eabi/lib/thumb/v7e-m/fpv4-sp/hard/libc.a(lib_a-mallocr.o)
                0x0000000020000af8                __malloc_max_sbrked_mem
 .bss.__malloc_max_total_mem
                0x0000000020000afc        0x4 /Users/rad/.p2/pool/plugins/fr.ac6.mcu.externaltools.arm-none.macos64_1.16.0.201807130628/tools/compiler/bin/../lib/gcc/arm-none-eabi/7.2.1/../../../../arm-none-eabi/lib/thumb/v7e-m/fpv4-sp/hard/libc.a(lib_a-mallocr.o)
                0x0000000020000afc                __malloc_max_total_mem
 .bss.__malloc_top_pad
                0x0000000020000b00        0x4 /Users/rad/.p2/pool/plugins/fr.ac6.mcu.externaltools.arm-none.macos64_1.16.0.201807130628/tools/compiler/bin/../lib/gcc/arm-none-eabi/7.2.1/../../../../arm-none-eabi/lib/thumb/v7e-m/fpv4-sp/hard/libc.a(lib_a-mallocr.o)
                0x0000000020000b00                __malloc_top_pad
 *(COMMON)
 COMMON         0x0000000020000b04        0x4 Drivers/STM32F4xx_HAL_Driver/Src/stm32f4xx_hal.o
                0x0000000020000b04                uwTick
 COMMON         0x0000000020000b08     0x5530 Src/board.o
                0x0000000020000b08                filtOutput
                0x0000000020001b08                adcBuffer
                0x0000000020001f08                UartHandle
                0x0000000020001f48                vibrationOutput
                0x0000000020001fb4                filtInput
                0x0000000020002fb4                fftInput
                0x0000000020004fb4                AdcHandle
                0x0000000020004ffc                TimHandle
                0x0000000020005038                fftOutput
 COMMON         0x0000000020006038      0x19f Src/main.o
                0x0000000020006038                hi2c1
                0x000000002000608c                hadc1
                0x00000000200060d4                payload
                0x0000000020006140                hspi1
                0x0000000020006198                htim2
                0x00000000200061d4                tempOutput
 *fill*         0x00000000200061d7        0x1 
 COMMON         0x00000000200061d8       0x21 /Users/rad/.p2/pool/plugins/fr.ac6.mcu.externaltools.arm-none.macos64_1.16.0.201807130628/tools/compiler/bin/../lib/gcc/arm-none-eabi/7.2.1/../../../../arm-none-eabi/lib/thumb/v7e-m/fpv4-sp/hard/libc.a(lib_a-lock.o)
                0x00000000200061d8                __lock___atexit_recursive_mutex
                0x00000000200061dc                __lock___arc4random_mutex
                0x00000000200061e0                __lock___env_recursive_mutex
                0x00000000200061e4                __lock___sinit_recursive_mutex
                0x00000000200061e8                __lock___malloc_recursive_mutex
                0x00000000200061ec                __lock___at_quick_exit_mutex
                0x00000000200061f0                __lock___dd_hash_mutex
                0x00000000200061f4                __lock___tz_mutex
                0x00000000200061f8                __lock___sfp_recursive_mutex
 *fill*         0x00000000200061f9        0x3 
 COMMON         0x00000000200061fc        0x4 /Users/rad/.p2/pool/plugins/fr.ac6.mcu.externaltools.arm-none.macos64_1.16.0.201807130628/tools/compiler/bin/../lib/gcc/arm-none-eabi/7.2.1/../../../../arm-none-eabi/lib/thumb/v7e-m/fpv4-sp/hard/libc.a(lib_a-reent.o)
                0x00000000200061fc                errno
                0x0000000020006200                . = ALIGN (0x4)
                0x0000000020006200                _ebss = .
                0x0000000020006200                __bss_end__ = _ebss

._user_heap_stack
                0x0000000020006200      0x600 load address 0x0000000008012c6c
                0x0000000020006200                . = ALIGN (0x8)
                0x0000000020006200                PROVIDE (end, .)
                [!provide]                        PROVIDE (_end, .)
                0x0000000020006400                . = (. + _Min_Heap_Size)
 *fill*         0x0000000020006200      0x200 
                0x0000000020006800                . = (. + _Min_Stack_Size)
 *fill*         0x0000000020006400      0x400 
                0x0000000020006800                . = ALIGN (0x8)

/DISCARD/
 libc.a(*)
 libm.a(*)
 libgcc.a(*)

.ARM.attributes
                0x0000000000000000       0x30
 *(.ARM.attributes)
 .ARM.attributes
                0x0000000000000000       0x22 /Users/rad/.p2/pool/plugins/fr.ac6.mcu.externaltools.arm-none.macos64_1.16.0.201807130628/tools/compiler/bin/../lib/gcc/arm-none-eabi/7.2.1/thumb/v7e-m/fpv4-sp/hard/crti.o
 .ARM.attributes
                0x0000000000000022       0x34 /Users/rad/.p2/pool/plugins/fr.ac6.mcu.externaltools.arm-none.macos64_1.16.0.201807130628/tools/compiler/bin/../lib/gcc/arm-none-eabi/7.2.1/thumb/v7e-m/fpv4-sp/hard/crtbegin.o
 .ARM.attributes
                0x0000000000000056       0x39 Drivers/STM32F4xx_HAL_Driver/Src/stm32f4xx_hal.o
 .ARM.attributes
                0x000000000000008f       0x39 Drivers/STM32F4xx_HAL_Driver/Src/stm32f4xx_hal_adc.o
 .ARM.attributes
                0x00000000000000c8       0x39 Drivers/STM32F4xx_HAL_Driver/Src/stm32f4xx_hal_cortex.o
 .ARM.attributes
                0x0000000000000101       0x39 Drivers/STM32F4xx_HAL_Driver/Src/stm32f4xx_hal_gpio.o
 .ARM.attributes
                0x000000000000013a       0x39 Drivers/STM32F4xx_HAL_Driver/Src/stm32f4xx_hal_i2c.o
 .ARM.attributes
                0x0000000000000173       0x39 Drivers/STM32F4xx_HAL_Driver/Src/stm32f4xx_hal_rcc.o
 .ARM.attributes
                0x00000000000001ac       0x39 Drivers/STM32F4xx_HAL_Driver/Src/stm32f4xx_hal_rcc_ex.o
 .ARM.attributes
                0x00000000000001e5       0x39 Drivers/STM32F4xx_HAL_Driver/Src/stm32f4xx_hal_spi.o
 .ARM.attributes
                0x000000000000021e       0x39 Drivers/STM32F4xx_HAL_Driver/Src/stm32f4xx_hal_tim.o
 .ARM.attributes
                0x0000000000000257       0x39 Drivers/STM32F4xx_HAL_Driver/Src/stm32f4xx_hal_tim_ex.o
 .ARM.attributes
                0x0000000000000290       0x39 Drivers/STM32F4xx_HAL_Driver/Src/stm32f4xx_hal_uart.o
 .ARM.attributes
                0x00000000000002c9       0x39 Src/board.o
 .ARM.attributes
                0x0000000000000302       0x39 Src/main.o
 .ARM.attributes
                0x000000000000033b       0x39 Src/stm32f4xx_hal_msp.o
 .ARM.attributes
                0x0000000000000374       0x39 Src/stm32f4xx_it.o
 .ARM.attributes
                0x00000000000003ad       0x39 Src/syscalls.o
 .ARM.attributes
                0x00000000000003e6       0x39 Src/system_stm32f4xx.o
 .ARM.attributes
                0x000000000000041f       0x21 startup/startup_stm32f446xx.o
 .ARM.attributes
                0x0000000000000440       0x39 /Users/rad/Dropbox/Research/sensing_board/CMSIS/Lib/GCC/libarm_cortexM4lf_math.a(arm_max_f32.o)
 .ARM.attributes
                0x0000000000000479       0x39 /Users/rad/Dropbox/Research/sensing_board/CMSIS/Lib/GCC/libarm_cortexM4lf_math.a(arm_cfft_radix4_init_f32.o)
 .ARM.attributes
                0x00000000000004b2       0x39 /Users/rad/Dropbox/Research/sensing_board/CMSIS/Lib/GCC/libarm_cortexM4lf_math.a(arm_cfft_radix4_f32.o)
 .ARM.attributes
                0x00000000000004eb       0x39 /Users/rad/Dropbox/Research/sensing_board/CMSIS/Lib/GCC/libarm_cortexM4lf_math.a(arm_fir_init_f32.o)
 .ARM.attributes
                0x0000000000000524       0x39 /Users/rad/Dropbox/Research/sensing_board/CMSIS/Lib/GCC/libarm_cortexM4lf_math.a(arm_fir_f32.o)
 .ARM.attributes
                0x000000000000055d       0x39 /Users/rad/Dropbox/Research/sensing_board/CMSIS/Lib/GCC/libarm_cortexM4lf_math.a(arm_cmplx_mag_f32.o)
 .ARM.attributes
                0x0000000000000596       0x39 /Users/rad/Dropbox/Research/sensing_board/CMSIS/Lib/GCC/libarm_cortexM4lf_math.a(arm_common_tables.o)
 .ARM.attributes
                0x00000000000005cf       0x39 /Users/rad/Dropbox/Research/sensing_board/CMSIS/Lib/GCC/libarm_cortexM4lf_math.a(arm_bitreversal.o)
 .ARM.attributes
                0x0000000000000608       0x34 /Users/rad/.p2/pool/plugins/fr.ac6.mcu.externaltools.arm-none.macos64_1.16.0.201807130628/tools/compiler/bin/../lib/gcc/arm-none-eabi/7.2.1/../../../../arm-none-eabi/lib/thumb/v7e-m/fpv4-sp/hard/libm.a(lib_a-wf_sqrt.o)
 .ARM.attributes
                0x000000000000063c       0x34 /Users/rad/.p2/pool/plugins/fr.ac6.mcu.externaltools.arm-none.macos64_1.16.0.201807130628/tools/compiler/bin/../lib/gcc/arm-none-eabi/7.2.1/../../../../arm-none-eabi/lib/thumb/v7e-m/fpv4-sp/hard/libm.a(lib_a-ef_sqrt.o)
 .ARM.attributes
                0x0000000000000670       0x34 /Users/rad/.p2/pool/plugins/fr.ac6.mcu.externaltools.arm-none.macos64_1.16.0.201807130628/tools/compiler/bin/../lib/gcc/arm-none-eabi/7.2.1/../../../../arm-none-eabi/lib/thumb/v7e-m/fpv4-sp/hard/libm.a(lib_a-s_lib_ver.o)
 .ARM.attributes
                0x00000000000006a4       0x34 /Users/rad/.p2/pool/plugins/fr.ac6.mcu.externaltools.arm-none.macos64_1.16.0.201807130628/tools/compiler/bin/../lib/gcc/arm-none-eabi/7.2.1/../../../../arm-none-eabi/lib/thumb/v7e-m/fpv4-sp/hard/libm.a(lib_a-s_matherr.o)
 .ARM.attributes
                0x00000000000006d8       0x22 /Users/rad/.p2/pool/plugins/fr.ac6.mcu.externaltools.arm-none.macos64_1.16.0.201807130628/tools/compiler/bin/../lib/gcc/arm-none-eabi/7.2.1/thumb/v7e-m/fpv4-sp/hard/libgcc.a(_arm_addsubdf3.o)
 .ARM.attributes
                0x00000000000006fa       0x22 /Users/rad/.p2/pool/plugins/fr.ac6.mcu.externaltools.arm-none.macos64_1.16.0.201807130628/tools/compiler/bin/../lib/gcc/arm-none-eabi/7.2.1/thumb/v7e-m/fpv4-sp/hard/libgcc.a(_arm_muldivdf3.o)
 .ARM.attributes
                0x000000000000071c       0x22 /Users/rad/.p2/pool/plugins/fr.ac6.mcu.externaltools.arm-none.macos64_1.16.0.201807130628/tools/compiler/bin/../lib/gcc/arm-none-eabi/7.2.1/thumb/v7e-m/fpv4-sp/hard/libgcc.a(_arm_truncdfsf2.o)
 .ARM.attributes
                0x000000000000073e       0x22 /Users/rad/.p2/pool/plugins/fr.ac6.mcu.externaltools.arm-none.macos64_1.16.0.201807130628/tools/compiler/bin/../lib/gcc/arm-none-eabi/7.2.1/thumb/v7e-m/fpv4-sp/hard/libgcc.a(_aeabi_uldivmod.o)
 .ARM.attributes
                0x0000000000000760       0x34 /Users/rad/.p2/pool/plugins/fr.ac6.mcu.externaltools.arm-none.macos64_1.16.0.201807130628/tools/compiler/bin/../lib/gcc/arm-none-eabi/7.2.1/thumb/v7e-m/fpv4-sp/hard/libgcc.a(_udivmoddi4.o)
 .ARM.attributes
                0x0000000000000794       0x22 /Users/rad/.p2/pool/plugins/fr.ac6.mcu.externaltools.arm-none.macos64_1.16.0.201807130628/tools/compiler/bin/../lib/gcc/arm-none-eabi/7.2.1/thumb/v7e-m/fpv4-sp/hard/libgcc.a(_dvmd_tls.o)
 .ARM.attributes
                0x00000000000007b6       0x34 /Users/rad/.p2/pool/plugins/fr.ac6.mcu.externaltools.arm-none.macos64_1.16.0.201807130628/tools/compiler/bin/../lib/gcc/arm-none-eabi/7.2.1/../../../../arm-none-eabi/lib/thumb/v7e-m/fpv4-sp/hard/libc.a(lib_a-errno.o)
 .ARM.attributes
                0x00000000000007ea       0x34 /Users/rad/.p2/pool/plugins/fr.ac6.mcu.externaltools.arm-none.macos64_1.16.0.201807130628/tools/compiler/bin/../lib/gcc/arm-none-eabi/7.2.1/../../../../arm-none-eabi/lib/thumb/v7e-m/fpv4-sp/hard/libc.a(lib_a-impure.o)
 .ARM.attributes
                0x000000000000081e       0x34 /Users/rad/.p2/pool/plugins/fr.ac6.mcu.externaltools.arm-none.macos64_1.16.0.201807130628/tools/compiler/bin/../lib/gcc/arm-none-eabi/7.2.1/../../../../arm-none-eabi/lib/thumb/v7e-m/fpv4-sp/hard/libc.a(lib_a-init.o)
 .ARM.attributes
                0x0000000000000852       0x34 /Users/rad/.p2/pool/plugins/fr.ac6.mcu.externaltools.arm-none.macos64_1.16.0.201807130628/tools/compiler/bin/../lib/gcc/arm-none-eabi/7.2.1/../../../../arm-none-eabi/lib/thumb/v7e-m/fpv4-sp/hard/libc.a(lib_a-memset.o)
 .ARM.attributes
                0x0000000000000886       0x20 /Users/rad/.p2/pool/plugins/fr.ac6.mcu.externaltools.arm-none.macos64_1.16.0.201807130628/tools/compiler/bin/../lib/gcc/arm-none-eabi/7.2.1/../../../../arm-none-eabi/lib/thumb/v7e-m/fpv4-sp/hard/libc.a(lib_a-strlen.o)
 .ARM.attributes
                0x00000000000008a6       0x34 /Users/rad/.p2/pool/plugins/fr.ac6.mcu.externaltools.arm-none.macos64_1.16.0.201807130628/tools/compiler/bin/../lib/gcc/arm-none-eabi/7.2.1/../../../../arm-none-eabi/lib/thumb/v7e-m/fpv4-sp/hard/libc.a(lib_a-vprintf.o)
 .ARM.attributes
                0x00000000000008da       0x34 /Users/rad/.p2/pool/plugins/fr.ac6.mcu.externaltools.arm-none.macos64_1.16.0.201807130628/tools/compiler/bin/../lib/gcc/arm-none-eabi/7.2.1/../../../../arm-none-eabi/lib/thumb/v7e-m/fpv4-sp/hard/libc.a(lib_a-__call_atexit.o)
 .ARM.attributes
                0x000000000000090e       0x34 /Users/rad/.p2/pool/plugins/fr.ac6.mcu.externaltools.arm-none.macos64_1.16.0.201807130628/tools/compiler/bin/../lib/gcc/arm-none-eabi/7.2.1/../../../../arm-none-eabi/lib/thumb/v7e-m/fpv4-sp/hard/libc.a(lib_a-atexit.o)
 .ARM.attributes
                0x0000000000000942       0x34 /Users/rad/.p2/pool/plugins/fr.ac6.mcu.externaltools.arm-none.macos64_1.16.0.201807130628/tools/compiler/bin/../lib/gcc/arm-none-eabi/7.2.1/../../../../arm-none-eabi/lib/thumb/v7e-m/fpv4-sp/hard/libc.a(lib_a-fini.o)
 .ARM.attributes
                0x0000000000000976       0x34 /Users/rad/.p2/pool/plugins/fr.ac6.mcu.externaltools.arm-none.macos64_1.16.0.201807130628/tools/compiler/bin/../lib/gcc/arm-none-eabi/7.2.1/../../../../arm-none-eabi/lib/thumb/v7e-m/fpv4-sp/hard/libc.a(lib_a-lock.o)
 .ARM.attributes
                0x00000000000009aa       0x34 /Users/rad/.p2/pool/plugins/fr.ac6.mcu.externaltools.arm-none.macos64_1.16.0.201807130628/tools/compiler/bin/../lib/gcc/arm-none-eabi/7.2.1/../../../../arm-none-eabi/lib/thumb/v7e-m/fpv4-sp/hard/libc.a(lib_a-vfprintf.o)
 .ARM.attributes
                0x00000000000009de       0x34 /Users/rad/.p2/pool/plugins/fr.ac6.mcu.externaltools.arm-none.macos64_1.16.0.201807130628/tools/compiler/bin/../lib/gcc/arm-none-eabi/7.2.1/../../../../arm-none-eabi/lib/thumb/v7e-m/fpv4-sp/hard/libc.a(lib_a-wsetup.o)
 .ARM.attributes
                0x0000000000000a12       0x34 /Users/rad/.p2/pool/plugins/fr.ac6.mcu.externaltools.arm-none.macos64_1.16.0.201807130628/tools/compiler/bin/../lib/gcc/arm-none-eabi/7.2.1/../../../../arm-none-eabi/lib/thumb/v7e-m/fpv4-sp/hard/libc.a(lib_a-__atexit.o)
 .ARM.attributes
                0x0000000000000a46       0x34 /Users/rad/.p2/pool/plugins/fr.ac6.mcu.externaltools.arm-none.macos64_1.16.0.201807130628/tools/compiler/bin/../lib/gcc/arm-none-eabi/7.2.1/../../../../arm-none-eabi/lib/thumb/v7e-m/fpv4-sp/hard/libc.a(lib_a-dtoa.o)
 .ARM.attributes
                0x0000000000000a7a       0x34 /Users/rad/.p2/pool/plugins/fr.ac6.mcu.externaltools.arm-none.macos64_1.16.0.201807130628/tools/compiler/bin/../lib/gcc/arm-none-eabi/7.2.1/../../../../arm-none-eabi/lib/thumb/v7e-m/fpv4-sp/hard/libc.a(lib_a-fflush.o)
 .ARM.attributes
                0x0000000000000aae       0x34 /Users/rad/.p2/pool/plugins/fr.ac6.mcu.externaltools.arm-none.macos64_1.16.0.201807130628/tools/compiler/bin/../lib/gcc/arm-none-eabi/7.2.1/../../../../arm-none-eabi/lib/thumb/v7e-m/fpv4-sp/hard/libc.a(lib_a-findfp.o)
 .ARM.attributes
                0x0000000000000ae2       0x34 /Users/rad/.p2/pool/plugins/fr.ac6.mcu.externaltools.arm-none.macos64_1.16.0.201807130628/tools/compiler/bin/../lib/gcc/arm-none-eabi/7.2.1/../../../../arm-none-eabi/lib/thumb/v7e-m/fpv4-sp/hard/libc.a(lib_a-freer.o)
 .ARM.attributes
                0x0000000000000b16       0x34 /Users/rad/.p2/pool/plugins/fr.ac6.mcu.externaltools.arm-none.macos64_1.16.0.201807130628/tools/compiler/bin/../lib/gcc/arm-none-eabi/7.2.1/../../../../arm-none-eabi/lib/thumb/v7e-m/fpv4-sp/hard/libc.a(lib_a-fwalk.o)
 .ARM.attributes
                0x0000000000000b4a       0x34 /Users/rad/.p2/pool/plugins/fr.ac6.mcu.externaltools.arm-none.macos64_1.16.0.201807130628/tools/compiler/bin/../lib/gcc/arm-none-eabi/7.2.1/../../../../arm-none-eabi/lib/thumb/v7e-m/fpv4-sp/hard/libc.a(lib_a-localeconv.o)
 .ARM.attributes
                0x0000000000000b7e       0x34 /Users/rad/.p2/pool/plugins/fr.ac6.mcu.externaltools.arm-none.macos64_1.16.0.201807130628/tools/compiler/bin/../lib/gcc/arm-none-eabi/7.2.1/../../../../arm-none-eabi/lib/thumb/v7e-m/fpv4-sp/hard/libc.a(lib_a-makebuf.o)
 .ARM.attributes
                0x0000000000000bb2       0x34 /Users/rad/.p2/pool/plugins/fr.ac6.mcu.externaltools.arm-none.macos64_1.16.0.201807130628/tools/compiler/bin/../lib/gcc/arm-none-eabi/7.2.1/../../../../arm-none-eabi/lib/thumb/v7e-m/fpv4-sp/hard/libc.a(lib_a-mallocr.o)
 .ARM.attributes
                0x0000000000000be6       0x20 /Users/rad/.p2/pool/plugins/fr.ac6.mcu.externaltools.arm-none.macos64_1.16.0.201807130628/tools/compiler/bin/../lib/gcc/arm-none-eabi/7.2.1/../../../../arm-none-eabi/lib/thumb/v7e-m/fpv4-sp/hard/libc.a(lib_a-memchr.o)
 .ARM.attributes
                0x0000000000000c06       0x20 /Users/rad/.p2/pool/plugins/fr.ac6.mcu.externaltools.arm-none.macos64_1.16.0.201807130628/tools/compiler/bin/../lib/gcc/arm-none-eabi/7.2.1/../../../../arm-none-eabi/lib/thumb/v7e-m/fpv4-sp/hard/libc.a(lib_a-memcpy.o)
 .ARM.attributes
                0x0000000000000c26       0x34 /Users/rad/.p2/pool/plugins/fr.ac6.mcu.externaltools.arm-none.macos64_1.16.0.201807130628/tools/compiler/bin/../lib/gcc/arm-none-eabi/7.2.1/../../../../arm-none-eabi/lib/thumb/v7e-m/fpv4-sp/hard/libc.a(lib_a-mlock.o)
 .ARM.attributes
                0x0000000000000c5a       0x34 /Users/rad/.p2/pool/plugins/fr.ac6.mcu.externaltools.arm-none.macos64_1.16.0.201807130628/tools/compiler/bin/../lib/gcc/arm-none-eabi/7.2.1/../../../../arm-none-eabi/lib/thumb/v7e-m/fpv4-sp/hard/libc.a(lib_a-mprec.o)
 .ARM.attributes
                0x0000000000000c8e       0x34 /Users/rad/.p2/pool/plugins/fr.ac6.mcu.externaltools.arm-none.macos64_1.16.0.201807130628/tools/compiler/bin/../lib/gcc/arm-none-eabi/7.2.1/../../../../arm-none-eabi/lib/thumb/v7e-m/fpv4-sp/hard/libc.a(lib_a-sbrkr.o)
 .ARM.attributes