Archive member included to satisfy reference by file (symbol)

/Users/rad/Dropbox/Research/sensing_board/CMSIS/Lib/GCC/libarm_cortexM4lf_math.a(arm_max_f32.o)
                              Src/board.o (arm_max_f32)
/Users/rad/Dropbox/Research/sensing_board/CMSIS/Lib/GCC/libarm_cortexM4lf_math.a(arm_cfft_radix4_init_f32.o)
                              Src/board.o (arm_cfft_radix4_init_f32)
/Users/rad/Dropbox/Research/sensing_board/CMSIS/Lib/GCC/libarm_cortexM4lf_math.a(arm_cfft_radix4_f32.o)
                              Src/board.o (arm_cfft_radix4_f32)
/Users/rad/Dropbox/Research/sensing_board/CMSIS/Lib/GCC/libarm_cortexM4lf_math.a(arm_fir_init_f32.o)
                              Src/board.o (arm_fir_init_f32)
/Users/rad/Dropbox/Research/sensing_board/CMSIS/Lib/GCC/libarm_cortexM4lf_math.a(arm_fir_f32.o)
                              Src/board.o (arm_fir_f32)
/Users/rad/Dropbox/Research/sensing_board/CMSIS/Lib/GCC/libarm_cortexM4lf_math.a(arm_cmplx_mag_f32.o)
                              Src/board.o (arm_cmplx_mag_f32)
/Users/rad/Dropbox/Research/sensing_board/CMSIS/Lib/GCC/libarm_cortexM4lf_math.a(arm_common_tables.o)
                              /Users/rad/Dropbox/Research/sensing_board/CMSIS/Lib/GCC/libarm_cortexM4lf_math.a(arm_cfft_radix4_init_f32.o) (twiddleCoef_4096)
/Users/rad/Dropbox/Research/sensing_board/CMSIS/Lib/GCC/libarm_cortexM4lf_math.a(arm_bitreversal.o)
                              /Users/rad/Dropbox/Research/sensing_board/CMSIS/Lib/GCC/libarm_cortexM4lf_math.a(arm_cfft_radix4_f32.o) (arm_bitreversal_f32)
/Users/rad/.p2/pool/plugins/fr.ac6.mcu.externaltools.arm-none.macos64_1.16.0.201807130628/tools/compiler/bin/../lib/gcc/arm-none-eabi/7.2.1/../../../../arm-none-eabi/lib/thumb/v7e-m/fpv4-sp/hard/libm.a(lib_a-wf_sqrt.o)
                              /Users/rad/Dropbox/Research/sensing_board/CMSIS/Lib/GCC/libarm_cortexM4lf_math.a(arm_cmplx_mag_f32.o) (sqrtf)
/Users/rad/.p2/pool/plugins/fr.ac6.mcu.externaltools.arm-none.macos64_1.16.0.201807130628/tools/compiler/bin/../lib/gcc/arm-none-eabi/7.2.1/../../../../arm-none-eabi/lib/thumb/v7e-m/fpv4-sp/hard/libm.a(lib_a-ef_sqrt.o)
                              /Users/rad/.p2/pool/plugins/fr.ac6.mcu.externaltools.arm-none.macos64_1.16.0.201807130628/tools/compiler/bin/../lib/gcc/arm-none-eabi/7.2.1/../../../../arm-none-eabi/lib/thumb/v7e-m/fpv4-sp/hard/libm.a(lib_a-wf_sqrt.o) (__ieee754_sqrtf)
/Users/rad/.p2/pool/plugins/fr.ac6.mcu.externaltools.arm-none.macos64_1.16.0.201807130628/tools/compiler/bin/../lib/gcc/arm-none-eabi/7.2.1/../../../../arm-none-eabi/lib/thumb/v7e-m/fpv4-sp/hard/libm.a(lib_a-s_lib_ver.o)
                              /Users/rad/.p2/pool/plugins/fr.ac6.mcu.externaltools.arm-none.macos64_1.16.0.201807130628/tools/compiler/bin/../lib/gcc/arm-none-eabi/7.2.1/../../../../arm-none-eabi/lib/thumb/v7e-m/fpv4-sp/hard/libm.a(lib_a-wf_sqrt.o) (__fdlib_version)
/Users/rad/.p2/pool/plugins/fr.ac6.mcu.externaltools.arm-none.macos64_1.16.0.201807130628/tools/compiler/bin/../lib/gcc/arm-none-eabi/7.2.1/../../../../arm-none-eabi/lib/thumb/v7e-m/fpv4-sp/hard/libm.a(lib_a-s_matherr.o)
                              /Users/rad/.p2/pool/plugins/fr.ac6.mcu.externaltools.arm-none.macos64_1.16.0.201807130628/tools/compiler/bin/../lib/gcc/arm-none-eabi/7.2.1/../../../../arm-none-eabi/lib/thumb/v7e-m/fpv4-sp/hard/libm.a(lib_a-wf_sqrt.o) (matherr)
/Users/rad/.p2/pool/plugins/fr.ac6.mcu.externaltools.arm-none.macos64_1.16.0.201807130628/tools/compiler/bin/../lib/gcc/arm-none-eabi/7.2.1/thumb/v7e-m/fpv4-sp/hard/libgcc.a(_arm_addsubdf3.o)
                              Src/main.o (__aeabi_dsub)
/Users/rad/.p2/pool/plugins/fr.ac6.mcu.externaltools.arm-none.macos64_1.16.0.201807130628/tools/compiler/bin/../lib/gcc/arm-none-eabi/7.2.1/thumb/v7e-m/fpv4-sp/hard/libgcc.a(_arm_muldivdf3.o)
                              Src/main.o (__aeabi_dmul)
/Users/rad/.p2/pool/plugins/fr.ac6.mcu.externaltools.arm-none.macos64_1.16.0.201807130628/tools/compiler/bin/../lib/gcc/arm-none-eabi/7.2.1/thumb/v7e-m/fpv4-sp/hard/libgcc.a(_arm_truncdfsf2.o)
                              Src/main.o (__aeabi_d2f)
/Users/rad/.p2/pool/plugins/fr.ac6.mcu.externaltools.arm-none.macos64_1.16.0.201807130628/tools/compiler/bin/../lib/gcc/arm-none-eabi/7.2.1/thumb/v7e-m/fpv4-sp/hard/libgcc.a(_aeabi_uldivmod.o)
                              Drivers/STM32F4xx_HAL_Driver/Src/stm32f4xx_hal_rcc.o (__aeabi_uldivmod)
/Users/rad/.p2/pool/plugins/fr.ac6.mcu.externaltools.arm-none.macos64_1.16.0.201807130628/tools/compiler/bin/../lib/gcc/arm-none-eabi/7.2.1/thumb/v7e-m/fpv4-sp/hard/libgcc.a(_udivmoddi4.o)
                              /Users/rad/.p2/pool/plugins/fr.ac6.mcu.externaltools.arm-none.macos64_1.16.0.201807130628/tools/compiler/bin/../lib/gcc/arm-none-eabi/7.2.1/thumb/v7e-m/fpv4-sp/hard/libgcc.a(_aeabi_uldivmod.o) (__udivmoddi4)
[...]
Memory Configuration

Name             Origin             Length             Attributes
RAM              0x0000000020000000 0x0000000000020000 xrw
FLASH            0x0000000008000000 0x0000000000080000 xr
*default*        0x0000000000000000 0xffffffffffffffff

Linker script and memory map

LOAD /Users/rad/.p2/pool/plugins/fr.ac6.mcu.externaltools.arm-none.macos64_1.16.0.201807130628/tools/compiler/bin/../lib/gcc/arm-none-eabi/7.2.1/thumb/v7e-m/fpv4-sp/hard/crti.o
LOAD /Users/rad/.p2/pool/plugins/fr.ac6.mcu.externaltools.arm-none.macos64_1.16.0.201807130628/tools/compiler/bin/../lib/gcc/arm-none-eabi/7.2.1/thumb/v7e-m/fpv4-sp/hard/crtbegin.o
LOAD /Users/rad/.p2/pool/plugins/fr.ac6.mcu.externaltools.arm-none.macos64_1.16.0.201807130628/tools/compiler/bin/../lib/gcc/arm-none-eabi/7.2.1/../../../../arm-none-eabi/lib/thumb/v7e-m/fpv4-sp/hard/crt0.o
LOAD Drivers/STM32F4xx_HAL_Driver/Src/stm32f4xx_hal.o
LOAD Drivers/STM32F4xx_HAL_Driver/Src/stm32f4xx_hal_adc.o
LOAD Drivers/STM32F4xx_HAL_Driver/Src/stm32f4xx_hal_adc_ex.o
LOAD Drivers/STM32F4xx_HAL_Driver/Src/stm32f4xx_hal_cortex.o
LOAD Drivers/STM32F4xx_HAL_Driver/Src/stm32f4xx_hal_dma.o
LOAD Drivers/STM32F4xx_HAL_Driver/Src/stm32f4xx_hal_dma_ex.o
LOAD Drivers/STM32F4xx_HAL_Driver/Src/stm32f4xx_hal_flash.o
LOAD Drivers/STM32F4xx_HAL_Driver/Src/stm32f4xx_hal_flash_ex.o
LOAD Drivers/STM32F4xx_HAL_Driver/Src/stm32f4xx_hal_flash_ramfunc.o
LOAD Drivers/STM32F4xx_HAL_Driver/Src/stm32f4xx_hal_gpio.o
LOAD Drivers/STM32F4xx_HAL_Driver/Src/stm32f4xx_hal_i2c.o
LOAD Drivers/STM32F4xx_HAL_Driver/Src/stm32f4xx_hal_i2c_ex.o
LOAD Drivers/STM32F4xx_HAL_Driver/Src/stm32f4xx_hal_pwr.o
LOAD Drivers/STM32F4xx_HAL_Driver/Src/stm32f4xx_hal_pwr_ex.o
LOAD Drivers/STM32F4xx_HAL_Driver/Src/stm32f4xx_hal_rcc.o
LOAD Drivers/STM32F4xx_HAL_Driver/Src/stm32f4xx_hal_rcc_ex.o
LOAD Drivers/STM32F4xx_HAL_Driver/Src/stm32f4xx_hal_spi.o
LOAD Drivers/STM32F4xx_HAL_Driver/Src/stm32f4xx_hal_tim.o
LOAD Drivers/STM32F4xx_HAL_Driver/Src/stm32f4xx_hal_tim_ex.o
LOAD Drivers/STM32F4xx_HAL_Driver/Src/stm32f4xx_hal_uart.o
LOAD Src/board.o
LOAD Src/main.o
LOAD Src/stm32f4xx_hal_msp.o
LOAD Src/stm32f4xx_it.o
LOAD Src/sx1272.o
LOAD Src/syscalls.o
LOAD Src/system_stm32f4xx.o
LOAD startup/startup_stm32f446xx.o
LOAD /Users/rad/Dropbox/Research/sensing_board/CMSIS/Lib/GCC/libarm_cortexM4lf_math.a
LOAD /Users/rad/.p2/pool/plugins/fr.ac6.mcu.externaltools.arm-none.macos64_1.16.0.201807130628/tools/compiler/bin/../lib/gcc/arm-none-eabi/7.2.1/../../../../arm-none-eabi/lib/thumb/v7e-m/fpv4-sp/hard/libm.a
START GROUP
LOAD /Users/rad/.p2/pool/plugins/fr.ac6.mcu.externaltools.arm-none.macos64_1.16.0.201807130628/tools/compiler/bin/../lib/gcc/arm-none-eabi/7.2.1/thumb/v7e-m/fpv4-sp/hard/libgcc.a
LOAD /Users/rad/.p2/pool/plugins/fr.ac6.mcu.externaltools.arm-none.macos64_1.16.0.201807130628/tools/compiler/bin/../lib/gcc/arm-none-eabi/7.2.1/../../../../arm-none-eabi/lib/thumb/v7e-m/fpv4-sp/hard/libc.a
END GROUP
LOAD /Users/rad/.p2/pool/plugins/fr.ac6.mcu.externaltools.arm-none.macos64_1.16.0.201807130628/tools/compiler/bin/../lib/gcc/arm-none-eabi/7.2.1/thumb/v7e-m/fpv4-sp/hard/crtend.o
LOAD /Users/rad/.p2/pool/plugins/fr.ac6.mcu.externaltools.arm-none.macos64_1.16.0.201807130628/tools/compiler/bin/../lib/gcc/arm-none-eabi/7.2.1/thumb/v7e-m/fpv4-sp/hard/crtn.o
                0x0000000020020000                _estack = 0x20020000
                0x0000000000000200                _Min_Heap_Size = 0x200
                0x0000000000000400                _Min_Stack_Size = 0x400

.isr_vector     0x0000000008000000      0x1c4
                0x0000000008000000                . = ALIGN (0x4)
 *(.isr_vector)
 .isr_vector    0x0000000008000000      0x1c4 startup/startup_stm32f446xx.o
                0x0000000008000000                g_pfnVectors
                0x00000000080001c4                . = ALIGN (0x4)

.text           0x0000000008000200     0xa11c
                0x0000000008000200                . = ALIGN (0x4)
 *(.text)
 .text          0x0000000008000200       0x40 /Users/rad/.p2/pool/plugins/fr.ac6.mcu.externaltools.arm-none.macos64_1.16.0.201807130628/tools/compiler/bin/../lib/gcc/arm-none-eabi/7.2.1/thumb/v7e-m/fpv4-sp/hard/crtbegin.o
 .text          0x0000000008000240      0x378 /Users/rad/.p2/pool/plugins/fr.ac6.mcu.externaltools.arm-none.macos64_1.16.0.201807130628/tools/compiler/bin/../lib/gcc/arm-none-eabi/7.2.1/thumb/v7e-m/fpv4-sp/hard/libgcc.a(_arm_addsubdf3.o)
                0x0000000008000240                __aeabi_drsub
                0x0000000008000248                __subdf3
                0x0000000008000248                __aeabi_dsub
                0x000000000800024c                __aeabi_dadd
                0x000000000800024c                __adddf3
                0x00000000080004c4                __aeabi_ui2d
                0x00000000080004c4                __floatunsidf
                0x00000000080004e4                __floatsidf
                0x00000000080004e4                __aeabi_i2d
                0x0000000008000508                __extendsfdf2
                0x0000000008000508                __aeabi_f2d
                0x000000000800054c                __aeabi_ul2d
                0x000000000800054c                __floatundidf
                0x000000000800055c                __aeabi_l2d
                0x000000000800055c                __floatdidf
 .text          0x00000000080005b8      0x424 /Users/rad/.p2/pool/plugins/fr.ac6.mcu.externaltools.arm-none.macos64_1.16.0.201807130628/tools/compiler/bin/../lib/gcc/arm-none-eabi/7.2.1/thumb/v7e-m/fpv4-sp/hard/libgcc.a(_arm_muldivdf3.o)
                0x00000000080005b8                __aeabi_dmul
                0x00000000080005b8                __muldf3
                0x000000000800080c                __aeabi_ddiv
                0x000000000800080c                __divdf3
 .text          0x00000000080009dc       0xa0 /Users/rad/.p2/pool/plugins/fr.ac6.mcu.externaltools.arm-none.macos64_1.16.0.201807130628/tools/compiler/bin/../lib/gcc/arm-none-eabi/7.2.1/thumb/v7e-m/fpv4-sp/hard/libgcc.a(_arm_truncdfsf2.o)
                0x00000000080009dc                __aeabi_d2f
                0x00000000080009dc                __truncdfsf2
 .text          0x0000000008000a7c       0x30 /Users/rad/.p2/pool/plugins/fr.ac6.mcu.externaltools.arm-none.macos64_1.16.0.201807130628/tools/compiler/bin/../lib/gcc/arm-none-eabi/7.2.1/thumb/v7e-m/fpv4-sp/hard/libgcc.a(_aeabi_uldivmod.o)
                0x0000000008000a7c                __aeabi_uldivmod
 .text          0x0000000008000aac      0x2cc /Users/rad/.p2/pool/plugins/fr.ac6.mcu.externaltools.arm-none.macos64_1.16.0.201807130628/tools/compiler/bin/../lib/gcc/arm-none-eabi/7.2.1/thumb/v7e-m/fpv4-sp/hard/libgcc.a(_udivmoddi4.o)
                0x0000000008000aac                __udivmoddi4
 .text          0x0000000008000d78        0x4 /Users/rad/.p2/pool/plugins/fr.ac6.mcu.externaltools.arm-none.macos64_1.16.0.201807130628/tools/compiler/bin/../lib/gcc/arm-none-eabi/7.2.1/thumb/v7e-m/fpv4-sp/hard/libgcc.a(_dvmd_tls.o)
                0x0000000008000d78                __aeabi_ldiv0
                0x0000000008000d78                __aeabi_idiv0
 *fill*         0x0000000008000d7c        0x4 
 .text          0x0000000008000d80       0xdc /Users/rad/.p2/pool/plugins/fr.ac6.mcu.externaltools.arm-none.macos64_1.16.0.201807130628/tools/compiler/bin/../lib/gcc/arm-none-eabi/7.2.1/../../../../arm-none-eabi/lib/thumb/v7e-m/fpv4-sp/hard/libc.a(lib_a-strlen.o)
                0x0000000008000d80                strlen
 *fill*         0x0000000008000e5c        0x4 
 .text          0x0000000008000e60       0xa0 /Users/rad/.p2/pool/plugins/fr.ac6.mcu.externaltools.arm-none.macos64_1.16.0.201807130628/tools/compiler/bin/../lib/gcc/arm-none-eabi/7.2.1/../../../../arm-none-eabi/lib/thumb/v7e-m/fpv4-sp/hard/libc.a(lib_a-memchr.o)
                0x0000000008000e60                memchr
 .text          0x0000000008000f00      0x134 /Users/rad/.p2/pool/plugins/fr.ac6.mcu.externaltools.arm-none.macos64_1.16.0.201807130628/tools/compiler/bin/../lib/gcc/arm-none-eabi/7.2.1/../../../../arm-none-eabi/lib/thumb/v7e-m/fpv4-sp/hard/libc.a(lib_a-memcpy.o)
                0x0000000008000f00                memcpy
 .text          0x0000000008001034      0x110 /Users/rad/.p2/pool/plugins/fr.ac6.mcu.externaltools.arm-none.macos64_1.16.0.201807130628/tools/compiler/bin/../lib/gcc/arm-none-eabi/7.2.1/thumb/v7e-m/fpv4-sp/hard/libgcc.a(_arm_cmpdf2.o)
                0x0000000008001034                __gedf2
                0x0000000008001034                __gtdf2
                0x000000000800103c                __ledf2
                0x000000000800103c                __ltdf2
                0x0000000008001044                __cmpdf2
                0x0000000008001044                __eqdf2
                0x0000000008001044                __nedf2
                0x00000000080010c0                __aeabi_cdrcmple
                0x00000000080010d0                __aeabi_cdcmple
                0x00000000080010d0                __aeabi_cdcmpeq
                0x00000000080010e0                __aeabi_dcmpeq
                0x00000000080010f4                __aeabi_dcmplt
                0x0000000008001108                __aeabi_dcmple
                0x000000000800111c                __aeabi_dcmpge
                0x0000000008001130                __aeabi_dcmpgt
 .text          0x0000000008001144       0x2c /Users/rad/.p2/pool/plugins/fr.ac6.mcu.externaltools.arm-none.macos64_1.16.0.201807130628/tools/compiler/bin/../lib/gcc/arm-none-eabi/7.2.1/thumb/v7e-m/fpv4-sp/hard/libgcc.a(_arm_unorddf2.o)
                0x0000000008001144                __aeabi_dcmpun
                0x0000000008001144                __unorddf2
 .text          0x0000000008001170       0x50 /Users/rad/.p2/pool/plugins/fr.ac6.mcu.externaltools.arm-none.macos64_1.16.0.201807130628/tools/compiler/bin/../lib/gcc/arm-none-eabi/7.2.1/thumb/v7e-m/fpv4-sp/hard/libgcc.a(_arm_fixdfsi.o)
                0x0000000008001170                __fixdfsi
                0x0000000008001170                __aeabi_d2iz
 *(.text*)
 .text.HAL_InitTick
                0x00000000080011c0       0x48 Drivers/STM32F4xx_HAL_Driver/Src/stm32f4xx_hal.o
                0x00000000080011c0                HAL_InitTick
 .text.HAL_Init
                0x0000000008001208       0x34 Drivers/STM32F4xx_HAL_Driver/Src/stm32f4xx_hal.o
                0x0000000008001208                HAL_Init
 .text.HAL_IncTick
                0x000000000800123c       0x18 Drivers/STM32F4xx_HAL_Driver/Src/stm32f4xx_hal.o
                0x000000000800123c                HAL_IncTick
 .text.HAL_GetTick
                0x0000000008001254        0xc Drivers/STM32F4xx_HAL_Driver/Src/stm32f4xx_hal.o
                0x0000000008001254                HAL_GetTick
 .text.HAL_Delay
                0x0000000008001260       0x28 Drivers/STM32F4xx_HAL_Driver/Src/stm32f4xx_hal.o
                0x0000000008001260                HAL_Delay
 .text.ADC_Init
                0x0000000008001288      0x130 Drivers/STM32F4xx_HAL_Driver/Src/stm32f4xx_hal_adc.o
 .text.HAL_ADC_Init
                0x00000000080013b8       0x54 Drivers/STM32F4xx_HAL_Driver/Src/stm32f4xx_hal_adc.o
                0x00000000080013b8                HAL_ADC_Init
 .text.HAL_ADC_Start
                0x000000000800140c       0xf8 Drivers/STM32F4xx_HAL_Driver/Src/stm32f4xx_hal_adc.o
                0x000000000800140c                HAL_ADC_Start
 .text.HAL_ADC_PollForConversion
                0x0000000008001504       0xb6 Drivers/STM32F4xx_HAL_Driver/Src/stm32f4xx_hal_adc.o
                0x0000000008001504                HAL_ADC_PollForConversion
 .text.HAL_ADC_GetValue
                0x00000000080015ba        0x6 Drivers/STM32F4xx_HAL_Driver/Src/stm32f4xx_hal_adc.o
                0x00000000080015ba                HAL_ADC_GetValue
 .text.HAL_ADC_ConfigChannel
                0x00000000080015c0      0x194 Drivers/STM32F4xx_HAL_Driver/Src/stm32f4xx_hal_adc.o
                0x00000000080015c0                HAL_ADC_ConfigChannel
 .text.HAL_NVIC_SetPriorityGrouping
                0x0000000008001754       0x24 Drivers/STM32F4xx_HAL_Driver/Src/stm32f4xx_hal_cortex.o
                0x0000000008001754                HAL_NVIC_SetPriorityGrouping
 .text.HAL_NVIC_SetPriority
                0x0000000008001778       0x68 Drivers/STM32F4xx_HAL_Driver/Src/stm32f4xx_hal_cortex.o
                0x0000000008001778                HAL_NVIC_SetPriority
 .text.HAL_NVIC_EnableIRQ
                0x00000000080017e0       0x18 Drivers/STM32F4xx_HAL_Driver/Src/stm32f4xx_hal_cortex.o
                0x00000000080017e0                HAL_NVIC_EnableIRQ
 .text.HAL_NVIC_DisableIRQ
                0x00000000080017f8       0x18 Drivers/STM32F4xx_HAL_Driver/Src/stm32f4xx_hal_cortex.o
                0x00000000080017f8                HAL_NVIC_DisableIRQ
 .text.HAL_SYSTICK_Config
                0x0000000008001810       0x2c Drivers/STM32F4xx_HAL_Driver/Src/stm32f4xx_hal_cortex.o
                0x0000000008001810                HAL_SYSTICK_Config
 .text.HAL_GPIO_Init
                0x000000000800183c      0x1bc Drivers/STM32F4xx_HAL_Driver/Src/stm32f4xx_hal_gpio.o
                0x000000000800183c                HAL_GPIO_Init
 .text.HAL_GPIO_WritePin
                0x00000000080019f8        0xc Drivers/STM32F4xx_HAL_Driver/Src/stm32f4xx_hal_gpio.o
                0x00000000080019f8                HAL_GPIO_WritePin
 .text.HAL_GPIO_TogglePin
                0x0000000008001a04        0x8 Drivers/STM32F4xx_HAL_Driver/Src/stm32f4xx_hal_gpio.o
                0x0000000008001a04                HAL_GPIO_TogglePin
 .text.HAL_GPIO_EXTI_IRQHandler
                0x0000000008001a0c       0x1c Drivers/STM32F4xx_HAL_Driver/Src/stm32f4xx_hal_gpio.o
                0x0000000008001a0c                HAL_GPIO_EXTI_IRQHandler
 .text.I2C_IsAcknowledgeFailed
                0x0000000008001a28       0x2a Drivers/STM32F4xx_HAL_Driver/Src/stm32f4xx_hal_i2c.o
 .text.I2C_WaitOnFlagUntilTimeout
                0x0000000008001a52       0x68 Drivers/STM32F4xx_HAL_Driver/Src/stm32f4xx_hal_i2c.o
 .text.I2C_WaitOnMasterAddressFlagUntilTimeout
                0x0000000008001aba       0x90 Drivers/STM32F4xx_HAL_Driver/Src/stm32f4xx_hal_i2c.o
 .text.I2C_WaitOnTXEFlagUntilTimeout
                0x0000000008001b4a       0x4e Drivers/STM32F4xx_HAL_Driver/Src/stm32f4xx_hal_i2c.o
 .text.I2C_RequestMemoryRead
                0x0000000008001b98      0x148 Drivers/STM32F4xx_HAL_Driver/Src/stm32f4xx_hal_i2c.o
 .text.I2C_WaitOnRXNEFlagUntilTimeout
                0x0000000008001ce0       0x5c Drivers/STM32F4xx_HAL_Driver/Src/stm32f4xx_hal_i2c.o
 .text.HAL_I2C_Init
                0x0000000008001d3c      0x11c Drivers/STM32F4xx_HAL_Driver/Src/stm32f4xx_hal_i2c.o
                0x0000000008001d3c                HAL_I2C_Init
 .text.HAL_I2C_Mem_Read
                0x0000000008001e58      0x2e8 Drivers/STM32F4xx_HAL_Driver/Src/stm32f4xx_hal_i2c.o
                0x0000000008001e58                HAL_I2C_Mem_Read
 .text.HAL_RCC_ClockConfig
                0x0000000008002140      0x158 Drivers/STM32F4xx_HAL_Driver/Src/stm32f4xx_hal_rcc.o
                0x0000000008002140                HAL_RCC_ClockConfig
 .text.HAL_RCC_GetHCLKFreq
                0x0000000008002298        0xc Drivers/STM32F4xx_HAL_Driver/Src/stm32f4xx_hal_rcc.o
                0x0000000008002298                HAL_RCC_GetHCLKFreq
 .text.HAL_RCC_GetPCLK1Freq
                0x00000000080022a4       0x20 Drivers/STM32F4xx_HAL_Driver/Src/stm32f4xx_hal_rcc.o
                0x00000000080022a4                HAL_RCC_GetPCLK1Freq
 .text.HAL_RCC_GetPCLK2Freq
                0x00000000080022c4       0x20 Drivers/STM32F4xx_HAL_Driver/Src/stm32f4xx_hal_rcc.o
                0x00000000080022c4                HAL_RCC_GetPCLK2Freq
 .text.HAL_RCC_GetSysClockFreq
                0x00000000080022e4      0x124 Drivers/STM32F4xx_HAL_Driver/Src/stm32f4xx_hal_rcc_ex.o
                0x00000000080022e4                HAL_RCC_GetSysClockFreq
 .text.HAL_RCC_OscConfig
                0x0000000008002408      0x3c4 Drivers/STM32F4xx_HAL_Driver/Src/stm32f4xx_hal_rcc_ex.o
                0x0000000008002408                HAL_RCC_OscConfig
 .text.SPI_WaitFlagStateUntilTimeout
                0x00000000080027cc       0x96 Drivers/STM32F4xx_HAL_Driver/Src/stm32f4xx_hal_spi.o
 .text.SPI_CheckFlag_BSY
                0x0000000008002862       0x28 Drivers/STM32F4xx_HAL_Driver/Src/stm32f4xx_hal_spi.o
 .text.HAL_SPI_Init
                0x000000000800288a       0x80 Drivers/STM32F4xx_HAL_Driver/Src/stm32f4xx_hal_spi.o
                0x000000000800288a                HAL_SPI_Init
 .text.HAL_SPI_Transmit
                0x000000000800290a      0x1a6 Drivers/STM32F4xx_HAL_Driver/Src/stm32f4xx_hal_spi.o
                0x000000000800290a                HAL_SPI_Transmit
 .text.HAL_SPI_TransmitReceive
                0x0000000008002ab0      0x238 Drivers/STM32F4xx_HAL_Driver/Src/stm32f4xx_hal_spi.o
                0x0000000008002ab0                HAL_SPI_TransmitReceive
 .text.HAL_SPI_Receive
                0x0000000008002ce8      0x168 Drivers/STM32F4xx_HAL_Driver/Src/stm32f4xx_hal_spi.o
                0x0000000008002ce8                HAL_SPI_Receive
 .text.TIM_TI1_ConfigInputStage
                0x0000000008002e50       0x26 Drivers/STM32F4xx_HAL_Driver/Src/stm32f4xx_hal_tim.o
 .text.TIM_TI2_ConfigInputStage
                0x0000000008002e76       0x28 Drivers/STM32F4xx_HAL_Driver/Src/stm32f4xx_hal_tim.o
 .text.TIM_ITRx_SetConfig
                0x0000000008002e9e       0x10 Drivers/STM32F4xx_HAL_Driver/Src/stm32f4xx_hal_tim.o
 .text.TIM_ETR_SetConfig
                0x0000000008002eae       0x18 Drivers/STM32F4xx_HAL_Driver/Src/stm32f4xx_hal_tim.o
 .text.HAL_TIM_Base_DeInit
                0x0000000008002ec6       0x3a Drivers/STM32F4xx_HAL_Driver/Src/stm32f4xx_hal_tim.o
                0x0000000008002ec6                HAL_TIM_Base_DeInit
 .text.HAL_TIM_Base_Start_IT
                0x0000000008002f00       0x18 Drivers/STM32F4xx_HAL_Driver/Src/stm32f4xx_hal_tim.o
                0x0000000008002f00                HAL_TIM_Base_Start_IT
 .text.HAL_TIM_ConfigClockSource
                0x0000000008002f18      0x108 Drivers/STM32F4xx_HAL_Driver/Src/stm32f4xx_hal_tim.o
                0x0000000008002f18                HAL_TIM_ConfigClockSource
 .text.HAL_TIM_OC_DelayElapsedCallback
                0x0000000008003020        0x2 Drivers/STM32F4xx_HAL_Driver/Src/stm32f4xx_hal_tim.o
                0x0000000008003020                HAL_TIM_OC_DelayElapsedCallback
 .text.HAL_TIM_IC_CaptureCallback
                0x0000000008003022        0x2 Drivers/STM32F4xx_HAL_Driver/Src/stm32f4xx_hal_tim.o
                0x0000000008003022                HAL_TIM_IC_CaptureCallback
 .text.HAL_TIM_PWM_PulseFinishedCallback
                0x0000000008003024        0x2 Drivers/STM32F4xx_HAL_Driver/Src/stm32f4xx_hal_tim.o
                0x0000000008003024                HAL_TIM_PWM_PulseFinishedCallback
 .text.HAL_TIM_TriggerCallback
                0x0000000008003026        0x2 Drivers/STM32F4xx_HAL_Driver/Src/stm32f4xx_hal_tim.o
                0x0000000008003026                HAL_TIM_TriggerCallback
 .text.HAL_TIM_IRQHandler
                0x0000000008003028      0x17a Drivers/STM32F4xx_HAL_Driver/Src/stm32f4xx_hal_tim.o
                0x0000000008003028                HAL_TIM_IRQHandler
 *fill*         0x00000000080031a2        0x2 
 .text.TIM_Base_SetConfig
                0x00000000080031a4       0xc0 Drivers/STM32F4xx_HAL_Driver/Src/stm32f4xx_hal_tim.o
                0x00000000080031a4                TIM_Base_SetConfig
 .text.HAL_TIM_Base_Init
                0x0000000008003264       0x32 Drivers/STM32F4xx_HAL_Driver/Src/stm32f4xx_hal_tim.o
                0x0000000008003264                HAL_TIM_Base_Init
 .text.HAL_TIMEx_MasterConfigSynchronization
                0x0000000008003296       0x52 Drivers/STM32F4xx_HAL_Driver/Src/stm32f4xx_hal_tim_ex.o
                0x0000000008003296                HAL_TIMEx_MasterConfigSynchronization
 .text.HAL_TIMEx_CommutationCallback
                0x00000000080032e8        0x2 Drivers/STM32F4xx_HAL_Driver/Src/stm32f4xx_hal_tim_ex.o
                0x00000000080032e8                HAL_TIMEx_CommutationCallback
 .text.HAL_TIMEx_BreakCallback
                0x00000000080032ea        0x2 Drivers/STM32F4xx_HAL_Driver/Src/stm32f4xx_hal_tim_ex.o
                0x00000000080032ea                HAL_TIMEx_BreakCallback
 .text.UART_SetConfig
                0x00000000080032ec      0x334 Drivers/STM32F4xx_HAL_Driver/Src/stm32f4xx_hal_uart.o
 .text.UART_WaitOnFlagUntilTimeout
                0x0000000008003620       0x62 Drivers/STM32F4xx_HAL_Driver/Src/stm32f4xx_hal_uart.o
 .text.HAL_UART_Init
                0x0000000008003682       0x5e Drivers/STM32F4xx_HAL_Driver/Src/stm32f4xx_hal_uart.o
                0x0000000008003682                HAL_UART_Init
 .text.HAL_UART_Transmit
                0x00000000080036e0       0xe0 Drivers/STM32F4xx_HAL_Driver/Src/stm32f4xx_hal_uart.o
                0x00000000080036e0                HAL_UART_Transmit
 .text.HAL_UART_Receive
                0x00000000080037c0       0xe4 Drivers/STM32F4xx_HAL_Driver/Src/stm32f4xx_hal_uart.o
                0x00000000080037c0                HAL_UART_Receive
 .text.SystemClock_Config
                0x00000000080038a4       0x98 Src/board.o
 .text.BRD_led_init
                0x000000000800393c       0x40 Src/board.o
                0x000000000800393c                BRD_led_init
 .text.BRD_led_toggle
                0x000000000800397c       0x10 Src/board.o
                0x000000000800397c                BRD_led_toggle
 .text.BRD_push_button_init
                0x000000000800398c       0x54 Src/board.o
                0x000000000800398c                BRD_push_button_init
 .text.BRD_button_unpush
                0x00000000080039e0        0xc Src/board.o
                0x00000000080039e0                BRD_button_unpush
 .text.HAL_GPIO_EXTI_Callback
                0x00000000080039ec       0x18 Src/board.o
                0x00000000080039ec                HAL_GPIO_EXTI_Callback
 .text.EXTI15_10_IRQHandler
                0x0000000008003a04        0xc Src/board.o
                0x0000000008003a04                EXTI15_10_IRQHandler
 .text.ADC1_Init
                0x0000000008003a10       0xa0 Src/board.o
                0x0000000008003a10                ADC1_Init
 .text.ADC_get  0x0000000008003ab0       0x2c Src/board.o
                0x0000000008003ab0                ADC_get
 .text.ADC_fill_buffer
                0x0000000008003adc       0x14 Src/board.o
                0x0000000008003adc                ADC_fill_buffer
 .text.ADC_get_buffer
                0x0000000008003af0        0xc Src/board.o
                0x0000000008003af0                ADC_get_buffer
 .text.BRD_debuguart_init
                0x0000000008003afc       0x7c Src/board.o
                0x0000000008003afc                BRD_debuguart_init
 .text.BRD_init
                0x0000000008003b78       0x14 Src/board.o
                0x0000000008003b78                BRD_init
 .text.BRD_debuguart_putc
                0x0000000008003b8c       0x20 Src/board.o
                0x0000000008003b8c                BRD_debuguart_putc
 .text.BRD_debuguart_getc
                0x0000000008003bac       0x28 Src/board.o
                0x0000000008003bac                BRD_debuguart_getc
 .text.TIM2_Init
                0x0000000008003bd4       0x84 Src/board.o
                0x0000000008003bd4                TIM2_Init
 .text.TIM2_Deinit
                0x0000000008003c58       0x10 Src/board.o
                0x0000000008003c58                TIM2_Deinit
 .text.BRD_delay
                0x0000000008003c68       0x14 Src/board.o
                0x0000000008003c68                BRD_delay
 .text.vibe_filter
                0x0000000008003c7c       0x84 Src/board.o
                0x0000000008003c7c                vibe_filter
 .text.vibe_fft
                0x0000000008003d00       0xb4 Src/board.o
                0x0000000008003d00                vibe_fft
 .text.__io_putchar
                0x0000000008003db4        0xe Src/board.o
                0x0000000008003db4                __io_putchar
 .text.__io_getchar
                0x0000000008003dc2        0x8 Src/board.o
                0x0000000008003dc2                __io_getchar
 .text.debug_printf
                0x0000000008003dca       0x1c Src/board.o
                0x0000000008003dca                debug_printf
 *fill*         0x0000000008003de6        0x2 
 .text.MX_GPIO_Init
                0x0000000008003de8       0xec Src/main.o
 .text.MX_I2C1_Init
                0x0000000008003ed4       0x34 Src/main.o
 .text.MX_SPI1_Init
                0x0000000008003f08       0x38 Src/main.o
 .text.convert_to_temp
                0x0000000008003f40       0x48 Src/main.o
                0x0000000008003f40                convert_to_temp
 .text.log_temp
                0x0000000008003f88       0x8c Src/main.o
                0x0000000008003f88                log_temp
 .text.set_payload
                0x0000000008004014       0x34 Src/main.o
                0x0000000008004014                set_payload
 .text.process_measurements
                0x0000000008004048       0xc8 Src/main.o
                0x0000000008004048                process_measurements
 .text.main     0x0000000008004110       0x7c Src/main.o
                0x0000000008004110                main
 .text.HAL_TIM_PeriodElapsedCallback
                0x000000000800418c       0x3c Src/main.o
                0x000000000800418c                HAL_TIM_PeriodElapsedCallback
 .text.HAL_MspInit
                0x00000000080041c8       0x38 Src/stm32f4xx_hal_msp.o
                0x00000000080041c8                HAL_MspInit
 .text.HAL_ADC_MspInit
                0x0000000008004200       0x68 Src/stm32f4xx_hal_msp.o
                0x0000000008004200                HAL_ADC_MspInit
 .text.HAL_I2C_MspInit
                0x0000000008004268       0x74 Src/stm32f4xx_hal_msp.o
                0x0000000008004268                HAL_I2C_MspInit
 .text.HAL_SPI_MspInit
                0x00000000080042dc       0x98 Src/stm32f4xx_hal_msp.o
                0x00000000080042dc                HAL_SPI_MspInit
 .text.HAL_TIM_Base_MspInit
                0x0000000008004374       0x3c Src/stm32f4xx_hal_msp.o
                0x0000000008004374                HAL_TIM_Base_MspInit
 .text.HAL_TIM_Base_MspDeInit
                0x00000000080043b0       0x24 Src/stm32f4xx_hal_msp.o
                0x00000000080043b0                HAL_TIM_Base_MspDeInit
 .text.HAL_UART_MspInit
                0x00000000080043d4       0x74 Src/stm32f4xx_hal_msp.o
                0x00000000080043d4                HAL_UART_MspInit
 .text.NMI_Handler
                0x0000000008004448        0x2 Src/stm32f4xx_it.o
                0x0000000008004448                NMI_Handler
 .text.HardFault_Handler
                0x000000000800444a        0x2 Src/stm32f4xx_it.o
                0x000000000800444a                HardFault_Handler
 .text.MemManage_Handler
                0x000000000800444c        0x2 Src/stm32f4xx_it.o
                0x000000000800444c                MemManage_Handler
 .text.BusFault_Handler
                0x000000000800444e        0x2 Src/stm32f4xx_it.o
                0x000000000800444e                BusFault_Handler
 .text.UsageFault_Handler
                0x0000000008004450        0x2 Src/stm32f4xx_it.o
                0x0000000008004450                UsageFault_Handler
 .text.SVC_Handler
                0x0000000008004452        0x2 Src/stm32f4xx_it.o
                0x0000000008004452                SVC_Handler
 .text.DebugMon_Handler
                0x0000000008004454        0x2 Src/stm32f4xx_it.o
                0x0000000008004454                DebugMon_Handler
 .text.PendSV_Handler
                0x0000000008004456        0x2 Src/stm32f4xx_it.o
                0x0000000008004456                PendSV_Handler
 .text.SysTick_Handler
                0x0000000008004458        0x8 Src/stm32f4xx_it.o
                0x0000000008004458                SysTick_Handler
 .text.TIM2_IRQHandler
                0x0000000008004460       0x10 Src/stm32f4xx_it.o
                0x0000000008004460                TIM2_IRQHandler
 .text.spi_select
                0x0000000008004470       0x14 Src/sx1272.o
                0x0000000008004470                spi_select
 .text.spi_deselect
                0x0000000008004484       0x14 Src/sx1272.o
                0x0000000008004484                spi_deselect
 .text.sx1272_set_op_mode
                0x0000000008004498       0x30 Src/sx1272.o
                0x0000000008004498                sx1272_set_op_mode
 .text.sx1272_set_freq
                0x00000000080044c8       0x78 Src/sx1272.o
                0x00000000080044c8                sx1272_set_freq
 .text.sx1272_set_pa_config
                0x0000000008004540       0x30 Src/sx1272.o
                0x0000000008004540                sx1272_set_pa_config
 .text.sx1272_set_ocp
                0x0000000008004570       0x30 Src/sx1272.o
                0x0000000008004570                sx1272_set_ocp
 .text.sx1272_set_fifo_addr_ptr
                0x00000000080045a0       0x30 Src/sx1272.o
                0x00000000080045a0                sx1272_set_fifo_addr_ptr
 .text.sx1272_set_tx_base
                0x00000000080045d0       0x30 Src/sx1272.o
                0x00000000080045d0                sx1272_set_tx_base
 .text.sx1272_set_irq_mask
                0x0000000008004600       0x30 Src/sx1272.o
                0x0000000008004600                sx1272_set_irq_mask
 .text.sx1272_set_modem_config
                0x0000000008004630       0x50 Src/sx1272.o
                0x0000000008004630                sx1272_set_modem_config
 .text.sx1272_set_payload_length
                0x0000000008004680       0x30 Src/sx1272.o
                0x0000000008004680                sx1272_set_payload_length
 .text.sx1272_set_max_payload
                0x00000000080046b0       0x30 Src/sx1272.o
                0x00000000080046b0                sx1272_set_max_payload
 .text.sx1272_set_sync_word
                0x00000000080046e0       0x30 Src/sx1272.o
                0x00000000080046e0                sx1272_set_sync_word
 .text.sx1272_set_dio_mapping
                0x0000000008004710       0x30 Src/sx1272.o
                0x0000000008004710                sx1272_set_dio_mapping
 .text.sx1272_clear_irq_flags
                0x0000000008004740       0x34 Src/sx1272.o
                0x0000000008004740                sx1272_clear_irq_flags
 .text.sx1272_write_fifo
                0x0000000008004774       0x30 Src/sx1272.o
                0x0000000008004774                sx1272_write_fifo
 .text.sx1272_sleep
                0x00000000080047a4        0xa Src/sx1272.o
                0x00000000080047a4                sx1272_sleep
 *fill*         0x00000000080047ae        0x2 
 .text.sx1272_lora_init
                0x00000000080047b0       0x64 Src/sx1272.o
                0x00000000080047b0                sx1272_lora_init
 .text.sx1272_stdby
                0x0000000008004814        0xa Src/sx1272.o
                0x0000000008004814                sx1272_stdby
 *fill*         0x000000000800481e        0x2 
 .text.sx1272_get_irq_flags
                0x0000000008004820       0x48 Src/sx1272.o
                0x0000000008004820                sx1272_get_irq_flags
 .text.sx1272_get_op_mode
                0x0000000008004868       0x48 Src/sx1272.o
                0x0000000008004868                sx1272_get_op_mode
 .text.compute_crc
                0x00000000080048b0       0x32 Src/sx1272.o
                0x00000000080048b0                compute_crc
 .text.radio_packet_crc_compute
                0x00000000080048e2       0x48 Src/sx1272.o
                0x00000000080048e2                radio_packet_crc_compute
 .text.sx1272_send
                0x000000000800492a       0xa2 Src/sx1272.o
                0x000000000800492a                sx1272_send
 .text._read    0x00000000080049cc       0x1c Src/syscalls.o
                0x00000000080049cc                _read
 .text._write   0x00000000080049e8       0x1c Src/syscalls.o
                0x00000000080049e8                _write
 .text._sbrk    0x0000000008004a04       0x3c Src/syscalls.o
                0x0000000008004a04                _sbrk
 .text._close   0x0000000008004a40        0x6 Src/syscalls.o
                0x0000000008004a40                _close
 .text._fstat   0x0000000008004a46        0xa Src/syscalls.o
                0x0000000008004a46                _fstat
 .text._isatty  0x0000000008004a50        0x4 Src/syscalls.o
                0x0000000008004a50                _isatty
 .text._lseek   0x0000000008004a54        0x4 Src/syscalls.o
                0x0000000008004a54                _lseek
 .text.SystemInit
                0x0000000008004a58       0x4c Src/system_stm32f4xx.o
                0x0000000008004a58                SystemInit
 .text.Reset_Handler
                0x0000000008004aa4       0x50 startup/startup_stm32f446xx.o
                0x0000000008004aa4                Reset_Handler
 .text.Default_Handler
                0x0000000008004af4        0x2 startup/startup_stm32f446xx.o
                0x0000000008004af4                FMPI2C1_Error_IRQHandler
                0x0000000008004af4                EXTI2_IRQHandler
                0x0000000008004af4                TIM8_CC_IRQHandler
                0x0000000008004af4                SPI4_IRQHandler
                0x0000000008004af4                TIM1_CC_IRQHandler
                0x0000000008004af4                DMA2_Stream5_IRQHandler
                0x0000000008004af4                DMA1_Stream5_IRQHandler
                0x0000000008004af4                PVD_IRQHandler
                0x0000000008004af4                SDIO_IRQHandler
                0x0000000008004af4                TAMP_STAMP_IRQHandler
                0x0000000008004af4                CAN2_RX1_IRQHandler
                0x0000000008004af4                EXTI3_IRQHandler
                0x0000000008004af4                TIM8_TRG_COM_TIM14_IRQHandler
                0x0000000008004af4                TIM1_UP_TIM10_IRQHandler
                0x0000000008004af4                TIM8_UP_TIM13_IRQHandler
                0x0000000008004af4                I2C3_ER_IRQHandler
                0x0000000008004af4                FMPI2C1_Event_IRQHandler
                0x0000000008004af4                EXTI0_IRQHandler
                0x0000000008004af4                I2C2_EV_IRQHandler
                0x0000000008004af4                DMA1_Stream2_IRQHandler
                0x0000000008004af4                CAN1_RX0_IRQHandler
                0x0000000008004af4                FPU_IRQHandler
                0x0000000008004af4                OTG_HS_WKUP_IRQHandler
                0x0000000008004af4                CAN2_SCE_IRQHandler
                0x0000000008004af4                DMA2_Stream2_IRQHandler
                0x0000000008004af4                SPI1_IRQHandler
                0x0000000008004af4                TIM6_DAC_IRQHandler
                0x0000000008004af4                TIM1_BRK_TIM9_IRQHandler
                0x0000000008004af4                DCMI_IRQHandler
                0x0000000008004af4                CAN2_RX0_IRQHandler
                0x0000000008004af4                DMA2_Stream3_IRQHandler
                0x0000000008004af4                SAI2_IRQHandler
                0x0000000008004af4                USART6_IRQHandler
                0x0000000008004af4                USART3_IRQHandler
                0x0000000008004af4                CAN1_RX1_IRQHandler
                0x0000000008004af4                UART5_IRQHandler
                0x0000000008004af4                DMA2_Stream0_IRQHandler
                0x0000000008004af4                TIM4_IRQHandler
                0x0000000008004af4                QUADSPI_IRQHandler
                0x0000000008004af4                I2C1_EV_IRQHandler
                0x0000000008004af4                DMA1_Stream6_IRQHandler
                0x0000000008004af4                DMA1_Stream1_IRQHandler
                0x0000000008004af4                UART4_IRQHandler
                0x0000000008004af4                TIM3_IRQHandler
                0x0000000008004af4                RCC_IRQHandler
                0x0000000008004af4                TIM8_BRK_TIM12_IRQHandler
                0x0000000008004af4                Default_Handler
                0x0000000008004af4                CEC_IRQHandler
                0x0000000008004af4                ADC_IRQHandler
                0x0000000008004af4                DMA1_Stream7_IRQHandler
                0x0000000008004af4                TIM7_IRQHandler
                0x0000000008004af4                CAN2_TX_IRQHandler
                0x0000000008004af4                TIM5_IRQHandler
                0x0000000008004af4                DMA2_Stream7_IRQHandler
                0x0000000008004af4                I2C3_EV_IRQHandler
                0x0000000008004af4                EXTI9_5_IRQHandler
                0x0000000008004af4                RTC_WKUP_IRQHandler
                0x0000000008004af4                SPDIF_RX_IRQHandler
                0x0000000008004af4                SPI2_IRQHandler
                0x0000000008004af4                OTG_HS_EP1_IN_IRQHandler
                0x0000000008004af4                DMA1_Stream0_IRQHandler
                0x0000000008004af4                CAN1_TX_IRQHandler
                0x0000000008004af4                EXTI4_IRQHandler
                0x0000000008004af4                OTG_HS_EP1_OUT_IRQHandler
                0x0000000008004af4                WWDG_IRQHandler
                0x0000000008004af4                OTG_FS_WKUP_IRQHandler
                0x0000000008004af4                TIM1_TRG_COM_TIM11_IRQHandler
                0x0000000008004af4                OTG_HS_IRQHandler
                0x0000000008004af4                EXTI1_IRQHandler
                0x0000000008004af4                USART2_IRQHandler
                0x0000000008004af4                I2C2_ER_IRQHandler
                0x0000000008004af4                DMA2_Stream1_IRQHandler
                0x0000000008004af4                CAN1_SCE_IRQHandler
                0x0000000008004af4                FLASH_IRQHandler
                0x0000000008004af4                DMA2_Stream4_IRQHandler
                0x0000000008004af4                USART1_IRQHandler
                0x0000000008004af4                OTG_FS_IRQHandler
                0x0000000008004af4                SPI3_IRQHandler
                0x0000000008004af4                DMA1_Stream4_IRQHandler
                0x0000000008004af4                I2C1_ER_IRQHandler
                0x0000000008004af4                FMC_IRQHandler
                0x0000000008004af4                DMA2_Stream6_IRQHandler
                0x0000000008004af4                SAI1_IRQHandler
                0x0000000008004af4                DMA1_Stream3_IRQHandler
                0x0000000008004af4                RTC_Alarm_IRQHandler
 *fill*         0x0000000008004af6        0x2 
 .text.arm_max_f32
                0x0000000008004af8       0xd0 /Users/rad/Dropbox/Research/sensing_board/CMSIS/Lib/GCC/libarm_cortexM4lf_math.a(arm_max_f32.o)
                0x0000000008004af8                arm_max_f32
 .text.arm_cfft_radix4_init_f32
                0x0000000008004bc8       0xcc /Users/rad/Dropbox/Research/sensing_board/CMSIS/Lib/GCC/libarm_cortexM4lf_math.a(arm_cfft_radix4_init_f32.o)
                0x0000000008004bc8                arm_cfft_radix4_init_f32
 .text.arm_radix4_butterfly_f32
                0x0000000008004c94      0x394 /Users/rad/Dropbox/Research/sensing_board/CMSIS/Lib/GCC/libarm_cortexM4lf_math.a(arm_cfft_radix4_f32.o)
                0x0000000008004c94                arm_radix4_butterfly_f32
 .text.arm_radix4_butterfly_inverse_f32
                0x0000000008005028      0x3b0 /Users/rad/Dropbox/Research/sensing_board/CMSIS/Lib/GCC/libarm_cortexM4lf_math.a(arm_cfft_radix4_f32.o)
                0x0000000008005028                arm_radix4_butterfly_inverse_f32
 .text.arm_cfft_radix4_f32
                0x00000000080053d8       0x40 /Users/rad/Dropbox/Research/sensing_board/CMSIS/Lib/GCC/libarm_cortexM4lf_math.a(arm_cfft_radix4_f32.o)
                0x00000000080053d8                arm_cfft_radix4_f32
 .text.arm_fir_init_f32
                0x0000000008005418       0x24 /Users/rad/Dropbox/Research/sensing_board/CMSIS/Lib/GCC/libarm_cortexM4lf_math.a(arm_fir_init_f32.o)
                0x0000000008005418                arm_fir_init_f32
 .text.arm_fir_f32
                0x000000000800543c      0x4c8 /Users/rad/Dropbox/Research/sensing_board/CMSIS/Lib/GCC/libarm_cortexM4lf_math.a(arm_fir_f32.o)
                0x000000000800543c                arm_fir_f32
 .text.arm_cmplx_mag_f32
                0x0000000008005904      0x1d0 /Users/rad/Dropbox/Research/sensing_board/CMSIS/Lib/GCC/libarm_cortexM4lf_math.a(arm_cmplx_mag_f32.o)
                0x0000000008005904                arm_cmplx_mag_f32
 .text.arm_bitreversal_f32
                0x0000000008005ad4       0xe0 /Users/rad/Dropbox/Research/sensing_board/CMSIS/Lib/GCC/libarm_cortexM4lf_math.a(arm_bitreversal.o)
                0x0000000008005ad4                arm_bitreversal_f32
 .text.sqrtf    0x0000000008005bb4       0xac /Users/rad/.p2/pool/plugins/fr.ac6.mcu.externaltools.arm-none.macos64_1.16.0.201807130628/tools/compiler/bin/../lib/gcc/arm-none-eabi/7.2.1/../../../../arm-none-eabi/lib/thumb/v7e-m/fpv4-sp/hard/libm.a(lib_a-wf_sqrt.o)
                0x0000000008005bb4                sqrtf
 .text.__ieee754_sqrtf
                0x0000000008005c60        0x8 /Users/rad/.p2/pool/plugins/fr.ac6.mcu.externaltools.arm-none.macos64_1.16.0.201807130628/tools/compiler/bin/../lib/gcc/arm-none-eabi/7.2.1/../../../../arm-none-eabi/lib/thumb/v7e-m/fpv4-sp/hard/libm.a(lib_a-ef_sqrt.o)
                0x0000000008005c60                __ieee754_sqrtf
 .text.matherr  0x0000000008005c68        0x4 /Users/rad/.p2/pool/plugins/fr.ac6.mcu.externaltools.arm-none.macos64_1.16.0.201807130628/tools/compiler/bin/../lib/gcc/arm-none-eabi/7.2.1/../../../../arm-none-eabi/lib/thumb/v7e-m/fpv4-sp/hard/libm.a(lib_a-s_matherr.o)
                0x0000000008005c68                matherr
 .text.__errno  0x0000000008005c6c        0xc /Users/rad/.p2/pool/plugins/fr.ac6.mcu.externaltools.arm-none.macos64_1.16.0.201807130628/tools/compiler/bin/../lib/gcc/arm-none-eabi/7.2.1/../../../../arm-none-eabi/lib/thumb/v7e-m/fpv4-sp/hard/libc.a(lib_a-errno.o)
                0x0000000008005c6c                __errno
 .text.__libc_init_array
                0x0000000008005c78       0x48 /Users/rad/.p2/pool/plugins/fr.ac6.mcu.externaltools.arm-none.macos64_1.16.0.201807130628/tools/compiler/bin/../lib/gcc/arm-none-eabi/7.2.1/../../../../arm-none-eabi/lib/thumb/v7e-m/fpv4-sp/hard/libc.a(lib_a-init.o)
                0x0000000008005c78                __libc_init_array
 .text.memset   0x0000000008005cc0       0x94 /Users/rad/.p2/pool/plugins/fr.ac6.mcu.externaltools.arm-none.macos64_1.16.0.201807130628/tools/compiler/bin/../lib/gcc/arm-none-eabi/7.2.1/../../../../arm-none-eabi/lib/thumb/v7e-m/fpv4-sp/hard/libc.a(lib_a-memset.o)
                0x0000000008005cc0                memset
 .text.vprintf  0x0000000008005d54       0x1c /Users/rad/.p2/pool/plugins/fr.ac6.mcu.externaltools.arm-none.macos64_1.16.0.201807130628/tools/compiler/bin/../lib/gcc/arm-none-eabi/7.2.1/../../../../arm-none-eabi/lib/thumb/v7e-m/fpv4-sp/hard/libc.a(lib_a-vprintf.o)
                0x0000000008005d54                vprintf
 .text.startup.register_fini
                0x0000000008005d70       0x14 /Users/rad/.p2/pool/plugins/fr.ac6.mcu.externaltools.arm-none.macos64_1.16.0.201807130628/tools/compiler/bin/../lib/gcc/arm-none-eabi/7.2.1/../../../../arm-none-eabi/lib/thumb/v7e-m/fpv4-sp/hard/libc.a(lib_a-__call_atexit.o)
 .text.atexit   0x0000000008005d84        0xc /Users/rad/.p2/pool/plugins/fr.ac6.mcu.externaltools.arm-none.macos64_1.16.0.201807130628/tools/compiler/bin/../lib/gcc/arm-none-eabi/7.2.1/../../../../arm-none-eabi/lib/thumb/v7e-m/fpv4-sp/hard/libc.a(lib_a-atexit.o)
                0x0000000008005d84                atexit
 .text.__libc_fini_array
                0x0000000008005d90       0x34 /Users/rad/.p2/pool/plugins/fr.ac6.mcu.externaltools.arm-none.macos64_1.16.0.201807130628/tools/compiler/bin/../lib/gcc/arm-none-eabi/7.2.1/../../../../arm-none-eabi/lib/thumb/v7e-m/fpv4-sp/hard/libc.a(lib_a-fini.o)
                0x0000000008005d90                __libc_fini_array
 .text.__retarget_lock_init_recursive
                0x0000000008005dc4        0x4 /Users/rad/.p2/pool/plugins/fr.ac6.mcu.externaltools.arm-none.macos64_1.16.0.201807130628/tools/compiler/bin/../lib/gcc/arm-none-eabi/7.2.1/../../../../arm-none-eabi/lib/thumb/v7e-m/fpv4-sp/hard/libc.a(lib_a-lock.o)
                0x0000000008005dc4                __retarget_lock_init_recursive
 .text.__retarget_lock_close_recursive
                0x0000000008005dc8        0x4 /Users/rad/.p2/pool/plugins/fr.ac6.mcu.externaltools.arm-none.macos64_1.16.0.201807130628/tools/compiler/bin/../lib/gcc/arm-none-eabi/7.2.1/../../../../arm-none-eabi/lib/thumb/v7e-m/fpv4-sp/hard/libc.a(lib_a-lock.o)
                0x0000000008005dc8                __retarget_lock_close_recursive
 .text.__retarget_lock_acquire_recursive
                0x0000000008005dcc        0x4 /Users/rad/.p2/pool/plugins/fr.ac6.mcu.externaltools.arm-none.macos64_1.16.0.201807130628/tools/compiler/bin/../lib/gcc/arm-none-eabi/7.2.1/../../../../arm-none-eabi/lib/thumb/v7e-m/fpv4-sp/hard/libc.a(lib_a-lock.o)
                0x0000000008005dcc                __retarget_lock_acquire_recursive
 .text.__retarget_lock_release_recursive
                0x0000000008005dd0        0x4 /Users/rad/.p2/pool/plugins/fr.ac6.mcu.externaltools.arm-none.macos64_1.16.0.201807130628/tools/compiler/bin/../lib/gcc/arm-none-eabi/7.2.1/../../../../arm-none-eabi/lib/thumb/v7e-m/fpv4-sp/hard/libc.a(lib_a-lock.o)
                0x0000000008005dd0                __retarget_lock_release_recursive
 *fill*         0x0000000008005dd4        0x4 
 .text._vfprintf_r
                0x0000000008005dd8     0x150c /Users/rad/.p2/pool/plugins/fr.ac6.mcu.externaltools.arm-none.macos64_1.16.0.201807130628/tools/compiler/bin/../lib/gcc/arm-none-eabi/7.2.1/../../../../arm-none-eabi/lib/thumb/v7e-m/fpv4-sp/hard/libc.a(lib_a-vfprintf.o)
                0x0000000008005dd8                _vfprintf_r
 .text.__sbprintf
                0x00000000080072e4       0x84 /Users/rad/.p2/pool/plugins/fr.ac6.mcu.externaltools.arm-none.macos64_1.16.0.201807130628/tools/compiler/bin/../lib/gcc/arm-none-eabi/7.2.1/../../../../arm-none-eabi/lib/thumb/v7e-m/fpv4-sp/hard/libc.a(lib_a-vfprintf.o)
 .text.__swsetup_r
                0x0000000008007368       0xcc /Users/rad/.p2/pool/plugins/fr.ac6.mcu.externaltools.arm-none.macos64_1.16.0.201807130628/tools/compiler/bin/../lib/gcc/arm-none-eabi/7.2.1/../../../../arm-none-eabi/lib/thumb/v7e-m/fpv4-sp/hard/libc.a(lib_a-wsetup.o)
                0x0000000008007368                __swsetup_r
 .text.__register_exitproc
                0x0000000008007434       0xc0 /Users/rad/.p2/pool/plugins/fr.ac6.mcu.externaltools.arm-none.macos64_1.16.0.201807130628/tools/compiler/bin/../lib/gcc/arm-none-eabi/7.2.1/../../../../arm-none-eabi/lib/thumb/v7e-m/fpv4-sp/hard/libc.a(lib_a-__atexit.o)
                0x0000000008007434                __register_exitproc
 .text.quorem   0x00000000080074f4      0x124 /Users/rad/.p2/pool/plugins/fr.ac6.mcu.externaltools.arm-none.macos64_1.16.0.201807130628/tools/compiler/bin/../lib/gcc/arm-none-eabi/7.2.1/../../../../arm-none-eabi/lib/thumb/v7e-m/fpv4-sp/hard/libc.a(lib_a-dtoa.o)
 .text._dtoa_r  0x0000000008007618      0xe28 /Users/rad/.p2/pool/plugins/fr.ac6.mcu.externaltools.arm-none.macos64_1.16.0.201807130628/tools/compiler/bin/../lib/gcc/arm-none-eabi/7.2.1/../../../../arm-none-eabi/lib/thumb/v7e-m/fpv4-sp/hard/libc.a(lib_a-dtoa.o)
                0x0000000008007618                _dtoa_r
 .text.__sflush_r
                0x0000000008008440      0x154 /Users/rad/.p2/pool/plugins/fr.ac6.mcu.externaltools.arm-none.macos64_1.16.0.201807130628/tools/compiler/bin/../lib/gcc/arm-none-eabi/7.2.1/../../../../arm-none-eabi/lib/thumb/v7e-m/fpv4-sp/hard/libc.a(lib_a-fflush.o)
                0x0000000008008440                __sflush_r
 .text._fflush_r
                0x0000000008008594       0x5c /Users/rad/.p2/pool/plugins/fr.ac6.mcu.externaltools.arm-none.macos64_1.16.0.201807130628/tools/compiler/bin/../lib/gcc/arm-none-eabi/7.2.1/../../../../arm-none-eabi/lib/thumb/v7e-m/fpv4-sp/hard/libc.a(lib_a-fflush.o)
                0x0000000008008594                _fflush_r
 .text.std      0x00000000080085f0       0x50 /Users/rad/.p2/pool/plugins/fr.ac6.mcu.externaltools.arm-none.macos64_1.16.0.201807130628/tools/compiler/bin/../lib/gcc/arm-none-eabi/7.2.1/../../../../arm-none-eabi/lib/thumb/v7e-m/fpv4-sp/hard/libc.a(lib_a-findfp.o)
 .text._cleanup_r
                0x0000000008008640        0xc /Users/rad/.p2/pool/plugins/fr.ac6.mcu.externaltools.arm-none.macos64_1.16.0.201807130628/tools/compiler/bin/../lib/gcc/arm-none-eabi/7.2.1/../../../../arm-none-eabi/lib/thumb/v7e-m/fpv4-sp/hard/libc.a(lib_a-findfp.o)
                0x0000000008008640                _cleanup_r
 .text.__sinit  0x000000000800864c       0x58 /Users/rad/.p2/pool/plugins/fr.ac6.mcu.externaltools.arm-none.macos64_1.16.0.201807130628/tools/compiler/bin/../lib/gcc/arm-none-eabi/7.2.1/../../../../arm-none-eabi/lib/thumb/v7e-m/fpv4-sp/hard/libc.a(lib_a-findfp.o)
                0x000000000800864c                __sinit
 .text.__sfp_lock_acquire
                0x00000000080086a4        0xc /Users/rad/.p2/pool/plugins/fr.ac6.mcu.externaltools.arm-none.macos64_1.16.0.201807130628/tools/compiler/bin/../lib/gcc/arm-none-eabi/7.2.1/../../../../arm-none-eabi/lib/thumb/v7e-m/fpv4-sp/hard/libc.a(lib_a-findfp.o)
                0x00000000080086a4                __sfp_lock_acquire
 .text.__sfp_lock_release
                0x00000000080086b0        0xc /Users/rad/.p2/pool/plugins/fr.ac6.mcu.externaltools.arm-none.macos64_1.16.0.201807130628/tools/compiler/bin/../lib/gcc/arm-none-eabi/7.2.1/../../../../arm-none-eabi/lib/thumb/v7e-m/fpv4-sp/hard/libc.a(lib_a-findfp.o)
                0x00000000080086b0                __sfp_lock_release
 .text._malloc_trim_r
                0x00000000080086bc       0xa0 /Users/rad/.p2/pool/plugins/fr.ac6.mcu.externaltools.arm-none.macos64_1.16.0.201807130628/tools/compiler/bin/../lib/gcc/arm-none-eabi/7.2.1/../../../../arm-none-eabi/lib/thumb/v7e-m/fpv4-sp/hard/libc.a(lib_a-freer.o)
                0x00000000080086bc                _malloc_trim_r
 .text._free_r  0x000000000800875c      0x1e8 /Users/rad/.p2/pool/plugins/fr.ac6.mcu.externaltools.arm-none.macos64_1.16.0.201807130628/tools/compiler/bin/../lib/gcc/arm-none-eabi/7.2.1/../../../../arm-none-eabi/lib/thumb/v7e-m/fpv4-sp/hard/libc.a(lib_a-freer.o)
                0x000000000800875c                _free_r
 .text._fwalk_reent
                0x0000000008008944       0x54 /Users/rad/.p2/pool/plugins/fr.ac6.mcu.externaltools.arm-none.macos64_1.16.0.201807130628/tools/compiler/bin/../lib/gcc/arm-none-eabi/7.2.1/../../../../arm-none-eabi/lib/thumb/v7e-m/fpv4-sp/hard/libc.a(lib_a-fwalk.o)
                0x0000000008008944                _fwalk_reent
 .text._localeconv_r
                0x0000000008008998       0x1c /Users/rad/.p2/pool/plugins/fr.ac6.mcu.externaltools.arm-none.macos64_1.16.0.201807130628/tools/compiler/bin/../lib/gcc/arm-none-eabi/7.2.1/../../../../arm-none-eabi/lib/thumb/v7e-m/fpv4-sp/hard/libc.a(lib_a-localeconv.o)
                0x0000000008008998                _localeconv_r
 .text.__swhatbuf_r
                0x00000000080089b4       0x5c /Users/rad/.p2/pool/plugins/fr.ac6.mcu.externaltools.arm-none.macos64_1.16.0.201807130628/tools/compiler/bin/../lib/gcc/arm-none-eabi/7.2.1/../../../../arm-none-eabi/lib/thumb/v7e-m/fpv4-sp/hard/libc.a(lib_a-makebuf.o)
                0x00000000080089b4                __swhatbuf_r
 .text.__smakebuf_r
                0x0000000008008a10       0x94 /Users/rad/.p2/pool/plugins/fr.ac6.mcu.externaltools.arm-none.macos64_1.16.0.201807130628/tools/compiler/bin/../lib/gcc/arm-none-eabi/7.2.1/../../../../arm-none-eabi/lib/thumb/v7e-m/fpv4-sp/hard/libc.a(lib_a-makebuf.o)
                0x0000000008008a10                __smakebuf_r
 .text._malloc_r
                0x0000000008008aa4      0x548 /Users/rad/.p2/pool/plugins/fr.ac6.mcu.externaltools.arm-none.macos64_1.16.0.201807130628/tools/compiler/bin/../lib/gcc/arm-none-eabi/7.2.1/../../../../arm-none-eabi/lib/thumb/v7e-m/fpv4-sp/hard/libc.a(lib_a-mallocr.o)
                0x0000000008008aa4                _malloc_r
 .text.__malloc_lock
                0x0000000008008fec        0xc /Users/rad/.p2/pool/plugins/fr.ac6.mcu.externaltools.arm-none.macos64_1.16.0.201807130628/tools/compiler/bin/../lib/gcc/arm-none-eabi/7.2.1/../../../../arm-none-eabi/lib/thumb/v7e-m/fpv4-sp/hard/libc.a(lib_a-mlock.o)
                0x0000000008008fec                __malloc_lock
 .text.__malloc_unlock
                0x0000000008008ff8        0xc /Users/rad/.p2/pool/plugins/fr.ac6.mcu.externaltools.arm-none.macos64_1.16.0.201807130628/tools/compiler/bin/../lib/gcc/arm-none-eabi/7.2.1/../../../../arm-none-eabi/lib/thumb/v7e-m/fpv4-sp/hard/libc.a(lib_a-mlock.o)
                0x0000000008008ff8                __malloc_unlock
 .text._Balloc  0x0000000008009004       0x4c /Users/rad/.p2/pool/plugins/fr.ac6.mcu.externaltools.arm-none.macos64_1.16.0.201807130628/tools/compiler/bin/../lib/gcc/arm-none-eabi/7.2.1/../../../../arm-none-eabi/lib/thumb/v7e-m/fpv4-sp/hard/libc.a(lib_a-mprec.o)
                0x0000000008009004                _Balloc
 .text._Bfree   0x0000000008009050       0x14 /Users/rad/.p2/pool/plugins/fr.ac6.mcu.externaltools.arm-none.macos64_1.16.0.201807130628/tools/compiler/bin/../lib/gcc/arm-none-eabi/7.2.1/../../../../arm-none-eabi/lib/thumb/v7e-m/fpv4-sp/hard/libc.a(lib_a-mprec.o)
                0x0000000008009050                _Bfree
 .text.__multadd
                0x0000000008009064       0x80 /Users/rad/.p2/pool/plugins/fr.ac6.mcu.externaltools.arm-none.macos64_1.16.0.201807130628/tools/compiler/bin/../lib/gcc/arm-none-eabi/7.2.1/../../../../arm-none-eabi/lib/thumb/v7e-m/fpv4-sp/hard/libc.a(lib_a-mprec.o)
                0x0000000008009064                __multadd
 .text.__hi0bits
                0x00000000080090e4       0x40 /Users/rad/.p2/pool/plugins/fr.ac6.mcu.externaltools.arm-none.macos64_1.16.0.201807130628/tools/compiler/bin/../lib/gcc/arm-none-eabi/7.2.1/../../../../arm-none-eabi/lib/thumb/v7e-m/fpv4-sp/hard/libc.a(lib_a-mprec.o)
                0x00000000080090e4                __hi0bits
 .text.__lo0bits
                0x0000000008009124       0x60 /Users/rad/.p2/pool/plugins/fr.ac6.mcu.externaltools.arm-none.macos64_1.16.0.201807130628/tools/compiler/bin/../lib/gcc/arm-none-eabi/7.2.1/../../../../arm-none-eabi/lib/thumb/v7e-m/fpv4-sp/hard/libc.a(lib_a-mprec.o)
                0x0000000008009124                __lo0bits
 .text.__i2b    0x0000000008009184       0x14 /Users/rad/.p2/pool/plugins/fr.ac6.mcu.externaltools.arm-none.macos64_1.16.0.201807130628/tools/compiler/bin/../lib/gcc/arm-none-eabi/7.2.1/../../../../arm-none-eabi/lib/thumb/v7e-m/fpv4-sp/hard/libc.a(lib_a-mprec.o)
                0x0000000008009184                __i2b
 .text.__multiply
                0x0000000008009198      0x14c /Users/rad/.p2/pool/plugins/fr.ac6.mcu.externaltools.arm-none.macos64_1.16.0.201807130628/tools/compiler/bin/../lib/gcc/arm-none-eabi/7.2.1/../../../../arm-none-eabi/lib/thumb/v7e-m/fpv4-sp/hard/libc.a(lib_a-mprec.o)
                0x0000000008009198                __multiply
 .text.__pow5mult
                0x00000000080092e4       0xa0 /Users/rad/.p2/pool/plugins/fr.ac6.mcu.externaltools.arm-none.macos64_1.16.0.201807130628/tools/compiler/bin/../lib/gcc/arm-none-eabi/7.2.1/../../../../arm-none-eabi/lib/thumb/v7e-m/fpv4-sp/hard/libc.a(lib_a-mprec.o)
                0x00000000080092e4                __pow5mult
 .text.__lshift
                0x0000000008009384       0xac /Users/rad/.p2/pool/plugins/fr.ac6.mcu.externaltools.arm-none.macos64_1.16.0.201807130628/tools/compiler/bin/../lib/gcc/arm-none-eabi/7.2.1/../../../../arm-none-eabi/lib/thumb/v7e-m/fpv4-sp/hard/libc.a(lib_a-mprec.o)
                0x0000000008009384                __lshift
 .text.__mcmp   0x0000000008009430       0x38 /Users/rad/.p2/pool/plugins/fr.ac6.mcu.externaltools.arm-none.macos64_1.16.0.201807130628/tools/compiler/bin/../lib/gcc/arm-none-eabi/7.2.1/../../../../arm-none-eabi/lib/thumb/v7e-m/fpv4-sp/hard/libc.a(lib_a-mprec.o)
                0x0000000008009430                __mcmp
 .text.__mdiff  0x0000000008009468       0xec /Users/rad/.p2/pool/plugins/fr.ac6.mcu.externaltools.arm-none.macos64_1.16.0.201807130628/tools/compiler/bin/../lib/gcc/arm-none-eabi/7.2.1/../../../../arm-none-eabi/lib/thumb/v7e-m/fpv4-sp/hard/libc.a(lib_a-mprec.o)
                0x0000000008009468                __mdiff
 .text.__d2b    0x0000000008009554       0xc4 /Users/rad/.p2/pool/plugins/fr.ac6.mcu.externaltools.arm-none.macos64_1.16.0.201807130628/tools/compiler/bin/../lib/gcc/arm-none-eabi/7.2.1/../../../../arm-none-eabi/lib/thumb/v7e-m/fpv4-sp/hard/libc.a(lib_a-mprec.o)
                0x0000000008009554                __d2b
 .text._sbrk_r  0x0000000008009618       0x24 /Users/rad/.p2/pool/plugins/fr.ac6.mcu.externaltools.arm-none.macos64_1.16.0.201807130628/tools/compiler/bin/../lib/gcc/arm-none-eabi/7.2.1/../../../../arm-none-eabi/lib/thumb/v7e-m/fpv4-sp/hard/libc.a(lib_a-sbrkr.o)
                0x0000000008009618                _sbrk_r
 .text.__sread  0x000000000800963c       0x24 /Users/rad/.p2/pool/plugins/fr.ac6.mcu.externaltools.arm-none.macos64_1.16.0.201807130628/tools/compiler/bin/../lib/gcc/arm-none-eabi/7.2.1/../../../../arm-none-eabi/lib/thumb/v7e-m/fpv4-sp/hard/libc.a(lib_a-stdio.o)
                0x000000000800963c                __sread
 .text.__swrite
                0x0000000008009660       0x3c /Users/rad/.p2/pool/plugins/fr.ac6.mcu.externaltools.arm-none.macos64_1.16.0.201807130628/tools/compiler/bin/../lib/gcc/arm-none-eabi/7.2.1/../../../../arm-none-eabi/lib/thumb/v7e-m/fpv4-sp/hard/libc.a(lib_a-stdio.o)
                0x0000000008009660                __swrite
 .text.__sseek  0x000000000800969c       0x20 /Users/rad/.p2/pool/plugins/fr.ac6.mcu.externaltools.arm-none.macos64_1.16.0.201807130628/tools/compiler/bin/../lib/gcc/arm-none-eabi/7.2.1/../../../../arm-none-eabi/lib/thumb/v7e-m/fpv4-sp/hard/libc.a(lib_a-stdio.o)
                0x000000000800969c                __sseek
 .text.__sclose
                0x00000000080096bc        0x8 /Users/rad/.p2/pool/plugins/fr.ac6.mcu.externaltools.arm-none.macos64_1.16.0.201807130628/tools/compiler/bin/../lib/gcc/arm-none-eabi/7.2.1/../../../../arm-none-eabi/lib/thumb/v7e-m/fpv4-sp/hard/libc.a(lib_a-stdio.o)
                0x00000000080096bc                __sclose
 .text.__sprint_r.part.0
                0x00000000080096c4       0x78 /Users/rad/.p2/pool/plugins/fr.ac6.mcu.externaltools.arm-none.macos64_1.16.0.201807130628/tools/compiler/bin/../lib/gcc/arm-none-eabi/7.2.1/../../../../arm-none-eabi/lib/thumb/v7e-m/fpv4-sp/hard/libc.a(lib_a-vfiprintf.o)
 .text.__sprint_r
                0x000000000800973c       0x14 /Users/rad/.p2/pool/plugins/fr.ac6.mcu.externaltools.arm-none.macos64_1.16.0.201807130628/tools/compiler/bin/../lib/gcc/arm-none-eabi/7.2.1/../../../../arm-none-eabi/lib/thumb/v7e-m/fpv4-sp/hard/libc.a(lib_a-vfiprintf.o)
                0x000000000800973c                __sprint_r
 .text._write_r
                0x0000000008009750       0x2c /Users/rad/.p2/pool/plugins/fr.ac6.mcu.externaltools.arm-none.macos64_1.16.0.201807130628/tools/compiler/bin/../lib/gcc/arm-none-eabi/7.2.1/../../../../arm-none-eabi/lib/thumb/v7e-m/fpv4-sp/hard/libc.a(lib_a-writer.o)
                0x0000000008009750                _write_r
 .text._calloc_r
                0x000000000800977c       0x68 /Users/rad/.p2/pool/plugins/fr.ac6.mcu.externaltools.arm-none.macos64_1.16.0.201807130628/tools/compiler/bin/../lib/gcc/arm-none-eabi/7.2.1/../../../../arm-none-eabi/lib/thumb/v7e-m/fpv4-sp/hard/libc.a(lib_a-callocr.o)
                0x000000000800977c                _calloc_r
 .text._close_r
                0x00000000080097e4       0x24 /Users/rad/.p2/pool/plugins/fr.ac6.mcu.externaltools.arm-none.macos64_1.16.0.201807130628/tools/compiler/bin/../lib/gcc/arm-none-eabi/7.2.1/../../../../arm-none-eabi/lib/thumb/v7e-m/fpv4-sp/hard/libc.a(lib_a-closer.o)
                0x00000000080097e4                _close_r
 .text._fclose_r
                0x0000000008009808       0xd0 /Users/rad/.p2/pool/plugins/fr.ac6.mcu.externaltools.arm-none.macos64_1.16.0.201807130628/tools/compiler/bin/../lib/gcc/arm-none-eabi/7.2.1/../../../../arm-none-eabi/lib/thumb/v7e-m/fpv4-sp/hard/libc.a(lib_a-fclose.o)
                0x0000000008009808                _fclose_r
 .text.__fputwc
                0x00000000080098d8       0xa0 /Users/rad/.p2/pool/plugins/fr.ac6.mcu.externaltools.arm-none.macos64_1.16.0.201807130628/tools/compiler/bin/../lib/gcc/arm-none-eabi/7.2.1/../../../../arm-none-eabi/lib/thumb/v7e-m/fpv4-sp/hard/libc.a(lib_a-fputwc.o)
                0x00000000080098d8                __fputwc
 .text._fputwc_r
                0x0000000008009978       0x64 /Users/rad/.p2/pool/plugins/fr.ac6.mcu.externaltools.arm-none.macos64_1.16.0.201807130628/tools/compiler/bin/../lib/gcc/arm-none-eabi/7.2.1/../../../../arm-none-eabi/lib/thumb/v7e-m/fpv4-sp/hard/libc.a(lib_a-fputwc.o)
                0x0000000008009978                _fputwc_r
 .text._fstat_r
                0x00000000080099dc       0x28 /Users/rad/.p2/pool/plugins/fr.ac6.mcu.externaltools.arm-none.macos64_1.16.0.201807130628/tools/compiler/bin/../lib/gcc/arm-none-eabi/7.2.1/../../../../arm-none-eabi/lib/thumb/v7e-m/fpv4-sp/hard/libc.a(lib_a-fstatr.o)
                0x00000000080099dc                _fstat_r
 .text.__sfvwrite_r
                0x0000000008009a04      0x2fc /Users/rad/.p2/pool/plugins/fr.ac6.mcu.externaltools.arm-none.macos64_1.16.0.201807130628/tools/compiler/bin/../lib/gcc/arm-none-eabi/7.2.1/../../../../arm-none-eabi/lib/thumb/v7e-m/fpv4-sp/hard/libc.a(lib_a-fvwrite.o)
                0x0000000008009a04                __sfvwrite_r
 .text._isatty_r
                0x0000000008009d00       0x24 /Users/rad/.p2/pool/plugins/fr.ac6.mcu.externaltools.arm-none.macos64_1.16.0.201807130628/tools/compiler/bin/../lib/gcc/arm-none-eabi/7.2.1/../../../../arm-none-eabi/lib/thumb/v7e-m/fpv4-sp/hard/libc.a(lib_a-isattyr.o)
                0x0000000008009d00                _isatty_r
 .text.__locale_mb_cur_max
                0x0000000008009d24       0x1c /Users/rad/.p2/pool/plugins/fr.ac6.mcu.externaltools.arm-none.macos64_1.16.0.201807130628/tools/compiler/bin/../lib/gcc/arm-none-eabi/7.2.1/../../../../arm-none-eabi/lib/thumb/v7e-m/fpv4-sp/hard/libc.a(lib_a-locale.o)
                0x0000000008009d24                __locale_mb_cur_max
 .text._lseek_r
                0x0000000008009d40       0x2c /Users/rad/.p2/pool/plugins/fr.ac6.mcu.externaltools.arm-none.macos64_1.16.0.201807130628/tools/compiler/bin/../lib/gcc/arm-none-eabi/7.2.1/../../../../arm-none-eabi/lib/thumb/v7e-m/fpv4-sp/hard/libc.a(lib_a-lseekr.o)
                0x0000000008009d40                _lseek_r
 .text.__ascii_mbtowc
                0x0000000008009d6c       0x2c /Users/rad/.p2/pool/plugins/fr.ac6.mcu.externaltools.arm-none.macos64_1.16.0.201807130628/tools/compiler/bin/../lib/gcc/arm-none-eabi/7.2.1/../../../../arm-none-eabi/lib/thumb/v7e-m/fpv4-sp/hard/libc.a(lib_a-mbtowc_r.o)
                0x0000000008009d6c                __ascii_mbtowc
 .text.memmove  0x0000000008009d98       0xc8 /Users/rad/.p2/pool/plugins/fr.ac6.mcu.externaltools.arm-none.macos64_1.16.0.201807130628/tools/compiler/bin/../lib/gcc/arm-none-eabi/7.2.1/../../../../arm-none-eabi/lib/thumb/v7e-m/fpv4-sp/hard/libc.a(lib_a-memmove.o)
                0x0000000008009d98                memmove
 .text._read_r  0x0000000008009e60       0x2c /Users/rad/.p2/pool/plugins/fr.ac6.mcu.externaltools.arm-none.macos64_1.16.0.201807130628/tools/compiler/bin/../lib/gcc/arm-none-eabi/7.2.1/../../../../arm-none-eabi/lib/thumb/v7e-m/fpv4-sp/hard/libc.a(lib_a-readr.o)
                0x0000000008009e60                _read_r
 .text._realloc_r
                0x0000000008009e8c      0x35c /Users/rad/.p2/pool/plugins/fr.ac6.mcu.externaltools.arm-none.macos64_1.16.0.201807130628/tools/compiler/bin/../lib/gcc/arm-none-eabi/7.2.1/../../../../arm-none-eabi/lib/thumb/v7e-m/fpv4-sp/hard/libc.a(lib_a-reallocr.o)
                0x0000000008009e8c                _realloc_r
 .text.__swbuf_r
                0x000000000800a1e8       0xb0 /Users/rad/.p2/pool/plugins/fr.ac6.mcu.externaltools.arm-none.macos64_1.16.0.201807130628/tools/compiler/bin/../lib/gcc/arm-none-eabi/7.2.1/../../../../arm-none-eabi/lib/thumb/v7e-m/fpv4-sp/hard/libc.a(lib_a-wbuf.o)
                0x000000000800a1e8                __swbuf_r
 .text._wcrtomb_r
                0x000000000800a298       0x50 /Users/rad/.p2/pool/plugins/fr.ac6.mcu.externaltools.arm-none.macos64_1.16.0.201807130628/tools/compiler/bin/../lib/gcc/arm-none-eabi/7.2.1/../../../../arm-none-eabi/lib/thumb/v7e-m/fpv4-sp/hard/libc.a(lib_a-wcrtomb.o)
                0x000000000800a298                _wcrtomb_r
 .text.__ascii_wctomb
                0x000000000800a2e8       0x1c /Users/rad/.p2/pool/plugins/fr.ac6.mcu.externaltools.arm-none.macos64_1.16.0.201807130628/tools/compiler/bin/../lib/gcc/arm-none-eabi/7.2.1/../../../../arm-none-eabi/lib/thumb/v7e-m/fpv4-sp/hard/libc.a(lib_a-wctomb_r.o)
                0x000000000800a2e8                __ascii_wctomb
 *(.glue_7)
 .glue_7        0x000000000800a304        0x0 linker stubs
 *(.glue_7t)
 .glue_7t       0x000000000800a304        0x0 linker stubs
 *(.eh_frame)
 .eh_frame      0x000000000800a304        0x0 /Users/rad/.p2/pool/plugins/fr.ac6.mcu.externaltools.arm-none.macos64_1.16.0.201807130628/tools/compiler/bin/../lib/gcc/arm-none-eabi/7.2.1/thumb/v7e-m/fpv4-sp/hard/crtbegin.o
 *(.init)
 .init          0x000000000800a304        0x4 /Users/rad/.p2/pool/plugins/fr.ac6.mcu.externaltools.arm-none.macos64_1.16.0.201807130628/tools/compiler/bin/../lib/gcc/arm-none-eabi/7.2.1/thumb/v7e-m/fpv4-sp/hard/crti.o
                0x000000000800a304                _init
 .init          0x000000000800a308        0x8 /Users/rad/.p2/pool/plugins/fr.ac6.mcu.externaltools.arm-none.macos64_1.16.0.201807130628/tools/compiler/bin/../lib/gcc/arm-none-eabi/7.2.1/thumb/v7e-m/fpv4-sp/hard/crtn.o
 *(.fini)
 .fini          0x000000000800a310        0x4 /Users/rad/.p2/pool/plugins/fr.ac6.mcu.externaltools.arm-none.macos64_1.16.0.201807130628/tools/compiler/bin/../lib/gcc/arm-none-eabi/7.2.1/thumb/v7e-m/fpv4-sp/hard/crti.o
                0x000000000800a310                _fini
 .fini          0x000000000800a314        0x8 /Users/rad/.p2/pool/plugins/fr.ac6.mcu.externaltools.arm-none.macos64_1.16.0.201807130628/tools/compiler/bin/../lib/gcc/arm-none-eabi/7.2.1/thumb/v7e-m/fpv4-sp/hard/crtn.o
                0x000000000800a31c                . = ALIGN (0x4)
                0x000000000800a31c                _etext = .

.vfp11_veneer   0x000000000800a31c        0x0
 .vfp11_veneer  0x000000000800a31c        0x0 linker stubs

.v4_bx          0x000000000800a31c        0x0
 .v4_bx         0x000000000800a31c        0x0 linker stubs

.iplt           0x000000000800a31c        0x0
 .iplt          0x000000000800a31c        0x0 /Users/rad/.p2/pool/plugins/fr.ac6.mcu.externaltools.arm-none.macos64_1.16.0.201807130628/tools/compiler/bin/../lib/gcc/arm-none-eabi/7.2.1/thumb/v7e-m/fpv4-sp/hard/crtbegin.o

.rodata         0x000000000800a320     0x8b20
                0x000000000800a320                . = ALIGN (0x4)
 *(.rodata)
 .rodata        0x000000000800a320       0x54 Src/board.o
                0x000000000800a320                firCoeffs32
 .rodata        0x000000000800a374       0x18 Src/system_stm32f4xx.o
                0x000000000800a374                AHBPrescTable
                0x000000000800a384                APBPrescTable
 *(.rodata*)
 .rodata.str1.4
                0x000000000800a38c       0x1d Src/main.o
 *fill*         0x000000000800a3a9        0x3 
 .rodata.armBitRevTable
                0x000000000800a3ac      0x800 /Users/rad/Dropbox/Research/sensing_board/CMSIS/Lib/GCC/libarm_cortexM4lf_math.a(arm_common_tables.o)
                0x000000000800a3ac                armBitRevTable
 .rodata.twiddleCoef_4096
                0x000000000800abac     0x8000 /Users/rad/Dropbox/Research/sensing_board/CMSIS/Lib/GCC/libarm_cortexM4lf_math.a(arm_common_tables.o)
                0x000000000800abac                twiddleCoef_4096
 .rodata.sqrtf.str1.4
                0x0000000008012bac        0x6 /Users/rad/.p2/pool/plugins/fr.ac6.mcu.externaltools.arm-none.macos64_1.16.0.201807130628/tools/compiler/bin/../lib/gcc/arm-none-eabi/7.2.1/../../../../arm-none-eabi/lib/thumb/v7e-m/fpv4-sp/hard/libm.a(lib_a-wf_sqrt.o)
 *fill*         0x0000000008012bb2        0x2 
 .rodata._global_impure_ptr
                0x0000000008012bb4        0x4 /Users/rad/.p2/pool/plugins/fr.ac6.mcu.externaltools.arm-none.macos64_1.16.0.201807130628/tools/compiler/bin/../lib/gcc/arm-none-eabi/7.2.1/../../../../arm-none-eabi/lib/thumb/v7e-m/fpv4-sp/hard/libc.a(lib_a-impure.o)
                0x0000000008012bb4                _global_impure_ptr
 .rodata._vfprintf_r.str1.4
                0x0000000008012bb8       0x42 /Users/rad/.p2/pool/plugins/fr.ac6.mcu.externaltools.arm-none.macos64_1.16.0.201807130628/tools/compiler/bin/../lib/gcc/arm-none-eabi/7.2.1/../../../../arm-none-eabi/lib/thumb/v7e-m/fpv4-sp/hard/libc.a(lib_a-vfprintf.o)
 *fill*         0x0000000008012bfa        0x2 
 .rodata.blanks.8566
                0x0000000008012bfc       0x10 /Users/rad/.p2/pool/plugins/fr.ac6.mcu.externaltools.arm-none.macos64_1.16.0.201807130628/tools/compiler/bin/../lib/gcc/arm-none-eabi/7.2.1/../../../../arm-none-eabi/lib/thumb/v7e-m/fpv4-sp/hard/libc.a(lib_a-vfprintf.o)
 .rodata.zeroes.8567
                0x0000000008012c0c       0x10 /Users/rad/.p2/pool/plugins/fr.ac6.mcu.externaltools.arm-none.macos64_1.16.0.201807130628/tools/compiler/bin/../lib/gcc/arm-none-eabi/7.2.1/../../../../arm-none-eabi/lib/thumb/v7e-m/fpv4-sp/hard/libc.a(lib_a-vfprintf.o)
 .rodata._dtoa_r.str1.4
                0x0000000008012c1c       0x10 /Users/rad/.p2/pool/plugins/fr.ac6.mcu.externaltools.arm-none.macos64_1.16.0.201807130628/tools/compiler/bin/../lib/gcc/arm-none-eabi/7.2.1/../../../../arm-none-eabi/lib/thumb/v7e-m/fpv4-sp/hard/libc.a(lib_a-dtoa.o)
                                         0x12 (size before relaxing)
 *fill*         0x0000000008012c2c        0x4 
 .rodata.__mprec_bigtens
                0x0000000008012c30       0x28 /Users/rad/.p2/pool/plugins/fr.ac6.mcu.externaltools.arm-none.macos64_1.16.0.201807130628/tools/compiler/bin/../lib/gcc/arm-none-eabi/7.2.1/../../../../arm-none-eabi/lib/thumb/v7e-m/fpv4-sp/hard/libc.a(lib_a-mprec.o)
                0x0000000008012c30                __mprec_bigtens
 .rodata.__mprec_tens
                0x0000000008012c58       0xc8 /Users/rad/.p2/pool/plugins/fr.ac6.mcu.externaltools.arm-none.macos64_1.16.0.201807130628/tools/compiler/bin/../lib/gcc/arm-none-eabi/7.2.1/../../../../arm-none-eabi/lib/thumb/v7e-m/fpv4-sp/hard/libc.a(lib_a-mprec.o)
                0x0000000008012c58                __mprec_tens
 .rodata.p05.7367
                0x0000000008012d20        0xc /Users/rad/.p2/pool/plugins/fr.ac6.mcu.externaltools.arm-none.macos64_1.16.0.201807130628/tools/compiler/bin/../lib/gcc/arm-none-eabi/7.2.1/../../../../arm-none-eabi/lib/thumb/v7e-m/fpv4-sp/hard/libc.a(lib_a-mprec.o)
 .rodata._setlocale_r.str1.4
                0x0000000008012d2c        0xa /Users/rad/.p2/pool/plugins/fr.ac6.mcu.externaltools.arm-none.macos64_1.16.0.201807130628/tools/compiler/bin/../lib/gcc/arm-none-eabi/7.2.1/../../../../arm-none-eabi/lib/thumb/v7e-m/fpv4-sp/hard/libc.a(lib_a-locale.o)
                                          0xd (size before relaxing)
 *fill*         0x0000000008012d36        0x2 
 .rodata.str1.4
                0x0000000008012d38        0x4 /Users/rad/.p2/pool/plugins/fr.ac6.mcu.externaltools.arm-none.macos64_1.16.0.201807130628/tools/compiler/bin/../lib/gcc/arm-none-eabi/7.2.1/../../../../arm-none-eabi/lib/thumb/v7e-m/fpv4-sp/hard/libc.a(lib_a-locale.o)
                                          0x2 (size before relaxing)
 .rodata._ctype_
                0x0000000008012d3c      0x101 /Users/rad/.p2/pool/plugins/fr.ac6.mcu.externaltools.arm-none.macos64_1.16.0.201807130628/tools/compiler/bin/../lib/gcc/arm-none-eabi/7.2.1/../../../../arm-none-eabi/lib/thumb/v7e-m/fpv4-sp/hard/libc.a(lib_a-ctype_.o)
                0x0000000008012d3c                _ctype_
                0x0000000008012e40                . = ALIGN (0x4)
 *fill*         0x0000000008012e3d        0x3 

.ARM.extab
 *(.ARM.extab* .gnu.linkonce.armextab.*)

.ARM            0x0000000008012e40        0x8
                0x0000000008012e40                __exidx_start = .
 *(.ARM.exidx*)
 .ARM.exidx     0x0000000008012e40        0x8 /Users/rad/.p2/pool/plugins/fr.ac6.mcu.externaltools.arm-none.macos64_1.16.0.201807130628/tools/compiler/bin/../lib/gcc/arm-none-eabi/7.2.1/thumb/v7e-m/fpv4-sp/hard/libgcc.a(_udivmoddi4.o)
                0x0000000008012e48                __exidx_end = .

.rel.dyn        0x0000000008012e48        0x0
 .rel.iplt      0x0000000008012e48        0x0 /Users/rad/.p2/pool/plugins/fr.ac6.mcu.externaltools.arm-none.macos64_1.16.0.201807130628/tools/compiler/bin/../lib/gcc/arm-none-eabi/7.2.1/thumb/v7e-m/fpv4-sp/hard/crtbegin.o

.preinit_array  0x0000000008012e48        0x0
                0x0000000008012e48                PROVIDE (__preinit_array_start, .)
 *(.preinit_array*)
                0x0000000008012e48                PROVIDE (__preinit_array_end, .)

.init_array     0x0000000008012e48        0x8
                0x0000000008012e48                PROVIDE (__init_array_start, .)
 *(SORT_BY_NAME(.init_array.*))
 .init_array.00000
                0x0000000008012e48        0x4 /Users/rad/.p2/pool/plugins/fr.ac6.mcu.externaltools.arm-none.macos64_1.16.0.201807130628/tools/compiler/bin/../lib/gcc/arm-none-eabi/7.2.1/../../../../arm-none-eabi/lib/thumb/v7e-m/fpv4-sp/hard/libc.a(lib_a-__call_atexit.o)
 *(.init_array*)
 .init_array    0x0000000008012e4c        0x4 /Users/rad/.p2/pool/plugins/fr.ac6.mcu.externaltools.arm-none.macos64_1.16.0.201807130628/tools/compiler/bin/../lib/gcc/arm-none-eabi/7.2.1/thumb/v7e-m/fpv4-sp/hard/crtbegin.o
                0x0000000008012e50                PROVIDE (__init_array_end, .)

.fini_array     0x0000000008012e50        0x4
                0x0000000008012e50                PROVIDE (__fini_array_start, .)
 *(SORT_BY_NAME(.fini_array.*))
 *(.fini_array*)
 .fini_array    0x0000000008012e50        0x4 /Users/rad/.p2/pool/plugins/fr.ac6.mcu.externaltools.arm-none.macos64_1.16.0.201807130628/tools/compiler/bin/../lib/gcc/arm-none-eabi/7.2.1/thumb/v7e-m/fpv4-sp/hard/crtbegin.o
                0x0000000008012e54                PROVIDE (__fini_array_end, .)
                0x0000000008012e54                _sidata = LOADADDR (.data)

.data           0x0000000020000000      0x9c8 load address 0x0000000008012e54
                0x0000000020000000                . = ALIGN (0x4)
                0x0000000020000000                _sdata = .
 *(.data)
 .data          0x0000000020000000        0x8 Drivers/STM32F4xx_HAL_Driver/Src/stm32f4xx_hal.o
                0x0000000020000000                uwTickFreq
                0x0000000020000004                uwTickPrio
 .data          0x0000000020000008        0x8 Src/board.o
                0x0000000020000008                blockSize
                0x000000002000000c                numBlocks
 .data          0x0000000020000010        0x4 Src/system_stm32f4xx.o
                0x0000000020000010                SystemCoreClock
 *(.data*)
 .data.__fdlib_version
                0x0000000020000014        0x1 /Users/rad/.p2/pool/plugins/fr.ac6.mcu.externaltools.arm-none.macos64_1.16.0.201807130628/tools/compiler/bin/../lib/gcc/arm-none-eabi/7.2.1/../../../../arm-none-eabi/lib/thumb/v7e-m/fpv4-sp/hard/libm.a(lib_a-s_lib_ver.o)
                0x0000000020000014                __fdlib_version
 *fill*         0x0000000020000015        0x3 
 .data._impure_ptr
                0x0000000020000018        0x4 /Users/rad/.p2/pool/plugins/fr.ac6.mcu.externaltools.arm-none.macos64_1.16.0.201807130628/tools/compiler/bin/../lib/gcc/arm-none-eabi/7.2.1/../../../../arm-none-eabi/lib/thumb/v7e-m/fpv4-sp/hard/libc.a(lib_a-impure.o)
                0x0000000020000018                _impure_ptr
 *fill*         0x000000002000001c        0x4 
 .data.impure_data
                0x0000000020000020      0x428 /Users/rad/.p2/pool/plugins/fr.ac6.mcu.externaltools.arm-none.macos64_1.16.0.201807130628/tools/compiler/bin/../lib/gcc/arm-none-eabi/7.2.1/../../../../arm-none-eabi/lib/thumb/v7e-m/fpv4-sp/hard/libc.a(lib_a-impure.o)
 .data.__atexit_recursive_mutex
                0x0000000020000448        0x4 /Users/rad/.p2/pool/plugins/fr.ac6.mcu.externaltools.arm-none.macos64_1.16.0.201807130628/tools/compiler/bin/../lib/gcc/arm-none-eabi/7.2.1/../../../../arm-none-eabi/lib/thumb/v7e-m/fpv4-sp/hard/libc.a(lib_a-__call_atexit.o)
                0x0000000020000448                __atexit_recursive_mutex
 .data.__malloc_av_
                0x000000002000044c      0x408 /Users/rad/.p2/pool/plugins/fr.ac6.mcu.externaltools.arm-none.macos64_1.16.0.201807130628/tools/compiler/bin/../lib/gcc/arm-none-eabi/7.2.1/../../../../arm-none-eabi/lib/thumb/v7e-m/fpv4-sp/hard/libc.a(lib_a-mallocr.o)
                0x000000002000044c                __malloc_av_
 .data.__malloc_sbrk_base
                0x0000000020000854        0x4 /Users/rad/.p2/pool/plugins/fr.ac6.mcu.externaltools.arm-none.macos64_1.16.0.201807130628/tools/compiler/bin/../lib/gcc/arm-none-eabi/7.2.1/../../../../arm-none-eabi/lib/thumb/v7e-m/fpv4-sp/hard/libc.a(lib_a-mallocr.o)
                0x0000000020000854                __malloc_sbrk_base
 .data.__malloc_trim_threshold
                0x0000000020000858        0x4 /Users/rad/.p2/pool/plugins/fr.ac6.mcu.externaltools.arm-none.macos64_1.16.0.201807130628/tools/compiler/bin/../lib/gcc/arm-none-eabi/7.2.1/../../../../arm-none-eabi/lib/thumb/v7e-m/fpv4-sp/hard/libc.a(lib_a-mallocr.o)
                0x0000000020000858                __malloc_trim_threshold
 .data.__global_locale
                0x000000002000085c      0x16c /Users/rad/.p2/pool/plugins/fr.ac6.mcu.externaltools.arm-none.macos64_1.16.0.201807130628/tools/compiler/bin/../lib/gcc/arm-none-eabi/7.2.1/../../../../arm-none-eabi/lib/thumb/v7e-m/fpv4-sp/hard/libc.a(lib_a-locale.o)
                0x000000002000085c                __global_locale
                0x00000000200009c8                . = ALIGN (0x4)
                0x00000000200009c8                _edata = .

.igot.plt       0x00000000200009c8        0x0 load address 0x000000000801381c
 .igot.plt      0x00000000200009c8        0x0 /Users/rad/.p2/pool/plugins/fr.ac6.mcu.externaltools.arm-none.macos64_1.16.0.201807130628/tools/compiler/bin/../lib/gcc/arm-none-eabi/7.2.1/thumb/v7e-m/fpv4-sp/hard/crtbegin.o
                0x00000000200009c8                . = ALIGN (0x4)

.bss            0x00000000200009c8     0x587c load address 0x000000000801381c
                0x00000000200009c8                _sbss = .
                0x00000000200009c8                __bss_start__ = _sbss
 *(.bss)
 .bss           0x00000000200009c8       0x1c /Users/rad/.p2/pool/plugins/fr.ac6.mcu.externaltools.arm-none.macos64_1.16.0.201807130628/tools/compiler/bin/../lib/gcc/arm-none-eabi/7.2.1/thumb/v7e-m/fpv4-sp/hard/crtbegin.o
 .bss           0x00000000200009e4       0xd4 Src/board.o
 .bss           0x0000000020000ab8        0x6 Src/main.o
                0x0000000020000ab8                measureMode
                0x0000000020000ab9                flags
                0x0000000020000aba                sample
                0x0000000020000abc                crc
 *fill*         0x0000000020000abe        0x2 
 .bss           0x0000000020000ac0        0x4 Src/sx1272.o
 .bss           0x0000000020000ac4        0x8 Src/syscalls.o
                0x0000000020000ac8                __env
 *(.bss*)
 .bss.__malloc_current_mallinfo
                0x0000000020000acc       0x28 /Users/rad/.p2/pool/plugins/fr.ac6.mcu.externaltools.arm-none.macos64_1.16.0.201807130628/tools/compiler/bin/../lib/gcc/arm-none-eabi/7.2.1/../../../../arm-none-eabi/lib/thumb/v7e-m/fpv4-sp/hard/libc.a(lib_a-mallocr.o)
                0x0000000020000acc                __malloc_current_mallinfo
 .bss.__malloc_max_sbrked_mem
                0x0000000020000af4        0x4 /Users/rad/.p2/pool/plugins/fr.ac6.mcu.externaltools.arm-none.macos64_1.16.0.201807130628/tools/compiler/bin/../lib/gcc/arm-none-eabi/7.2.1/../../../../arm-none-eabi/lib/thumb/v7e-m/fpv4-sp/hard/libc.a(lib_a-mallocr.o)
                0x0000000020000af4                __malloc_max_sbrked_mem
 .bss.__malloc_max_total_mem
                0x0000000020000af8        0x4 /Users/rad/.p2/pool/plugins/fr.ac6.mcu.externaltools.arm-none.macos64_1.16.0.201807130628/tools/compiler/bin/../lib/gcc/arm-none-eabi/7.2.1/../../../../arm-none-eabi/lib/thumb/v7e-m/fpv4-sp/hard/libc.a(lib_a-mallocr.o)
                0x0000000020000af8                __malloc_max_total_mem
 .bss.__malloc_top_pad
                0x0000000020000afc        0x4 /Users/rad/.p2/pool/plugins/fr.ac6.mcu.externaltools.arm-none.macos64_1.16.0.201807130628/tools/compiler/bin/../lib/gcc/arm-none-eabi/7.2.1/../../../../arm-none-eabi/lib/thumb/v7e-m/fpv4-sp/hard/libc.a(lib_a-mallocr.o)
                0x0000000020000afc                __malloc_top_pad
 *(COMMON)
 COMMON         0x0000000020000b00        0x4 Drivers/STM32F4xx_HAL_Driver/Src/stm32f4xx_hal.o
                0x0000000020000b00                uwTick
 COMMON         0x0000000020000b04     0x5530 Src/board.o
                0x0000000020000b04                filtOutput
                0x0000000020001b04                adcBuffer
                0x0000000020001f04                UartHandle
                0x0000000020001f44                vibrationOutput
                0x0000000020001fb0                filtInput
                0x0000000020002fb0                fftInput
                0x0000000020004fb0                AdcHandle
                0x0000000020004ff8                TimHandle
                0x0000000020005034                fftOutput
 COMMON         0x0000000020006034      0x1e8 Src/main.o
                0x0000000020006034                payload0
                0x0000000020006054                hi2c1
                0x00000000200060a8                node
                0x00000000200060b0                hadc1
                0x00000000200060f8                payload
                0x0000000020006164                hspi1
                0x00000000200061bc                htim2
                0x00000000200061f8                tempOutput
                0x00000000200061fc                config
 COMMON         0x000000002000621c       0x21 /Users/rad/.p2/pool/plugins/fr.ac6.mcu.externaltools.arm-none.macos64_1.16.0.201807130628/tools/compiler/bin/../lib/gcc/arm-none-eabi/7.2.1/../../../../arm-none-eabi/lib/thumb/v7e-m/fpv4-sp/hard/libc.a(lib_a-lock.o)
                0x000000002000621c                __lock___atexit_recursive_mutex
                0x0000000020006220                __lock___arc4random_mutex
                0x0000000020006224                __lock___env_recursive_mutex
                0x0000000020006228                __lock___sinit_recursive_mutex
                0x000000002000622c                __lock___malloc_recursive_mutex
                0x0000000020006230                __lock___at_quick_exit_mutex
                0x0000000020006234                __lock___dd_hash_mutex
                0x0000000020006238                __lock___tz_mutex
                0x000000002000623c                __lock___sfp_recursive_mutex
 *fill*         0x000000002000623d        0x3 
 COMMON         0x0000000020006240        0x4 /Users/rad/.p2/pool/plugins/fr.ac6.mcu.externaltools.arm-none.macos64_1.16.0.201807130628/tools/compiler/bin/../lib/gcc/arm-none-eabi/7.2.1/../../../../arm-none-eabi/lib/thumb/v7e-m/fpv4-sp/hard/libc.a(lib_a-reent.o)
                0x0000000020006240                errno
                0x0000000020006244                . = ALIGN (0x4)
                0x0000000020006244                _ebss = .
                0x0000000020006244                __bss_end__ = _ebss

._user_heap_stack
                0x0000000020006244      0x604 load address 0x000000000801381c
                0x0000000020006248                . = ALIGN (0x8)
 *fill*         0x0000000020006244        0x4 
                0x0000000020006248                PROVIDE (end, .)
                [!provide]                        PROVIDE (_end, .)
                0x0000000020006448                . = (. + _Min_Heap_Size)
 *fill*         0x0000000020006248      0x200 
                0x0000000020006848                . = (. + _Min_Stack_Size)
 *fill*         0x0000000020006448      0x400 
                0x0000000020006848                . = ALIGN (0x8)

/DISCARD/
 libc.a(*)
 libm.a(*)
 libgcc.a(*)

.ARM.attributes
                0x0000000000000000       0x30
 *(.ARM.attributes)
 .ARM.attributes
                0x0000000000000000       0x22 /Users/rad/.p2/pool/plugins/fr.ac6.mcu.externaltools.arm-none.macos64_1.16.0.201807130628/tools/compiler/bin/../lib/gcc/arm-none-eabi/7.2.1/thumb/v7e-m/fpv4-sp/hard/crti.o
 .ARM.attributes
                0x0000000000000022       0x34 /Users/rad/.p2/pool/plugins/fr.ac6.mcu.externaltools.arm-none.macos64_1.16.0.201807130628/tools/compiler/bin/../lib/gcc/arm-none-eabi/7.2.1/thumb/v7e-m/fpv4-sp/hard/crtbegin.o
 .ARM.attributes
                0x0000000000000056       0x39 Drivers/STM32F4xx_HAL_Driver/Src/stm32f4xx_hal.o
 .ARM.attributes
                0x000000000000008f       0x39 Drivers/STM32F4xx_HAL_Driver/Src/stm32f4xx_hal_adc.o
 .ARM.attributes
                0x00000000000000c8       0x39 Drivers/STM32F4xx_HAL_Driver/Src/stm32f4xx_hal_cortex.o
 .ARM.attributes
                0x0000000000000101       0x39 Drivers/STM32F4xx_HAL_Driver/Src/stm32f4xx_hal_gpio.o
 .ARM.attributes
                0x000000000000013a       0x39 Drivers/STM32F4xx_HAL_Driver/Src/stm32f4xx_hal_i2c.o
 .ARM.attributes
                0x0000000000000173       0x39 Drivers/STM32F4xx_HAL_Driver/Src/stm32f4xx_hal_rcc.o
 .ARM.attributes
                0x00000000000001ac       0x39 Drivers/STM32F4xx_HAL_Driver/Src/stm32f4xx_hal_rcc_ex.o
 .ARM.attributes
                0x00000000000001e5       0x39 Drivers/STM32F4xx_HAL_Driver/Src/stm32f4xx_hal_spi.o
 .ARM.attributes
                0x000000000000021e       0x39 Drivers/STM32F4xx_HAL_Driver/Src/stm32f4xx_hal_tim.o
 .ARM.attributes
                0x0000000000000257       0x39 Drivers/STM32F4xx_HAL_Driver/Src/stm32f4xx_hal_tim_ex.o
 .ARM.attributes
                0x0000000000000290       0x39 Drivers/STM32F4xx_HAL_Driver/Src/stm32f4xx_hal_uart.o
 .ARM.attributes
                0x00000000000002c9       0x39 Src/board.o
 .ARM.attributes
                0x0000000000000302       0x39 Src/main.o
 .ARM.attributes
                0x000000000000033b       0x39 Src/stm32f4xx_hal_msp.o
 .ARM.attributes
                0x0000000000000374       0x39 Src/stm32f4xx_it.o
 .ARM.attributes
                0x00000000000003ad       0x39 Src/sx1272.o
 .ARM.attributes
                0x00000000000003e6       0x39 Src/syscalls.o
 .ARM.attributes
                0x000000000000041f       0x39 Src/system_stm32f4xx.o
 .ARM.attributes
                0x0000000000000458       0x21 startup/startup_stm32f446xx.o
 .ARM.attributes
                0x0000000000000479       0x39 /Users/rad/Dropbox/Research/sensing_board/CMSIS/Lib/GCC/libarm_cortexM4lf_math.a(arm_max_f32.o)
 .ARM.attributes
                0x00000000000004b2       0x39 /Users/rad/Dropbox/Research/sensing_board/CMSIS/Lib/GCC/libarm_cortexM4lf_math.a(arm_cfft_radix4_init_f32.o)
 .ARM.attributes
                0x00000000000004eb       0x39 /Users/rad/Dropbox/Research/sensing_board/CMSIS/Lib/GCC/libarm_cortexM4lf_math.a(arm_cfft_radix4_f32.o)
 .ARM.attributes
                0x0000000000000524       0x39 /Users/rad/Dropbox/Research/sensing_board/CMSIS/Lib/GCC/libarm_cortexM4lf_math.a(arm_fir_init_f32.o)
 .ARM.attributes
                0x000000000000055d       0x39 /Users/rad/Dropbox/Research/sensing_board/CMSIS/Lib/GCC/libarm_cortexM4lf_math.a(arm_fir_f32.o)
 .ARM.attributes
                0x0000000000000596       0x39 /Users/rad/Dropbox/Research/sensing_board/CMSIS/Lib/GCC/libarm_cortexM4lf_math.a(arm_cmplx_mag_f32.o)
 .ARM.attributes
                0x00000000000005cf       0x39 /Users/rad/Dropbox/Research/sensing_board/CMSIS/Lib/GCC/libarm_cortexM4lf_math.a(arm_common_tables.o)
 .ARM.attributes
                0x0000000000000608       0x39 /Users/rad/Dropbox/Research/sensing_board/CMSIS/Lib/GCC/libarm_cortexM4lf_math.a(arm_bitreversal.o)
 .ARM.attributes
                0x0000000000000641       0x34 /Users/rad/.p2/pool/plugins/fr.ac6.mcu.externaltools.arm-none.macos64_1.16.0.201807130628/tools/compiler/bin/../lib/gcc/arm-none-eabi/7.2.1/../../../../arm-none-eabi/lib/thumb/v7e-m/fpv4-sp/hard/libm.a(lib_a-wf_sqrt.o)
 .ARM.attributes
                0x0000000000000675       0x34 /Users/rad/.p2/pool/plugins/fr.ac6.mcu.externaltools.arm-none.macos64_1.16.0.201807130628/tools/compiler/bin/../lib/gcc/arm-none-eabi/7.2.1/../../../../arm-none-eabi/lib/thumb/v7e-m/fpv4-sp/hard/libm.a(lib_a-ef_sqrt.o)
 .ARM.attributes
                0x00000000000006a9       0x34 /Users/rad/.p2/pool/plugins/fr.ac6.mcu.externaltools.arm-none.macos64_1.16.0.201807130628/tools/compiler/bin/../lib/gcc/arm-none-eabi/7.2.1/../../../../arm-none-eabi/lib/thumb/v7e-m/fpv4-sp/hard/libm.a(lib_a-s_lib_ver.o)
 .ARM.attributes
                0x00000000000006dd       0x34 /Users/rad/.p2/pool/plugins/fr.ac6.mcu.externaltools.arm-none.macos64_1.16.0.201807130628/tools/compiler/bin/../lib/gcc/arm-none-eabi/7.2.1/../../../../arm-none-eabi/lib/thumb/v7e-m/fpv4-sp/hard/libm.a(lib_a-s_matherr.o)
 .ARM.attributes
                0x0000000000000711       0x22 /Users/rad/.p2/pool/plugins/fr.ac6.mcu.externaltools.arm-none.macos64_1.16.0.201807130628/tools/compiler/bin/../lib/gcc/arm-none-eabi/7.2.1/thumb/v7e-m/fpv4-sp/hard/libgcc.a(_arm_addsubdf3.o)
 .ARM.attributes
                0x0000000000000733       0x22 /Users/rad/.p2/pool/plugins/fr.ac6.mcu.externaltools.arm-none.macos64_1.16.0.201807130628/tools/compiler/bin/../lib/gcc/arm-none-eabi/7.2.1/thumb/v7e-m/fpv4-sp/hard/libgcc.a(_arm_muldivdf3.o)
 .ARM.attributes
                0x0000000000000755       0x22 /Users/rad/.p2/pool/plugins/fr.ac6.mcu.externaltools.arm-none.macos64_1.16.0.201807130628/tools/compiler/bin/../lib/gcc/arm-none-eabi/7.2.1/thumb/v7e-m/fpv4-sp/hard/libgcc.a(_arm_truncdfsf2.o)
 .ARM.attributes
                0x0000000000000777       0x22 /Users/rad/.p2/pool/plugins/fr.ac6.mcu.externaltools.arm-none.macos64_1.16.0.201807130628/tools/compiler/bin/../lib/gcc/arm-none-eabi/7.2.1/thumb/v7e-m/fpv4-sp/hard/libgcc.a(_aeabi_uldivmod.o)
 .ARM.attributes
                0x0000000000000799       0x34 /Users/rad/.p2/pool/plugins/fr.ac6.mcu.externaltools.arm-none.macos64_1.16.0.201807130628/tools/compiler/bin/../lib/gcc/arm-none-eabi/7.2.1/thumb/v7e-m/fpv4-sp/hard/libgcc.a(_udivmoddi4.o)
 .ARM.attributes
                0x00000000000007cd       0x22 /Users/rad/.p2/pool/plugins/fr.ac6.mcu.externaltools.arm-none.macos64_1.16.0.201807130628/tools/compiler/bin/../lib/gcc/arm-none-eabi/7.2.1/thumb/v7e-m/fpv4-sp/hard/libgcc.a(_dvmd_tls.o)
 .ARM.attributes
                0x00000000000007ef       0x34 /Users/rad/.p2/pool/plugins/fr.ac6.mcu.externaltools.arm-none.macos64_1.16.0.201807130628/tools/compiler/bin/../lib/gcc/arm-none-eabi/7.2.1/../../../../arm-none-eabi/lib/thumb/v7e-m/fpv4-sp/hard/libc.a(lib_a-errno.o)
 .ARM.attributes
                0x0000000000000823       0x34 /Users/rad/.p2/pool/plugins/fr.ac6.mcu.externaltools.arm-none.macos64_1.16.0.201807130628/tools/compiler/bin/../lib/gcc/arm-none-eabi/7.2.1/../../../../arm-none-eabi/lib/thumb/v7e-m/fpv4-sp/hard/libc.a(lib_a-impure.o)
 .ARM.attributes
                0x0000000000000857       0x34 /Users/rad/.p2/pool/plugins/fr.ac6.mcu.externaltools.arm-none.macos64_1.16.0.201807130628/tools/compiler/bin/../lib/gcc/arm-none-eabi/7.2.1/../../../../arm-none-eabi/lib/thumb/v7e-m/fpv4-sp/hard/libc.a(lib_a-init.o)
 .ARM.attributes
                0x000000000000088b       0x34 /Users/rad/.p2/pool/plugins/fr.ac6.mcu.externaltools.arm-none.macos64_1.16.0.201807130628/tools/compiler/bin/../lib/gcc/arm-none-eabi/7.2.1/../../../../arm-none-eabi/lib/thumb/v7e-m/fpv4-sp/hard/libc.a(lib_a-memset.o)
 .ARM.attributes
                0x00000000000008bf       0x20 /Users/rad/.p2/pool/plugins/fr.ac6.mcu.externaltools.arm-none.macos64_1.16.0.201807130628/tools/compiler/bin/../lib/gcc/arm-none-eabi/7.2.1/../../../../arm-none-eabi/lib/thumb/v7e-m/fpv4-sp/hard/libc.a(lib_a-strlen.o)
 .ARM.attributes
                0x00000000000008df       0x34 /Users/rad/.p2/pool/plugins/fr.ac6.mcu.externaltools.arm-none.macos64_1.16.0.201807130628/tools/compiler/bin/../lib/gcc/arm-none-eabi/7.2.1/../../../../arm-none-eabi/lib/thumb/v7e-m/fpv4-sp/hard/libc.a(lib_a-vprintf.o)
 .ARM.attributes
                0x0000000000000913       0x34 /Users/rad/.p2/pool/plugins/fr.ac6.mcu.externaltools.arm-none.macos64_1.16.0.201807130628/tools/compiler/bin/../lib/gcc/arm-none-eabi/7.2.1/../../../../arm-none-eabi/lib/thumb/v7e-m/fpv4-sp/hard/libc.a(lib_a-__call_atexit.o)
 .ARM.attributes
                0x0000000000000947       0x34 /Users/rad/.p2/pool/plugins/fr.ac6.mcu.externaltools.arm-none.macos64_1.16.0.201807130628/tools/compiler/bin/../lib/gcc/arm-none-eabi/7.2.1/../../../../arm-none-eabi/lib/thumb/v7e-m/fpv4-sp/hard/libc.a(lib_a-atexit.o)
 .ARM.attributes
                0x000000000000097b       0x34 /Users/rad/.p2/pool/plugins/fr.ac6.mcu.externaltools.arm-none.macos64_1.16.0.201807130628/tools/compiler/bin/../lib/gcc/arm-none-eabi/7.2.1/../../../../arm-none-eabi/lib/thumb/v7e-m/fpv4-sp/hard/libc.a(lib_a-fini.o)